DEVICE name="QUALCOMM Adreno(TM) 829" iters=150 slots_per_type=32
POOL variant=1 blocks=64/64 :: max_mem_alloc=2147483648 global_mem=5819543552
SLOTWRITE variant=1 n=64 median_ms=1.031 p90_ms=1.092
MEMPROBE pass=0 order=aos n=150 device_median_ms=0.0243 device_p90_ms=0.0257 GBps=32.36
MEMPROBE pass=0 order=soa n=150 device_median_ms=0.0260 device_p90_ms=0.0265 GBps=30.25
MEMPROBE pass=0 order=tiled n=150 device_median_ms=0.0258 device_p90_ms=0.0266 GBps=30.48
MEMPROBE pass=1 order=aos n=150 device_median_ms=0.0242 device_p90_ms=0.0253 GBps=32.50
MEMPROBE pass=1 order=soa n=150 device_median_ms=0.0259 device_p90_ms=0.0265 GBps=30.36
MEMPROBE pass=1 order=tiled n=150 device_median_ms=0.0257 device_p90_ms=0.0263 GBps=30.60
BENCH spin=1 variant=1 down=Q4_0 k=1 n=150 median_ms=0.7126 p10_ms=0.6747 p90_ms=0.9284 GBps_at_median=3.72 device_median_ms=0.3966 device_p90_ms=0.3988 k1_median_ms=0.3154 gap_median_ms=0.0005 k2_median_ms=0.0806
BENCH spin=1 variant=1 down=Q4_0 k=2 n=150 median_ms=0.8573 p10_ms=0.7910 p90_ms=1.1346 GBps_at_median=6.19 device_median_ms=0.5266 device_p90_ms=0.5285 k1_median_ms=0.4017 gap_median_ms=0.0005 k2_median_ms=0.1244
BENCH spin=1 variant=1 down=Q4_0 k=3 n=150 median_ms=1.0932 p10_ms=1.0314 p90_ms=1.3696 GBps_at_median=7.28 device_median_ms=0.7090 device_p90_ms=0.7160 k1_median_ms=0.5066 gap_median_ms=0.0005 k2_median_ms=0.2023
BENCH spin=1 variant=1 down=Q4_0 k=4 n=150 median_ms=1.1943 p10_ms=1.1385 p90_ms=1.4796 GBps_at_median=8.89 device_median_ms=0.8111 device_p90_ms=0.8309 k1_median_ms=0.5705 gap_median_ms=0.0005 k2_median_ms=0.2362
STATS variant=1 dispatches=1238 errors=0 map_errors=0 risk_dispatches=0 risk_slots=0 experts=6604
POOL variant=3 blocks=64/64 :: max_mem_alloc=2147483648 global_mem=5819543552
SLOTWRITE variant=3 n=64 median_ms=1.604 p90_ms=1.709
BENCH spin=1 variant=3 down=Q4_0 k=1 n=150 median_ms=0.7217 p10_ms=0.6980 p90_ms=0.9705 GBps_at_median=3.68 device_median_ms=0.3908 device_p90_ms=0.3916 k1_median_ms=0.3164 gap_median_ms=0.0005 k2_median_ms=0.0739
BENCH spin=1 variant=3 down=Q4_0 k=2 n=150 median_ms=0.8497 p10_ms=0.7506 p90_ms=1.1010 GBps_at_median=6.25 device_median_ms=0.4986 device_p90_ms=0.4995 k1_median_ms=0.3845 gap_median_ms=0.0005 k2_median_ms=0.1137
BENCH spin=1 variant=3 down=Q4_0 k=3 n=150 median_ms=1.0008 p10_ms=0.9140 p90_ms=1.2633 GBps_at_median=7.96 device_median_ms=0.6424 device_p90_ms=0.6433 k1_median_ms=0.4797 gap_median_ms=0.0005 k2_median_ms=0.1622
BENCH spin=1 variant=3 down=Q4_0 k=4 n=150 median_ms=1.2043 p10_ms=1.0404 p90_ms=1.3471 GBps_at_median=8.82 device_median_ms=0.6887 device_p90_ms=0.6894 k1_median_ms=0.4810 gap_median_ms=0.0005 k2_median_ms=0.2072
STATS variant=3 dispatches=1394 errors=0 map_errors=0 risk_dispatches=0 risk_slots=0 experts=7852
POOL variant=4 blocks=64/64 :: max_mem_alloc=2147483648 global_mem=5819543552
SLOTWRITE variant=4 n=64 median_ms=1.010 p90_ms=1.083
BENCH spin=1 variant=4 down=Q4_0 k=1 n=150 median_ms=0.5889 p10_ms=0.5779 p90_ms=0.8227 GBps_at_median=4.51 device_median_ms=0.2695 device_p90_ms=0.2709 k1_median_ms=0.2060 gap_median_ms=0.0005 k2_median_ms=0.0631
BENCH spin=1 variant=4 down=Q4_0 k=2 n=150 median_ms=0.7204 p10_ms=0.7070 p90_ms=0.9680 GBps_at_median=7.37 device_median_ms=0.3762 device_p90_ms=0.3777 k1_median_ms=0.2593 gap_median_ms=0.0005 k2_median_ms=0.1164
BENCH spin=1 variant=4 down=Q4_0 k=3 n=150 median_ms=0.9365 p10_ms=0.8736 p90_ms=1.1902 GBps_at_median=8.50 device_median_ms=0.5792 device_p90_ms=0.5821 k1_median_ms=0.4117 gap_median_ms=0.0005 k2_median_ms=0.1671
BENCH spin=1 variant=4 down=Q4_0 k=4 n=150 median_ms=1.0906 p10_ms=1.0385 p90_ms=1.3294 GBps_at_median=9.73 device_median_ms=0.6847 device_p90_ms=0.6866 k1_median_ms=0.4666 gap_median_ms=0.0005 k2_median_ms=0.2175
STATS variant=4 dispatches=1342 errors=0 map_errors=0 risk_dispatches=0 risk_slots=0 experts=7436
