CONTROL unfused_gate_up_fmla detected=1 :: cases=27 missing_arm_ref=0 down_diff_bits(v0/v1/v2/v3)=2048/0/0/0 of 262144 h_diff_bits(v0/v1/v2/v3)=56817/0/0/0 of 98304 div_mismatches=0 quant_blocks=65536 q8_mismatch(gpu0/gpu1/host0)=0/0/0 swiglu=0/1049088 gx_errors=0 -> NOT bit-exact
CONTROL unfused_down_fmla detected=1 :: cases=27 missing_arm_ref=0 down_diff_bits(v0/v1/v2/v3)=152624/0/0/0 of 262144 h_diff_bits(v0/v1/v2/v3)=0/0/0/0 of 98304 div_mismatches=0 quant_blocks=65536 q8_mismatch(gpu0/gpu1/host0)=0/0/0 swiglu=0/1049088 gx_errors=0 -> NOT bit-exact
CONTROL q41_summs_two_roundings detected=1 :: cases=27 missing_arm_ref=0 down_diff_bits(v0/v1/v2/v3)=49531/0/0/0 of 262144 h_diff_bits(v0/v1/v2/v3)=0/0/0/0 of 98304 div_mismatches=0 quant_blocks=65536 q8_mismatch(gpu0/gpu1/host0)=0/0/0 swiglu=0/1049088 gx_errors=0 -> NOT bit-exact
CONTROL sequential_hsum detected=1 :: cases=27 missing_arm_ref=0 down_diff_bits(v0/v1/v2/v3)=133034/0/0/0 of 262144 h_diff_bits(v0/v1/v2/v3)=66812/0/0/0 of 98304 div_mismatches=0 quant_blocks=65536 q8_mismatch(gpu0/gpu1/host0)=0/0/0 swiglu=0/1049088 gx_errors=0 -> NOT bit-exact
CONTROL native_exp_in_silu detected=1 :: cases=27 missing_arm_ref=0 down_diff_bits(v0/v1/v2/v3)=0/0/0/0 of 262144 h_diff_bits(v0/v1/v2/v3)=25798/25798/25798/25798 of 98304 div_mismatches=0 quant_blocks=65536 q8_mismatch(gpu0/gpu1/host0)=0/0/0 swiglu=144507/1049088 gx_errors=0 -> NOT bit-exact
CONTROL plain_div_in_silu detected=1 :: cases=27 missing_arm_ref=0 down_diff_bits(v0/v1/v2/v3)=2047/2047/2047/2047 of 262144 h_diff_bits(v0/v1/v2/v3)=22671/22671/22671/22671 of 98304 div_mismatches=0 quant_blocks=65536 q8_mismatch(gpu0/gpu1/host0)=0/0/0 swiglu=122092/1049088 gx_errors=0 -> NOT bit-exact
CONTROL q8_round_toward_zero detected=1 :: cases=27 missing_arm_ref=0 down_diff_bits(v0/v1/v2/v3)=262143/262143/262143/262143 of 262144 h_diff_bits(v0/v1/v2/v3)=0/0/0/0 of 98304 div_mismatches=0 quant_blocks=65536 q8_mismatch(gpu0/gpu1/host0)=57344/57344/0 swiglu=0/1049088 gx_errors=0 -> NOT bit-exact
CONTROL q8_scale_127_over_amax detected=1 :: cases=27 missing_arm_ref=0 down_diff_bits(v0/v1/v2/v3)=0/0/0/0 of 262144 h_diff_bits(v0/v1/v2/v3)=0/0/0/0 of 98304 div_mismatches=0 quant_blocks=65536 q8_mismatch(gpu0/gpu1/host0)=33481/33481/0 swiglu=0/1049088 gx_errors=0 -> NOT bit-exact
CONTROL q8_s_from_fp16_d detected=1 :: cases=27 missing_arm_ref=0 down_diff_bits(v0/v1/v2/v3)=129003/129003/129003/129003 of 262144 h_diff_bits(v0/v1/v2/v3)=0/0/0/0 of 98304 div_mismatches=0 quant_blocks=65536 q8_mismatch(gpu0/gpu1/host0)=0/32209/0 swiglu=0/1049088 gx_errors=0 -> NOT bit-exact
CONTROL expf_unfused_poly detected=1 :: cases=27 missing_arm_ref=0 down_diff_bits(v0/v1/v2/v3)=0/0/0/0 of 262144 h_diff_bits(v0/v1/v2/v3)=0/0/0/0 of 98304 div_mismatches=0 quant_blocks=65536 q8_mismatch(gpu0/gpu1/host0)=0/0/0 swiglu=1718/1049088 gx_errors=0 -> NOT bit-exact
CONTROL expf_special_branch_dropped detected=1 :: cases=27 missing_arm_ref=0 down_diff_bits(v0/v1/v2/v3)=24576/24576/24576/24576 of 262144 h_diff_bits(v0/v1/v2/v3)=1353/1353/1353/1353 of 98304 div_mismatches=0 quant_blocks=65536 q8_mismatch(gpu0/gpu1/host0)=0/0/0 swiglu=350382/1049088 gx_errors=0 -> NOT bit-exact
CONTROL row_unfused_fma detected=1 :: cases=27 missing_arm_ref=0 down_diff_bits(v0/v1/v2/v3)=0/153465/0/0 of 262144 h_diff_bits(v0/v1/v2/v3)=0/78475/0/0 of 98304 div_mismatches=0 quant_blocks=65536 q8_mismatch(gpu0/gpu1/host0)=0/0/0 swiglu=0/1049088 gx_errors=0 -> NOT bit-exact
CONTROL row_sequential_hsum detected=1 :: cases=27 missing_arm_ref=0 down_diff_bits(v0/v1/v2/v3)=0/133034/133034/133034 of 262144 h_diff_bits(v0/v1/v2/v3)=0/66812/66812/66812 of 98304 div_mismatches=0 quant_blocks=65536 q8_mismatch(gpu0/gpu1/host0)=0/0/0 swiglu=0/1049088 gx_errors=0 -> NOT bit-exact
CONTROL row_wrong_parity detected=1 :: cases=27 missing_arm_ref=0 down_diff_bits(v0/v1/v2/v3)=0/2043/0/0 of 262144 h_diff_bits(v0/v1/v2/v3)=0/71913/0/0 of 98304 div_mismatches=0 quant_blocks=65536 q8_mismatch(gpu0/gpu1/host0)=0/0/0 swiglu=0/1049088 gx_errors=0 -> NOT bit-exact
CONTROL row_summs_two_roundings detected=1 :: cases=27 missing_arm_ref=0 down_diff_bits(v0/v1/v2/v3)=0/49531/0/0 of 262144 h_diff_bits(v0/v1/v2/v3)=0/0/0/0 of 98304 div_mismatches=0 quant_blocks=65536 q8_mismatch(gpu0/gpu1/host0)=0/0/0 swiglu=0/1049088 gx_errors=0 -> NOT bit-exact
CONTROL soa_tiled_unfused_fma detected=1 :: cases=27 missing_arm_ref=0 down_diff_bits(v0/v1/v2/v3)=0/0/153465/153465 of 262144 h_diff_bits(v0/v1/v2/v3)=0/0/78475/78475 of 98304 div_mismatches=0 quant_blocks=65536 q8_mismatch(gpu0/gpu1/host0)=0/0/0 swiglu=0/1049088 gx_errors=0 -> NOT bit-exact
CONTROL soa_wrong_parity detected=1 :: cases=27 missing_arm_ref=0 down_diff_bits(v0/v1/v2/v3)=0/0/2043/0 of 262144 h_diff_bits(v0/v1/v2/v3)=0/0/71913/0 of 98304 div_mismatches=0 quant_blocks=65536 q8_mismatch(gpu0/gpu1/host0)=0/0/0 swiglu=0/1049088 gx_errors=0 -> NOT bit-exact
CONTROL soa_wrong_plane_stride detected=1 :: 
CONTROL soa_summs_two_roundings detected=1 :: cases=27 missing_arm_ref=0 down_diff_bits(v0/v1/v2/v3)=0/0/49531/0 of 262144 h_diff_bits(v0/v1/v2/v3)=0/0/0/0 of 98304 div_mismatches=0 quant_blocks=65536 q8_mismatch(gpu0/gpu1/host0)=0/0/0 swiglu=0/1049088 gx_errors=0 -> NOT bit-exact
CONTROL tiled_untiled_index detected=1 :: cases=27 missing_arm_ref=0 down_diff_bits(v0/v1/v2/v3)=0/0/0/262144 of 262144 h_diff_bits(v0/v1/v2/v3)=0/0/0/98234 of 98304 div_mismatches=0 quant_blocks=65536 q8_mismatch(gpu0/gpu1/host0)=0/0/0 swiglu=0/1049088 gx_errors=0 -> NOT bit-exact
CONTROL tiled_wrong_parity detected=1 :: cases=27 missing_arm_ref=0 down_diff_bits(v0/v1/v2/v3)=0/0/0/2043 of 262144 h_diff_bits(v0/v1/v2/v3)=0/0/0/71913 of 98304 div_mismatches=0 quant_blocks=65536 q8_mismatch(gpu0/gpu1/host0)=0/0/0 swiglu=0/1049088 gx_errors=0 -> NOT bit-exact
CONTROL pair_same_parity detected=1 :: cases=27 missing_arm_ref=0 down_diff_bits(v0/v1/v2/v3)=0/0/0/0 of 262144 h_diff_bits(v0/v1/v2/v3)=0/0/0/0 of 98304 div_mismatches=0 quant_blocks=65536 q8_mismatch(gpu0/gpu1/host0)=0/0/0 swiglu=0/1049088 gx_errors=0 -> NOT bit-exact
CONTROL pair_swapped_hsum detected=0 :: cases=27 missing_arm_ref=0 down_diff_bits(v0/v1/v2/v3)=0/0/0/0 of 262144 h_diff_bits(v0/v1/v2/v3)=0/0/0/0 of 98304 div_mismatches=0 quant_blocks=65536 q8_mismatch(gpu0/gpu1/host0)=0/0/0 swiglu=0/1049088 gx_errors=0 -> BIT-EXACT vs ggml-cpu ARM
CONTROL one_accumulator_per_lane detected=1 :: cases=27 missing_arm_ref=0 down_diff_bits(v0/v1/v2/v3)=6138/0/0/0 of 262144 h_diff_bits(v0/v1/v2/v3)=88299/0/0/0 of 98304 div_mismatches=0 quant_blocks=65536 q8_mismatch(gpu0/gpu1/host0)=0/0/0 swiglu=0/1049088 gx_errors=0 -> NOT bit-exact
NEGATIVE_CONTROLS SOME_UNDETECTED
