DEVICE name="QUALCOMM Adreno(TM) 829" iters=300 slots_per_type=32
POOL variant=4 blocks=64/64 :: max_mem_alloc=2147483648 global_mem=5819543552
SLOTWRITE variant=4 n=64 median_ms=1.009 p90_ms=2.082
MEMPROBE pass=0 order=aos n=300 device_median_ms=0.0247 device_p90_ms=0.0261 GBps=31.84
MEMPROBE pass=0 order=soa n=300 device_median_ms=0.0262 device_p90_ms=0.0269 GBps=30.02
MEMPROBE pass=0 order=tiled n=300 device_median_ms=0.0260 device_p90_ms=0.0268 GBps=30.25
MEMPROBE pass=1 order=aos n=300 device_median_ms=0.0246 device_p90_ms=0.0258 GBps=31.97
MEMPROBE pass=1 order=soa n=300 device_median_ms=0.0264 device_p90_ms=0.0279 GBps=29.79
MEMPROBE pass=1 order=tiled n=300 device_median_ms=0.0262 device_p90_ms=0.0271 GBps=30.02
BENCH spin=0 variant=4 down=Q4_0 k=1 n=300 median_ms=0.9230 p10_ms=0.4805 p90_ms=1.0231 GBps_at_median=2.88 device_median_ms=0.2725 device_p90_ms=0.2738 k1_median_ms=0.2082 gap_median_ms=0.0005 k2_median_ms=0.0638
BENCH spin=0 variant=4 down=Q4_0 k=2 n=300 median_ms=0.9988 p10_ms=0.5824 p90_ms=1.1015 GBps_at_median=5.31 device_median_ms=0.3816 device_p90_ms=0.3837 k1_median_ms=0.2628 gap_median_ms=0.0005 k2_median_ms=0.1182
BENCH spin=0 variant=4 down=Q4_0 k=3 n=300 median_ms=1.2509 p10_ms=0.7919 p90_ms=1.3398 GBps_at_median=6.37 device_median_ms=0.5851 device_p90_ms=0.5898 k1_median_ms=0.4156 gap_median_ms=0.0005 k2_median_ms=0.1689
BENCH spin=0 variant=4 down=Q4_0 k=4 n=300 median_ms=1.3832 p10_ms=0.9102 p90_ms=1.4714 GBps_at_median=7.68 device_median_ms=0.6907 device_p90_ms=0.6981 k1_median_ms=0.4708 gap_median_ms=0.0005 k2_median_ms=0.2194
BENCH spin=0 variant=4 down=Q4_1 k=1 n=300 median_ms=0.9511 p10_ms=0.4870 p90_ms=1.0559 GBps_at_median=2.89 device_median_ms=0.2916 device_p90_ms=0.2939 k1_median_ms=0.2090 gap_median_ms=0.0005 k2_median_ms=0.0821
BENCH spin=0 variant=4 down=Q4_1 k=2 n=300 median_ms=1.0866 p10_ms=0.6150 p90_ms=1.1672 GBps_at_median=5.07 device_median_ms=0.4154 device_p90_ms=0.4182 k1_median_ms=0.2636 gap_median_ms=0.0005 k2_median_ms=0.1509
BENCH spin=0 variant=4 down=Q4_1 k=3 n=300 median_ms=1.3140 p10_ms=0.8457 p90_ms=1.3849 GBps_at_median=6.28 device_median_ms=0.6350 device_p90_ms=0.6420 k1_median_ms=0.4181 gap_median_ms=0.0005 k2_median_ms=0.2165
BENCH spin=0 variant=4 down=Q4_1 k=4 n=300 median_ms=1.4461 p10_ms=0.9936 p90_ms=1.5443 GBps_at_median=7.61 device_median_ms=0.7575 device_p90_ms=0.7642 k1_median_ms=0.4745 gap_median_ms=0.0005 k2_median_ms=0.2822
STATS variant=4 dispatches=3175 errors=0 map_errors=0 risk_dispatches=0 risk_slots=0 experts=12200
POOL variant=5 blocks=64/64 :: max_mem_alloc=2147483648 global_mem=5819543552
SLOTWRITE variant=5 n=64 median_ms=1.013 p90_ms=1.213
BENCH spin=0 variant=5 down=Q4_0 k=1 n=300 median_ms=1.4713 p10_ms=1.0439 p90_ms=1.5615 GBps_at_median=1.80 device_median_ms=0.8047 device_p90_ms=0.8063 k1_median_ms=0.6170 gap_median_ms=0.0005 k2_median_ms=0.1871
BENCH spin=0 variant=5 down=Q4_0 k=2 n=300 median_ms=1.7948 p10_ms=1.3725 p90_ms=1.9177 GBps_at_median=2.96 device_median_ms=1.1244 device_p90_ms=1.1259 k1_median_ms=0.7825 gap_median_ms=0.0005 k2_median_ms=0.3414
BENCH spin=0 variant=5 down=Q4_0 k=3 n=300 median_ms=2.3627 p10_ms=2.0229 p90_ms=2.5758 GBps_at_median=3.37 device_median_ms=1.7146 device_p90_ms=1.7165 k1_median_ms=1.2223 gap_median_ms=0.0005 k2_median_ms=0.4917
BENCH spin=0 variant=5 down=Q4_0 k=4 n=300 median_ms=2.6869 p10_ms=2.3129 p90_ms=2.8129 GBps_at_median=3.95 device_median_ms=2.0418 device_p90_ms=2.0437 k1_median_ms=1.3995 gap_median_ms=0.0005 k2_median_ms=0.6417
BENCH spin=0 variant=5 down=Q4_1 k=1 n=300 median_ms=1.4836 p10_ms=1.0790 p90_ms=1.5748 GBps_at_median=1.86 device_median_ms=0.8170 device_p90_ms=0.8190 k1_median_ms=0.6175 gap_median_ms=0.0005 k2_median_ms=0.1989
BENCH spin=0 variant=5 down=Q4_1 k=2 n=300 median_ms=1.8047 p10_ms=1.4044 p90_ms=1.8905 GBps_at_median=3.05 device_median_ms=1.1477 device_p90_ms=1.1495 k1_median_ms=0.7833 gap_median_ms=0.0005 k2_median_ms=0.3638
BENCH spin=0 variant=5 down=Q4_1 k=3 n=300 median_ms=2.3827 p10_ms=2.0231 p90_ms=2.4797 GBps_at_median=3.47 device_median_ms=1.7480 device_p90_ms=1.7502 k1_median_ms=1.2232 gap_median_ms=0.0005 k2_median_ms=0.5241
BENCH spin=0 variant=5 down=Q4_1 k=4 n=300 median_ms=2.7266 p10_ms=2.3388 p90_ms=2.8713 GBps_at_median=4.04 device_median_ms=2.0853 device_p90_ms=2.0875 k1_median_ms=1.4009 gap_median_ms=0.0005 k2_median_ms=0.6840
STATS variant=5 dispatches=2741 errors=0 map_errors=0 risk_dispatches=0 risk_slots=0 experts=8728
POOL variant=4 blocks=64/64 :: max_mem_alloc=2147483648 global_mem=5819543552
SLOTWRITE variant=4 n=64 median_ms=1.016 p90_ms=1.094
BENCH spin=1 variant=4 down=Q4_0 k=1 n=300 median_ms=0.5844 p10_ms=0.4717 p90_ms=0.6910 GBps_at_median=4.54 device_median_ms=0.2726 device_p90_ms=0.2739 k1_median_ms=0.2082 gap_median_ms=0.0005 k2_median_ms=0.0639
BENCH spin=1 variant=4 down=Q4_0 k=2 n=300 median_ms=0.7071 p10_ms=0.5871 p90_ms=0.9536 GBps_at_median=7.51 device_median_ms=0.3814 device_p90_ms=0.3839 k1_median_ms=0.2625 gap_median_ms=0.0005 k2_median_ms=0.1183
BENCH spin=1 variant=4 down=Q4_0 k=3 n=300 median_ms=0.9181 p10_ms=0.8006 p90_ms=1.1836 GBps_at_median=8.67 device_median_ms=0.5856 device_p90_ms=0.5915 k1_median_ms=0.4158 gap_median_ms=0.0005 k2_median_ms=0.1689
BENCH spin=1 variant=4 down=Q4_0 k=4 n=300 median_ms=0.9757 p10_ms=0.9120 p90_ms=1.3127 GBps_at_median=10.88 device_median_ms=0.6905 device_p90_ms=0.6954 k1_median_ms=0.4706 gap_median_ms=0.0005 k2_median_ms=0.2193
BENCH spin=1 variant=4 down=Q4_1 k=1 n=300 median_ms=0.5468 p10_ms=0.4864 p90_ms=0.8429 GBps_at_median=5.03 device_median_ms=0.2914 device_p90_ms=0.2931 k1_median_ms=0.2088 gap_median_ms=0.0005 k2_median_ms=0.0820
BENCH spin=1 variant=4 down=Q4_1 k=2 n=300 median_ms=0.7421 p10_ms=0.6171 p90_ms=1.0099 GBps_at_median=7.42 device_median_ms=0.4151 device_p90_ms=0.4177 k1_median_ms=0.2634 gap_median_ms=0.0005 k2_median_ms=0.1509
BENCH spin=1 variant=4 down=Q4_1 k=3 n=300 median_ms=0.9729 p10_ms=0.8435 p90_ms=1.2329 GBps_at_median=8.49 device_median_ms=0.6348 device_p90_ms=0.6411 k1_median_ms=0.4176 gap_median_ms=0.0005 k2_median_ms=0.2164
BENCH spin=1 variant=4 down=Q4_1 k=4 n=300 median_ms=1.1103 p10_ms=0.9754 p90_ms=1.3848 GBps_at_median=9.92 device_median_ms=0.7557 device_p90_ms=0.7629 k1_median_ms=0.4730 gap_median_ms=0.0005 k2_median_ms=0.2820
STATS variant=4 dispatches=3296 errors=0 map_errors=0 risk_dispatches=0 risk_slots=0 experts=13168
POOL variant=5 blocks=64/64 :: max_mem_alloc=2147483648 global_mem=5819543552
SLOTWRITE variant=5 n=64 median_ms=1.023 p90_ms=1.250
BENCH spin=1 variant=5 down=Q4_0 k=1 n=300 median_ms=1.1277 p10_ms=1.1079 p90_ms=1.3776 GBps_at_median=2.35 device_median_ms=0.8054 device_p90_ms=0.8068 k1_median_ms=0.6175 gap_median_ms=0.0005 k2_median_ms=0.1873
BENCH spin=1 variant=5 down=Q4_0 k=2 n=300 median_ms=1.4678 p10_ms=1.4424 p90_ms=1.7209 GBps_at_median=3.62 device_median_ms=1.1246 device_p90_ms=1.1258 k1_median_ms=0.7825 gap_median_ms=0.0005 k2_median_ms=0.3415
BENCH spin=1 variant=5 down=Q4_0 k=3 n=300 median_ms=2.1010 p10_ms=2.0487 p90_ms=2.3506 GBps_at_median=3.79 device_median_ms=1.7150 device_p90_ms=1.7165 k1_median_ms=1.2225 gap_median_ms=0.0005 k2_median_ms=0.4920
BENCH spin=1 variant=5 down=Q4_0 k=4 n=300 median_ms=2.6150 p10_ms=2.3998 p90_ms=2.7047 GBps_at_median=4.06 device_median_ms=2.0422 device_p90_ms=2.0439 k1_median_ms=1.3997 gap_median_ms=0.0005 k2_median_ms=0.6419
BENCH spin=1 variant=5 down=Q4_1 k=1 n=300 median_ms=1.1446 p10_ms=1.1198 p90_ms=1.3976 GBps_at_median=2.40 device_median_ms=0.8170 device_p90_ms=0.8185 k1_median_ms=0.6174 gap_median_ms=0.0005 k2_median_ms=0.1990
BENCH spin=1 variant=5 down=Q4_1 k=2 n=300 median_ms=1.5070 p10_ms=1.4690 p90_ms=1.7722 GBps_at_median=3.65 device_median_ms=1.1472 device_p90_ms=1.1486 k1_median_ms=0.7827 gap_median_ms=0.0005 k2_median_ms=0.3639
BENCH spin=1 variant=5 down=Q4_1 k=3 n=300 median_ms=2.1321 p10_ms=2.0840 p90_ms=2.3895 GBps_at_median=3.87 device_median_ms=1.7475 device_p90_ms=1.7495 k1_median_ms=1.2228 gap_median_ms=0.0005 k2_median_ms=0.5242
BENCH spin=1 variant=5 down=Q4_1 k=4 n=300 median_ms=2.6748 p10_ms=2.4478 p90_ms=2.7721 GBps_at_median=4.12 device_median_ms=2.0848 device_p90_ms=2.0868 k1_median_ms=1.4002 gap_median_ms=0.0005 k2_median_ms=0.6841
STATS variant=5 dispatches=2726 errors=0 map_errors=0 risk_dispatches=0 risk_slots=0 experts=8608
