# SELinux denials for Hexagon/FastRPC access, OnePlus 15R (CPH2767), ColorOS 16, unrooted.
# Extracted from a full logcat captured 2026-09-14 during a Geekbench AI 1.7.0 QNN-backend run.
# Positive control (privileged system daemon succeeding) included at the end.

09-14 19:19:26.916 W/QnnDsp  (28837): QnnDsp <W> Initializing HtpProvider
09-14 19:19:26.917 W/QnnDsp  (28837): QnnDsp <W> Specified config SOC, ignoring on real target
09-14 19:19:26.926 I/com.primatelabs.banff(28837): vendor/qcom/proprietary/adsprpc/src/fastrpc_context.c:370: fastrpc_context_table_init done
09-14 19:19:27.027 W/QnnDsp  (28837): QnnDsp <W> PrepareLibLoader Loading libQnnHtpPrepare.so
09-14 19:19:27.334 W/QnnDsp  (28837): QnnDsp <W> Sanitizing the value for hvx_threads and setting to default
09-14 19:19:28.583 W/QnnDsp  (28837): QnnDsp <W> m_CFBCallbackInfoObj is not initialized, return emptyList
09-14 19:19:28.595 W/QnnDsp  (28837): QnnDsp <W> PrepareLibLoader Unloading libQnnHtpPrepare.so
09-14 19:19:29.828 W/QnnDsp  (28837): QnnDsp <W> Initializing HtpProvider
09-14 19:19:29.828 W/QnnDsp  (28837): QnnDsp <W> Specified config SOC, ignoring on real target
09-14 19:19:29.830 I/com.primatelabs.banff(28837): vendor/qcom/proprietary/adsprpc/src/fastrpc_context.c:370: fastrpc_context_table_init done
09-14 19:19:29.937 W/QnnDsp  (28837): QnnDsp <W> PrepareLibLoader Loading libQnnHtpPrepare.so
09-14 19:19:30.216 W/QnnDsp  (28837): QnnDsp <W> Sanitizing the value for hvx_threads and setting to default
09-14 19:19:31.435 W/QnnDsp  (28837): QnnDsp <W> m_CFBCallbackInfoObj is not initialized, return emptyList
09-14 19:19:31.452 W/QnnDsp  (28837): QnnDsp <W> PrepareLibLoader Unloading libQnnHtpPrepare.so
09-14 19:19:40.094 W/QnnDsp  (28837): QnnDsp <W> Initializing HtpProvider
09-14 19:19:40.094 W/QnnDsp  (28837): QnnDsp <W> Specified config SOC, ignoring on real target
09-14 19:19:40.097 I/com.primatelabs.banff(28837): vendor/qcom/proprietary/adsprpc/src/fastrpc_context.c:370: fastrpc_context_table_init done
09-14 19:19:40.204 W/QnnDsp  (28837): QnnDsp <W> PrepareLibLoader Loading libQnnHtpPrepare.so
09-14 19:19:40.498 W/QnnDsp  (28837): QnnDsp <W> Sanitizing the value for hvx_threads and setting to default
09-14 19:19:42.795 W/QnnDsp  (28837): QnnDsp <W> m_CFBCallbackInfoObj is not initialized, return emptyList
09-14 19:19:42.810 W/QnnDsp  (28837): QnnDsp <W> PrepareLibLoader Unloading libQnnHtpPrepare.so
09-14 19:19:44.016 W/QnnDsp  (28837): QnnDsp <W> Initializing HtpProvider
09-14 19:19:44.016 W/QnnDsp  (28837): QnnDsp <W> Specified config SOC, ignoring on real target
09-14 19:19:44.018 I/com.primatelabs.banff(28837): vendor/qcom/proprietary/adsprpc/src/fastrpc_context.c:370: fastrpc_context_table_init done
09-14 19:19:44.124 W/QnnDsp  (28837): QnnDsp <W> PrepareLibLoader Loading libQnnHtpPrepare.so
09-14 19:19:44.412 W/QnnDsp  (28837): QnnDsp <W> Sanitizing the value for hvx_threads and setting to default
09-14 19:19:46.833 W/QnnDsp  (28837): QnnDsp <W> m_CFBCallbackInfoObj is not initialized, return emptyList
09-14 19:19:46.860 W/QnnDsp  (28837): QnnDsp <W> PrepareLibLoader Unloading libQnnHtpPrepare.so
09-14 19:21:55.200 W/QnnDsp  (28837): QnnDsp <W> Initializing HtpProvider
09-14 19:21:55.201 W/QnnDsp  (28837): QnnDsp <W> Specified config SOC, ignoring on real target
09-14 19:21:55.212 I/com.primatelabs.banff(28837): vendor/qcom/proprietary/adsprpc/src/fastrpc_context.c:370: fastrpc_context_table_init done
09-14 19:21:55.323 W/QnnDsp  (28837): QnnDsp <W> PrepareLibLoader Loading libQnnHtpPrepare.so
09-14 19:21:55.585 W/QnnDsp  (28837): QnnDsp <W> Sanitizing the value for hvx_threads and setting to default
09-14 19:21:57.401 W/QnnDsp  (28837): QnnDsp <W> m_CFBCallbackInfoObj is not initialized, return emptyList
09-14 19:21:57.417 W/QnnDsp  (28837): QnnDsp <W> PrepareLibLoader Unloading libQnnHtpPrepare.so
09-14 19:21:58.732 W/QnnDsp  (28837): QnnDsp <W> Initializing HtpProvider
09-14 19:21:58.732 W/QnnDsp  (28837): QnnDsp <W> Specified config SOC, ignoring on real target
09-14 19:21:58.734 I/com.primatelabs.banff(28837): vendor/qcom/proprietary/adsprpc/src/fastrpc_context.c:370: fastrpc_context_table_init done
09-14 19:21:58.843 W/QnnDsp  (28837): QnnDsp <W> PrepareLibLoader Loading libQnnHtpPrepare.so
09-14 19:21:59.172 W/QnnDsp  (28837): QnnDsp <W> Sanitizing the value for hvx_threads and setting to default
09-14 19:22:00.687 W/QnnDsp  (28837): QnnDsp <W> m_CFBCallbackInfoObj is not initialized, return emptyList
09-14 19:22:00.702 W/QnnDsp  (28837): QnnDsp <W> PrepareLibLoader Unloading libQnnHtpPrepare.so
09-14 19:22:16.799 W/QnnDsp  (28837): QnnDsp <W> Initializing HtpProvider
09-14 19:22:16.800 W/QnnDsp  (28837): QnnDsp <W> Specified config SOC, ignoring on real target
09-14 19:22:16.803 I/com.primatelabs.banff(28837): vendor/qcom/proprietary/adsprpc/src/fastrpc_context.c:370: fastrpc_context_table_init done
09-14 19:22:16.910 W/QnnDsp  (28837): QnnDsp <W> PrepareLibLoader Loading libQnnHtpPrepare.so
09-14 19:22:17.185 W/QnnDsp  (28837): QnnDsp <W> Sanitizing the value for hvx_threads and setting to default
09-14 19:22:18.626 W/QnnDsp  (28837): QnnDsp <W> m_CFBCallbackInfoObj is not initialized, return emptyList
09-14 19:22:18.642 W/QnnDsp  (28837): QnnDsp <W> PrepareLibLoader Unloading libQnnHtpPrepare.so
09-14 19:22:19.885 W/QnnDsp  (28837): QnnDsp <W> Initializing HtpProvider
09-14 19:22:19.886 W/QnnDsp  (28837): QnnDsp <W> Specified config SOC, ignoring on real target
09-14 19:22:19.888 I/com.primatelabs.banff(28837): vendor/qcom/proprietary/adsprpc/src/fastrpc_context.c:370: fastrpc_context_table_init done
09-14 19:22:19.994 W/QnnDsp  (28837): QnnDsp <W> PrepareLibLoader Loading libQnnHtpPrepare.so
09-14 19:22:20.306 W/QnnDsp  (28837): QnnDsp <W> Sanitizing the value for hvx_threads and setting to default
09-14 19:22:21.721 W/QnnDsp  (28837): QnnDsp <W> m_CFBCallbackInfoObj is not initialized, return emptyList
09-14 19:22:21.737 W/QnnDsp  (28837): QnnDsp <W> PrepareLibLoader Unloading libQnnHtpPrepare.so
09-14 19:22:33.831 W/QnnDsp  (28837): QnnDsp <W> Initializing HtpProvider
09-14 19:22:33.834 W/QnnDsp  (28837): QnnDsp <W> Specified config SOC, ignoring on real target
09-14 19:22:33.840 I/com.primatelabs.banff(28837): vendor/qcom/proprietary/adsprpc/src/fastrpc_context.c:370: fastrpc_context_table_init done
09-14 19:22:33.949 W/QnnDsp  (28837): QnnDsp <W> PrepareLibLoader Loading libQnnHtpPrepare.so
09-14 19:22:34.224 W/QnnDsp  (28837): QnnDsp <W> Sanitizing the value for hvx_threads and setting to default
09-14 19:22:36.269 W/QnnDsp  (28837): QnnDsp <W> m_CFBCallbackInfoObj is not initialized, return emptyList
09-14 19:22:36.285 W/QnnDsp  (28837): QnnDsp <W> PrepareLibLoader Unloading libQnnHtpPrepare.so
09-14 19:22:37.511 W/QnnDsp  (28837): QnnDsp <W> Initializing HtpProvider
09-14 19:22:37.512 W/QnnDsp  (28837): QnnDsp <W> Specified config SOC, ignoring on real target
09-14 19:22:37.514 I/com.primatelabs.banff(28837): vendor/qcom/proprietary/adsprpc/src/fastrpc_context.c:370: fastrpc_context_table_init done
09-14 19:22:37.619 W/QnnDsp  (28837): QnnDsp <W> PrepareLibLoader Loading libQnnHtpPrepare.so
09-14 19:22:37.904 W/QnnDsp  (28837): QnnDsp <W> Sanitizing the value for hvx_threads and setting to default
09-14 19:22:39.401 W/QnnDsp  (28837): QnnDsp <W> m_CFBCallbackInfoObj is not initialized, return emptyList
09-14 19:22:39.421 W/QnnDsp  (28837): QnnDsp <W> PrepareLibLoader Unloading libQnnHtpPrepare.so
09-14 19:23:06.675 W/QnnDsp  (28837): QnnDsp <W> Initializing HtpProvider
09-14 19:23:06.676 W/QnnDsp  (28837): QnnDsp <W> Specified config SOC, ignoring on real target
09-14 19:23:06.678 I/com.primatelabs.banff(28837): vendor/qcom/proprietary/adsprpc/src/fastrpc_context.c:370: fastrpc_context_table_init done
09-14 19:23:06.784 W/QnnDsp  (28837): QnnDsp <W> PrepareLibLoader Loading libQnnHtpPrepare.so
09-14 19:23:07.076 W/QnnDsp  (28837): QnnDsp <W> Sanitizing the value for hvx_threads and setting to default
09-14 19:23:09.295 W/QnnDsp  (28837): QnnDsp <W> m_CFBCallbackInfoObj is not initialized, return emptyList
09-14 19:23:09.313 W/QnnDsp  (28837): QnnDsp <W> PrepareLibLoader Unloading libQnnHtpPrepare.so
09-14 19:23:10.533 W/QnnDsp  (28837): QnnDsp <W> Initializing HtpProvider
09-14 19:23:10.534 W/QnnDsp  (28837): QnnDsp <W> Specified config SOC, ignoring on real target
09-14 19:23:10.536 I/com.primatelabs.banff(28837): vendor/qcom/proprietary/adsprpc/src/fastrpc_context.c:370: fastrpc_context_table_init done
09-14 19:23:10.627 W/QnnDsp  (28837): QnnDsp <W> PrepareLibLoader Loading libQnnHtpPrepare.so
09-14 19:23:10.947 W/QnnDsp  (28837): QnnDsp <W> Sanitizing the value for hvx_threads and setting to default
09-14 19:23:12.762 W/QnnDsp  (28837): QnnDsp <W> m_CFBCallbackInfoObj is not initialized, return emptyList
09-14 19:23:12.778 W/QnnDsp  (28837): QnnDsp <W> PrepareLibLoader Unloading libQnnHtpPrepare.so
09-14 19:24:05.979 W/QnnDsp  (28837): QnnDsp <W> Initializing HtpProvider
09-14 19:24:05.982 W/QnnDsp  (28837): QnnDsp <W> Specified config SOC, ignoring on real target
09-14 19:24:05.990 I/com.primatelabs.banff(28837): vendor/qcom/proprietary/adsprpc/src/fastrpc_context.c:370: fastrpc_context_table_init done
09-14 19:24:06.103 W/QnnDsp  (28837): QnnDsp <W> PrepareLibLoader Loading libQnnHtpPrepare.so
09-14 19:24:06.392 W/QnnDsp  (28837): QnnDsp <W> Sanitizing the value for hvx_threads and setting to default
09-14 19:24:09.800 W/QnnDsp  (28837): QnnDsp <W> m_CFBCallbackInfoObj is not initialized, return emptyList
09-14 19:24:09.817 W/QnnDsp  (28837): QnnDsp <W> PrepareLibLoader Unloading libQnnHtpPrepare.so
09-14 19:24:11.145 W/QnnDsp  (28837): QnnDsp <W> Initializing HtpProvider
09-14 19:24:11.146 W/QnnDsp  (28837): QnnDsp <W> Specified config SOC, ignoring on real target
09-14 19:24:11.148 I/com.primatelabs.banff(28837): vendor/qcom/proprietary/adsprpc/src/fastrpc_context.c:370: fastrpc_context_table_init done
09-14 19:24:11.257 W/QnnDsp  (28837): QnnDsp <W> PrepareLibLoader Loading libQnnHtpPrepare.so
09-14 19:24:11.549 W/QnnDsp  (28837): QnnDsp <W> Sanitizing the value for hvx_threads and setting to default
09-14 19:24:13.617 W/QnnDsp  (28837): QnnDsp <W> m_CFBCallbackInfoObj is not initialized, return emptyList
09-14 19:24:13.633 W/QnnDsp  (28837): QnnDsp <W> PrepareLibLoader Unloading libQnnHtpPrepare.so
09-14 19:24:35.322 W/QnnDsp  (28837): QnnDsp <W> Initializing HtpProvider
09-14 19:24:35.324 W/QnnDsp  (28837): QnnDsp <W> Specified config SOC, ignoring on real target
09-14 19:24:35.328 I/com.primatelabs.banff(28837): vendor/qcom/proprietary/adsprpc/src/fastrpc_context.c:370: fastrpc_context_table_init done
09-14 19:24:35.437 W/QnnDsp  (28837): QnnDsp <W> PrepareLibLoader Loading libQnnHtpPrepare.so
09-14 19:24:35.722 W/QnnDsp  (28837): QnnDsp <W> Sanitizing the value for hvx_threads and setting to default
09-14 19:24:37.557 W/QnnDsp  (28837): QnnDsp <W> m_CFBCallbackInfoObj is not initialized, return emptyList
09-14 19:24:37.569 W/QnnDsp  (28837): QnnDsp <W> PrepareLibLoader Unloading libQnnHtpPrepare.so
09-14 19:24:38.775 W/QnnDsp  (28837): QnnDsp <W> Initializing HtpProvider
09-14 19:24:38.775 W/QnnDsp  (28837): QnnDsp <W> Specified config SOC, ignoring on real target
09-14 19:24:38.778 I/com.primatelabs.banff(28837): vendor/qcom/proprietary/adsprpc/src/fastrpc_context.c:370: fastrpc_context_table_init done
09-14 19:24:38.887 W/QnnDsp  (28837): QnnDsp <W> PrepareLibLoader Loading libQnnHtpPrepare.so
09-14 19:24:39.173 W/QnnDsp  (28837): QnnDsp <W> Sanitizing the value for hvx_threads and setting to default
09-14 19:24:42.186 W/QnnDsp  (28837): QnnDsp <W> m_CFBCallbackInfoObj is not initialized, return emptyList
09-14 19:24:42.202 W/QnnDsp  (28837): QnnDsp <W> PrepareLibLoader Unloading libQnnHtpPrepare.so
09-14 19:24:46.569 W/QnnDsp  (28837): QnnDsp <W> Initializing HtpProvider
09-14 19:24:46.570 W/QnnDsp  (28837): QnnDsp <W> Specified config SOC, ignoring on real target
09-14 19:24:46.572 I/com.primatelabs.banff(28837): vendor/qcom/proprietary/adsprpc/src/fastrpc_context.c:370: fastrpc_context_table_init done
09-14 19:24:46.677 W/QnnDsp  (28837): QnnDsp <W> PrepareLibLoader Loading libQnnHtpPrepare.so
09-14 19:24:46.972 W/QnnDsp  (28837): QnnDsp <W> Sanitizing the value for hvx_threads and setting to default
09-14 19:24:48.071 W/QnnDsp  (28837): QnnDsp <W> m_CFBCallbackInfoObj is not initialized, return emptyList
09-14 19:24:48.086 W/QnnDsp  (28837): QnnDsp <W> PrepareLibLoader Unloading libQnnHtpPrepare.so
09-14 19:24:49.316 W/QnnDsp  (28837): QnnDsp <W> Initializing HtpProvider
09-14 19:24:49.316 W/QnnDsp  (28837): QnnDsp <W> Specified config SOC, ignoring on real target
09-14 19:24:49.319 I/com.primatelabs.banff(28837): vendor/qcom/proprietary/adsprpc/src/fastrpc_context.c:370: fastrpc_context_table_init done
09-14 19:24:49.426 W/QnnDsp  (28837): QnnDsp <W> PrepareLibLoader Loading libQnnHtpPrepare.so
09-14 19:24:49.711 W/QnnDsp  (28837): QnnDsp <W> Sanitizing the value for hvx_threads and setting to default
09-14 19:24:50.780 W/QnnDsp  (28837): QnnDsp <W> m_CFBCallbackInfoObj is not initialized, return emptyList
09-14 19:24:50.796 W/QnnDsp  (28837): QnnDsp <W> PrepareLibLoader Unloading libQnnHtpPrepare.so
09-14 19:25:08.170 W/QnnDsp  (28837): QnnDsp <W> Initializing HtpProvider
09-14 19:25:08.171 W/QnnDsp  (28837): QnnDsp <W> Specified config SOC, ignoring on real target
09-14 19:25:08.173 I/com.primatelabs.banff(28837): vendor/qcom/proprietary/adsprpc/src/fastrpc_context.c:370: fastrpc_context_table_init done
09-14 19:25:08.283 W/QnnDsp  (28837): QnnDsp <W> PrepareLibLoader Loading libQnnHtpPrepare.so
09-14 19:25:08.581 W/QnnDsp  (28837): QnnDsp <W> Sanitizing the value for hvx_threads and setting to default
09-14 19:25:10.304 W/QnnDsp  (28837): QnnDsp <W> m_CFBCallbackInfoObj is not initialized, return emptyList
09-14 19:25:10.320 W/QnnDsp  (28837): QnnDsp <W> PrepareLibLoader Unloading libQnnHtpPrepare.so
09-14 19:25:11.586 W/QnnDsp  (28837): QnnDsp <W> Initializing HtpProvider
09-14 19:25:11.586 W/QnnDsp  (28837): QnnDsp <W> Specified config SOC, ignoring on real target
09-14 19:25:11.588 I/com.primatelabs.banff(28837): vendor/qcom/proprietary/adsprpc/src/fastrpc_context.c:370: fastrpc_context_table_init done
09-14 19:25:11.700 W/QnnDsp  (28837): QnnDsp <W> PrepareLibLoader Loading libQnnHtpPrepare.so
09-14 19:25:12.004 W/QnnDsp  (28837): QnnDsp <W> Sanitizing the value for hvx_threads and setting to default
09-14 19:25:13.996 W/QnnDsp  (28837): QnnDsp <W> m_CFBCallbackInfoObj is not initialized, return emptyList
09-14 19:25:14.024 W/QnnDsp  (28837): QnnDsp <W> PrepareLibLoader Unloading libQnnHtpPrepare.so
09-14 18:59:06.176 I/auditd  (20950): type=1400 audit(0.0:125593): avc:  denied  { open } for  comm="sh" path="/dev/fastrpc-cdsp" dev="tmpfs" ino=1910 scontext=u:r:shell:s0 tcontext=u:object_r:vendor_qdsp_device:s0 tclass=chr_file permissive=0
09-14 19:19:26.924 I/auditd  (28837): type=1400 audit(0.0:128612): avc:  denied  { read } for  comm=4173796E635461736B202331 name="fastrpc-cdsp-secure" dev="tmpfs" ino=1909 scontext=u:r:untrusted_app:s0:c177,c257,c512,c768 tcontext=u:object_r:vendor_xdsp_device:s0 tclass=chr_file permissive=0 app=com.primatelabs.banff
09-14 19:19:26.924 I/auditd  (28837): type=1400 audit(0.0:128613): avc:  denied  { open } for  comm=4173796E635461736B202331 path="/dev/fastrpc-cdsp" dev="tmpfs" ino=1910 scontext=u:r:untrusted_app:s0:c177,c257,c512,c768 tcontext=u:object_r:vendor_qdsp_device:s0 tclass=chr_file permissive=0 app=com.primatelabs.banff
09-14 19:19:26.924 W/com.primatelabs.banff(28837): type=1400 audit(0.0:128613): avc:  denied  { open } for  comm=4173796E635461736B202331 path="/dev/fastrpc-cdsp" dev="tmpfs" ino=1910 scontext=u:r:untrusted_app:s0:c177,c257,c512,c768 tcontext=u:object_r:vendor_qdsp_device:s0 tclass=chr_file permissive=0 app=com.primatelabs.banff
09-14 19:19:26.924 I/auditd  (28837): type=1400 audit(0.0:128614): avc:  denied  { open } for  comm=4173796E635461736B202331 path="/dev/fastrpc-cdsp" dev="tmpfs" ino=1910 scontext=u:r:untrusted_app:s0:c177,c257,c512,c768 tcontext=u:object_r:vendor_qdsp_device:s0 tclass=chr_file permissive=0 app=com.primatelabs.banff
09-14 19:19:26.924 W/com.primatelabs.banff(28837): type=1400 audit(0.0:128614): avc:  denied  { open } for  comm=4173796E635461736B202331 path="/dev/fastrpc-cdsp" dev="tmpfs" ino=1910 scontext=u:r:untrusted_app:s0:c177,c257,c512,c768 tcontext=u:object_r:vendor_qdsp_device:s0 tclass=chr_file permissive=0 app=com.primatelabs.banff
09-14 19:19:26.928 W/com.primatelabs.banff(28837): type=1400 audit(0.0:128615): avc:  denied  { read } for  comm=4173796E635461736B202331 name="fastrpc-cdsp-secure" dev="tmpfs" ino=1909 scontext=u:r:untrusted_app:s0:c177,c257,c512,c768 tcontext=u:object_r:vendor_xdsp_device:s0 tclass=chr_file permissive=0 app=com.primatelabs.banff
09-14 19:19:26.928 I/auditd  (28837): type=1400 audit(0.0:128616): avc:  denied  { open } for  comm=4173796E635461736B202331 path="/dev/fastrpc-cdsp" dev="tmpfs" ino=1910 scontext=u:r:untrusted_app:s0:c177,c257,c512,c768 tcontext=u:object_r:vendor_qdsp_device:s0 tclass=chr_file permissive=0 app=com.primatelabs.banff
09-14 19:19:26.928 W/com.primatelabs.banff(28837): type=1400 audit(0.0:128616): avc:  denied  { open } for  comm=4173796E635461736B202331 path="/dev/fastrpc-cdsp" dev="tmpfs" ino=1910 scontext=u:r:untrusted_app:s0:c177,c257,c512,c768 tcontext=u:object_r:vendor_qdsp_device:s0 tclass=chr_file permissive=0 app=com.primatelabs.banff
09-14 19:19:26.928 I/auditd  (28837): type=1400 audit(0.0:128617): avc:  denied  { open } for  comm=4173796E635461736B202331 path="/dev/fastrpc-cdsp" dev="tmpfs" ino=1910 scontext=u:r:untrusted_app:s0:c177,c257,c512,c768 tcontext=u:object_r:vendor_qdsp_device:s0 tclass=chr_file permissive=0 app=com.primatelabs.banff
09-14 19:19:26.928 W/com.primatelabs.banff(28837): type=1400 audit(0.0:128617): avc:  denied  { open } for  comm=4173796E635461736B202331 path="/dev/fastrpc-cdsp" dev="tmpfs" ino=1910 scontext=u:r:untrusted_app:s0:c177,c257,c512,c768 tcontext=u:object_r:vendor_qdsp_device:s0 tclass=chr_file permissive=0 app=com.primatelabs.banff
09-14 19:19:26.928 I/auditd  (28837): type=1400 audit(0.0:128618): avc:  denied  { read } for  comm=4173796E635461736B202331 name="fastrpc-cdsp-secure" dev="tmpfs" ino=1909 scontext=u:r:untrusted_app:s0:c177,c257,c512,c768 tcontext=u:object_r:vendor_xdsp_device:s0 tclass=chr_file permissive=0 app=com.primatelabs.banff
09-14 19:19:26.928 W/com.primatelabs.banff(28837): type=1400 audit(0.0:128618): avc:  denied  { read } for  comm=4173796E635461736B202331 name="fastrpc-cdsp-secure" dev="tmpfs" ino=1909 scontext=u:r:untrusted_app:s0:c177,c257,c512,c768 tcontext=u:object_r:vendor_xdsp_device:s0 tclass=chr_file permissive=0 app=com.primatelabs.banff
09-14 19:19:26.928 I/auditd  (28837): type=1400 audit(0.0:128619): avc:  denied  { open } for  comm=4173796E635461736B202331 path="/dev/fastrpc-cdsp" dev="tmpfs" ino=1910 scontext=u:r:untrusted_app:s0:c177,c257,c512,c768 tcontext=u:object_r:vendor_qdsp_device:s0 tclass=chr_file permissive=0 app=com.primatelabs.banff
09-14 19:19:26.928 W/com.primatelabs.banff(28837): type=1400 audit(0.0:128619): avc:  denied  { open } for  comm=4173796E635461736B202331 path="/dev/fastrpc-cdsp" dev="tmpfs" ino=1910 scontext=u:r:untrusted_app:s0:c177,c257,c512,c768 tcontext=u:object_r:vendor_qdsp_device:s0 tclass=chr_file permissive=0 app=com.primatelabs.banff
09-14 19:19:26.928 I/auditd  (28837): type=1400 audit(0.0:128620): avc:  denied  { open } for  comm=4173796E635461736B202331 path="/dev/fastrpc-cdsp" dev="tmpfs" ino=1910 scontext=u:r:untrusted_app:s0:c177,c257,c512,c768 tcontext=u:object_r:vendor_qdsp_device:s0 tclass=chr_file permissive=0 app=com.primatelabs.banff
09-14 19:19:26.928 W/com.primatelabs.banff(28837): type=1400 audit(0.0:128620): avc:  denied  { open } for  comm=4173796E635461736B202331 path="/dev/fastrpc-cdsp" dev="tmpfs" ino=1910 scontext=u:r:untrusted_app:s0:c177,c257,c512,c768 tcontext=u:object_r:vendor_qdsp_device:s0 tclass=chr_file permissive=0 app=com.primatelabs.banff
09-14 19:19:29.828 I/auditd  (28837): type=1400 audit(0.0:128624): avc:  denied  { read } for  comm=4173796E635461736B202331 name="fastrpc-cdsp-secure" dev="tmpfs" ino=1909 scontext=u:r:untrusted_app:s0:c177,c257,c512,c768 tcontext=u:object_r:vendor_xdsp_device:s0 tclass=chr_file permissive=0 app=com.primatelabs.banff
09-14 19:19:29.828 W/com.primatelabs.banff(28837): type=1400 audit(0.0:128624): avc:  denied  { read } for  comm=4173796E635461736B202331 name="fastrpc-cdsp-secure" dev="tmpfs" ino=1909 scontext=u:r:untrusted_app:s0:c177,c257,c512,c768 tcontext=u:object_r:vendor_xdsp_device:s0 tclass=chr_file permissive=0 app=com.primatelabs.banff
09-14 19:19:29.828 I/auditd  (28837): type=1400 audit(0.0:128625): avc:  denied  { open } for  comm=4173796E635461736B202331 path="/dev/fastrpc-cdsp" dev="tmpfs" ino=1910 scontext=u:r:untrusted_app:s0:c177,c257,c512,c768 tcontext=u:object_r:vendor_qdsp_device:s0 tclass=chr_file permissive=0 app=com.primatelabs.banff
09-14 19:19:29.828 W/com.primatelabs.banff(28837): type=1400 audit(0.0:128625): avc:  denied  { open } for  comm=4173796E635461736B202331 path="/dev/fastrpc-cdsp" dev="tmpfs" ino=1910 scontext=u:r:untrusted_app:s0:c177,c257,c512,c768 tcontext=u:object_r:vendor_qdsp_device:s0 tclass=chr_file permissive=0 app=com.primatelabs.banff
09-14 19:19:29.828 I/auditd  (28837): type=1400 audit(0.0:128626): avc:  denied  { open } for  comm=4173796E635461736B202331 path="/dev/fastrpc-cdsp" dev="tmpfs" ino=1910 scontext=u:r:untrusted_app:s0:c177,c257,c512,c768 tcontext=u:object_r:vendor_qdsp_device:s0 tclass=chr_file permissive=0 app=com.primatelabs.banff
09-14 19:19:29.828 W/com.primatelabs.banff(28837): type=1400 audit(0.0:128626): avc:  denied  { open } for  comm=4173796E635461736B202331 path="/dev/fastrpc-cdsp" dev="tmpfs" ino=1910 scontext=u:r:untrusted_app:s0:c177,c257,c512,c768 tcontext=u:object_r:vendor_qdsp_device:s0 tclass=chr_file permissive=0 app=com.primatelabs.banff
09-14 19:19:29.832 I/auditd  (28837): type=1400 audit(0.0:128627): avc:  denied  { read } for  comm=4173796E635461736B202331 name="fastrpc-cdsp-secure" dev="tmpfs" ino=1909 scontext=u:r:untrusted_app:s0:c177,c257,c512,c768 tcontext=u:object_r:vendor_xdsp_device:s0 tclass=chr_file permissive=0 app=com.primatelabs.banff
09-14 19:19:29.832 W/com.primatelabs.banff(28837): type=1400 audit(0.0:128627): avc:  denied  { read } for  comm=4173796E635461736B202331 name="fastrpc-cdsp-secure" dev="tmpfs" ino=1909 scontext=u:r:untrusted_app:s0:c177,c257,c512,c768 tcontext=u:object_r:vendor_xdsp_device:s0 tclass=chr_file permissive=0 app=com.primatelabs.banff
09-14 19:19:29.832 I/auditd  (28837): type=1400 audit(0.0:128628): avc:  denied  { open } for  comm=4173796E635461736B202331 path="/dev/fastrpc-cdsp" dev="tmpfs" ino=1910 scontext=u:r:untrusted_app:s0:c177,c257,c512,c768 tcontext=u:object_r:vendor_qdsp_device:s0 tclass=chr_file permissive=0 app=com.primatelabs.banff
09-14 19:19:29.832 W/com.primatelabs.banff(28837): type=1400 audit(0.0:128628): avc:  denied  { open } for  comm=4173796E635461736B202331 path="/dev/fastrpc-cdsp" dev="tmpfs" ino=1910 scontext=u:r:untrusted_app:s0:c177,c257,c512,c768 tcontext=u:object_r:vendor_qdsp_device:s0 tclass=chr_file permissive=0 app=com.primatelabs.banff
09-14 19:19:40.096 I/auditd  (28837): type=1400 audit(0.0:128636): avc:  denied  { read } for  comm=4173796E635461736B202331 name="fastrpc-cdsp-secure" dev="tmpfs" ino=1909 scontext=u:r:untrusted_app:s0:c177,c257,c512,c768 tcontext=u:object_r:vendor_xdsp_device:s0 tclass=chr_file permissive=0 app=com.primatelabs.banff
09-14 19:19:40.096 W/com.primatelabs.banff(28837): type=1400 audit(0.0:128636): avc:  denied  { read } for  comm=4173796E635461736B202331 name="fastrpc-cdsp-secure" dev="tmpfs" ino=1909 scontext=u:r:untrusted_app:s0:c177,c257,c512,c768 tcontext=u:object_r:vendor_xdsp_device:s0 tclass=chr_file permissive=0 app=com.primatelabs.banff
09-14 19:19:40.096 I/auditd  (28837): type=1400 audit(0.0:128637): avc:  denied  { open } for  comm=4173796E635461736B202331 path="/dev/fastrpc-cdsp" dev="tmpfs" ino=1910 scontext=u:r:untrusted_app:s0:c177,c257,c512,c768 tcontext=u:object_r:vendor_qdsp_device:s0 tclass=chr_file permissive=0 app=com.primatelabs.banff
09-14 19:19:40.096 W/com.primatelabs.banff(28837): type=1400 audit(0.0:128637): avc:  denied  { open } for  comm=4173796E635461736B202331 path="/dev/fastrpc-cdsp" dev="tmpfs" ino=1910 scontext=u:r:untrusted_app:s0:c177,c257,c512,c768 tcontext=u:object_r:vendor_qdsp_device:s0 tclass=chr_file permissive=0 app=com.primatelabs.banff
09-14 19:19:40.096 I/auditd  (28837): type=1400 audit(0.0:128638): avc:  denied  { open } for  comm=4173796E635461736B202331 path="/dev/fastrpc-cdsp" dev="tmpfs" ino=1910 scontext=u:r:untrusted_app:s0:c177,c257,c512,c768 tcontext=u:object_r:vendor_qdsp_device:s0 tclass=chr_file permissive=0 app=com.primatelabs.banff
09-14 19:19:40.096 W/com.primatelabs.banff(28837): type=1400 audit(0.0:128638): avc:  denied  { open } for  comm=4173796E635461736B202331 path="/dev/fastrpc-cdsp" dev="tmpfs" ino=1910 scontext=u:r:untrusted_app:s0:c177,c257,c512,c768 tcontext=u:object_r:vendor_qdsp_device:s0 tclass=chr_file permissive=0 app=com.primatelabs.banff
09-14 19:19:40.096 I/auditd  (28837): type=1400 audit(0.0:128639): avc:  denied  { read } for  comm=4173796E635461736B202331 name="fastrpc-cdsp-secure" dev="tmpfs" ino=1909 scontext=u:r:untrusted_app:s0:c177,c257,c512,c768 tcontext=u:object_r:vendor_xdsp_device:s0 tclass=chr_file permissive=0 app=com.primatelabs.banff
09-14 19:19:40.096 W/com.primatelabs.banff(28837): type=1400 audit(0.0:128639): avc:  denied  { read } for  comm=4173796E635461736B202331 name="fastrpc-cdsp-secure" dev="tmpfs" ino=1909 scontext=u:r:untrusted_app:s0:c177,c257,c512,c768 tcontext=u:object_r:vendor_xdsp_device:s0 tclass=chr_file permissive=0 app=com.primatelabs.banff
09-14 19:19:40.096 I/auditd  (28837): type=1400 audit(0.0:128640): avc:  denied  { open } for  comm=4173796E635461736B202331 path="/dev/fastrpc-cdsp" dev="tmpfs" ino=1910 scontext=u:r:untrusted_app:s0:c177,c257,c512,c768 tcontext=u:object_r:vendor_qdsp_device:s0 tclass=chr_file permissive=0 app=com.primatelabs.banff
09-14 19:19:40.096 W/com.primatelabs.banff(28837): type=1400 audit(0.0:128640): avc:  denied  { open } for  comm=4173796E635461736B202331 path="/dev/fastrpc-cdsp" dev="tmpfs" ino=1910 scontext=u:r:untrusted_app:s0:c177,c257,c512,c768 tcontext=u:object_r:vendor_qdsp_device:s0 tclass=chr_file permissive=0 app=com.primatelabs.banff
09-14 19:19:44.016 I/auditd  (28837): type=1400 audit(0.0:128648): avc:  denied  { read } for  comm=4173796E635461736B202331 name="fastrpc-cdsp-secure" dev="tmpfs" ino=1909 scontext=u:r:untrusted_app:s0:c177,c257,c512,c768 tcontext=u:object_r:vendor_xdsp_device:s0 tclass=chr_file permissive=0 app=com.primatelabs.banff
09-14 19:19:44.016 W/com.primatelabs.banff(28837): type=1400 audit(0.0:128648): avc:  denied  { read } for  comm=4173796E635461736B202331 name="fastrpc-cdsp-secure" dev="tmpfs" ino=1909 scontext=u:r:untrusted_app:s0:c177,c257,c512,c768 tcontext=u:object_r:vendor_xdsp_device:s0 tclass=chr_file permissive=0 app=com.primatelabs.banff
09-14 19:19:44.016 I/auditd  (28837): type=1400 audit(0.0:128649): avc:  denied  { open } for  comm=4173796E635461736B202331 path="/dev/fastrpc-cdsp" dev="tmpfs" ino=1910 scontext=u:r:untrusted_app:s0:c177,c257,c512,c768 tcontext=u:object_r:vendor_qdsp_device:s0 tclass=chr_file permissive=0 app=com.primatelabs.banff
09-14 19:19:44.016 W/com.primatelabs.banff(28837): type=1400 audit(0.0:128649): avc:  denied  { open } for  comm=4173796E635461736B202331 path="/dev/fastrpc-cdsp" dev="tmpfs" ino=1910 scontext=u:r:untrusted_app:s0:c177,c257,c512,c768 tcontext=u:object_r:vendor_qdsp_device:s0 tclass=chr_file permissive=0 app=com.primatelabs.banff
09-14 19:19:44.016 I/auditd  (28837): type=1400 audit(0.0:128650): avc:  denied  { open } for  comm=4173796E635461736B202331 path="/dev/fastrpc-cdsp" dev="tmpfs" ino=1910 scontext=u:r:untrusted_app:s0:c177,c257,c512,c768 tcontext=u:object_r:vendor_qdsp_device:s0 tclass=chr_file permissive=0 app=com.primatelabs.banff
09-14 19:19:44.016 W/com.primatelabs.banff(28837): type=1400 audit(0.0:128650): avc:  denied  { open } for  comm=4173796E635461736B202331 path="/dev/fastrpc-cdsp" dev="tmpfs" ino=1910 scontext=u:r:untrusted_app:s0:c177,c257,c512,c768 tcontext=u:object_r:vendor_qdsp_device:s0 tclass=chr_file permissive=0 app=com.primatelabs.banff
09-14 19:19:44.020 I/auditd  (28837): type=1400 audit(0.0:128651): avc:  denied  { read } for  comm=4173796E635461736B202331 name="fastrpc-cdsp-secure" dev="tmpfs" ino=1909 scontext=u:r:untrusted_app:s0:c177,c257,c512,c768 tcontext=u:object_r:vendor_xdsp_device:s0 tclass=chr_file permissive=0 app=com.primatelabs.banff
09-14 19:19:44.020 W/com.primatelabs.banff(28837): type=1400 audit(0.0:128651): avc:  denied  { read } for  comm=4173796E635461736B202331 name="fastrpc-cdsp-secure" dev="tmpfs" ino=1909 scontext=u:r:untrusted_app:s0:c177,c257,c512,c768 tcontext=u:object_r:vendor_xdsp_device:s0 tclass=chr_file permissive=0 app=com.primatelabs.banff
09-14 19:19:44.020 I/auditd  (28837): type=1400 audit(0.0:128652): avc:  denied  { open } for  comm=4173796E635461736B202331 path="/dev/fastrpc-cdsp" dev="tmpfs" ino=1910 scontext=u:r:untrusted_app:s0:c177,c257,c512,c768 tcontext=u:object_r:vendor_qdsp_device:s0 tclass=chr_file permissive=0 app=com.primatelabs.banff
09-14 19:19:44.020 W/com.primatelabs.banff(28837): type=1400 audit(0.0:128652): avc:  denied  { open } for  comm=4173796E635461736B202331 path="/dev/fastrpc-cdsp" dev="tmpfs" ino=1910 scontext=u:r:untrusted_app:s0:c177,c257,c512,c768 tcontext=u:object_r:vendor_qdsp_device:s0 tclass=chr_file permissive=0 app=com.primatelabs.banff
09-14 19:21:55.208 I/auditd  (28837): type=1400 audit(0.0:128660): avc:  denied  { read } for  comm=4173796E635461736B202331 name="fastrpc-cdsp-secure" dev="tmpfs" ino=1909 scontext=u:r:untrusted_app:s0:c177,c257,c512,c768 tcontext=u:object_r:vendor_xdsp_device:s0 tclass=chr_file permissive=0 app=com.primatelabs.banff
09-14 19:21:55.208 W/com.primatelabs.banff(28837): type=1400 audit(0.0:128660): avc:  denied  { read } for  comm=4173796E635461736B202331 name="fastrpc-cdsp-secure" dev="tmpfs" ino=1909 scontext=u:r:untrusted_app:s0:c177,c257,c512,c768 tcontext=u:object_r:vendor_xdsp_device:s0 tclass=chr_file permissive=0 app=com.primatelabs.banff
09-14 19:21:55.208 I/auditd  (28837): type=1400 audit(0.0:128661): avc:  denied  { open } for  comm=4173796E635461736B202331 path="/dev/fastrpc-cdsp" dev="tmpfs" ino=1910 scontext=u:r:untrusted_app:s0:c177,c257,c512,c768 tcontext=u:object_r:vendor_qdsp_device:s0 tclass=chr_file permissive=0 app=com.primatelabs.banff
09-14 19:21:55.208 W/com.primatelabs.banff(28837): type=1400 audit(0.0:128661): avc:  denied  { open } for  comm=4173796E635461736B202331 path="/dev/fastrpc-cdsp" dev="tmpfs" ino=1910 scontext=u:r:untrusted_app:s0:c177,c257,c512,c768 tcontext=u:object_r:vendor_qdsp_device:s0 tclass=chr_file permissive=0 app=com.primatelabs.banff
09-14 19:21:55.208 I/auditd  (28837): type=1400 audit(0.0:128662): avc:  denied  { open } for  comm=4173796E635461736B202331 path="/dev/fastrpc-cdsp" dev="tmpfs" ino=1910 scontext=u:r:untrusted_app:s0:c177,c257,c512,c768 tcontext=u:object_r:vendor_qdsp_device:s0 tclass=chr_file permissive=0 app=com.primatelabs.banff
09-14 19:21:55.208 W/com.primatelabs.banff(28837): type=1400 audit(0.0:128662): avc:  denied  { open } for  comm=4173796E635461736B202331 path="/dev/fastrpc-cdsp" dev="tmpfs" ino=1910 scontext=u:r:untrusted_app:s0:c177,c257,c512,c768 tcontext=u:object_r:vendor_qdsp_device:s0 tclass=chr_file permissive=0 app=com.primatelabs.banff
09-14 19:21:55.212 I/auditd  (28837): type=1400 audit(0.0:128663): avc:  denied  { read } for  comm=4173796E635461736B202331 name="fastrpc-cdsp-secure" dev="tmpfs" ino=1909 scontext=u:r:untrusted_app:s0:c177,c257,c512,c768 tcontext=u:object_r:vendor_xdsp_device:s0 tclass=chr_file permissive=0 app=com.primatelabs.banff
09-14 19:21:55.212 W/com.primatelabs.banff(28837): type=1400 audit(0.0:128663): avc:  denied  { read } for  comm=4173796E635461736B202331 name="fastrpc-cdsp-secure" dev="tmpfs" ino=1909 scontext=u:r:untrusted_app:s0:c177,c257,c512,c768 tcontext=u:object_r:vendor_xdsp_device:s0 tclass=chr_file permissive=0 app=com.primatelabs.banff
09-14 19:21:55.212 I/auditd  (28837): type=1400 audit(0.0:128664): avc:  denied  { open } for  comm=4173796E635461736B202331 path="/dev/fastrpc-cdsp" dev="tmpfs" ino=1910 scontext=u:r:untrusted_app:s0:c177,c257,c512,c768 tcontext=u:object_r:vendor_qdsp_device:s0 tclass=chr_file permissive=0 app=com.primatelabs.banff
09-14 19:21:55.212 W/com.primatelabs.banff(28837): type=1400 audit(0.0:128664): avc:  denied  { open } for  comm=4173796E635461736B202331 path="/dev/fastrpc-cdsp" dev="tmpfs" ino=1910 scontext=u:r:untrusted_app:s0:c177,c257,c512,c768 tcontext=u:object_r:vendor_qdsp_device:s0 tclass=chr_file permissive=0 app=com.primatelabs.banff
09-14 19:21:58.732 I/auditd  (28837): type=1400 audit(0.0:128672): avc:  denied  { read } for  comm=4173796E635461736B202331 name="fastrpc-cdsp-secure" dev="tmpfs" ino=1909 scontext=u:r:untrusted_app:s0:c177,c257,c512,c768 tcontext=u:object_r:vendor_xdsp_device:s0 tclass=chr_file permissive=0 app=com.primatelabs.banff
09-14 19:21:58.732 W/com.primatelabs.banff(28837): type=1400 audit(0.0:128672): avc:  denied  { read } for  comm=4173796E635461736B202331 name="fastrpc-cdsp-secure" dev="tmpfs" ino=1909 scontext=u:r:untrusted_app:s0:c177,c257,c512,c768 tcontext=u:object_r:vendor_xdsp_device:s0 tclass=chr_file permissive=0 app=com.primatelabs.banff
09-14 19:21:58.732 I/auditd  (28837): type=1400 audit(0.0:128673): avc:  denied  { open } for  comm=4173796E635461736B202331 path="/dev/fastrpc-cdsp" dev="tmpfs" ino=1910 scontext=u:r:untrusted_app:s0:c177,c257,c512,c768 tcontext=u:object_r:vendor_qdsp_device:s0 tclass=chr_file permissive=0 app=com.primatelabs.banff
09-14 19:21:58.732 W/com.primatelabs.banff(28837): type=1400 audit(0.0:128673): avc:  denied  { open } for  comm=4173796E635461736B202331 path="/dev/fastrpc-cdsp" dev="tmpfs" ino=1910 scontext=u:r:untrusted_app:s0:c177,c257,c512,c768 tcontext=u:object_r:vendor_qdsp_device:s0 tclass=chr_file permissive=0 app=com.primatelabs.banff
09-14 19:21:58.732 I/auditd  (28837): type=1400 audit(0.0:128674): avc:  denied  { open } for  comm=4173796E635461736B202331 path="/dev/fastrpc-cdsp" dev="tmpfs" ino=1910 scontext=u:r:untrusted_app:s0:c177,c257,c512,c768 tcontext=u:object_r:vendor_qdsp_device:s0 tclass=chr_file permissive=0 app=com.primatelabs.banff
09-14 19:21:58.732 W/com.primatelabs.banff(28837): type=1400 audit(0.0:128674): avc:  denied  { open } for  comm=4173796E635461736B202331 path="/dev/fastrpc-cdsp" dev="tmpfs" ino=1910 scontext=u:r:untrusted_app:s0:c177,c257,c512,c768 tcontext=u:object_r:vendor_qdsp_device:s0 tclass=chr_file permissive=0 app=com.primatelabs.banff
09-14 19:21:58.736 I/auditd  (28837): type=1400 audit(0.0:128675): avc:  denied  { read } for  comm=4173796E635461736B202331 name="fastrpc-cdsp-secure" dev="tmpfs" ino=1909 scontext=u:r:untrusted_app:s0:c177,c257,c512,c768 tcontext=u:object_r:vendor_xdsp_device:s0 tclass=chr_file permissive=0 app=com.primatelabs.banff
09-14 19:21:58.736 W/com.primatelabs.banff(28837): type=1400 audit(0.0:128675): avc:  denied  { read } for  comm=4173796E635461736B202331 name="fastrpc-cdsp-secure" dev="tmpfs" ino=1909 scontext=u:r:untrusted_app:s0:c177,c257,c512,c768 tcontext=u:object_r:vendor_xdsp_device:s0 tclass=chr_file permissive=0 app=com.primatelabs.banff
09-14 19:21:58.736 I/auditd  (28837): type=1400 audit(0.0:128676): avc:  denied  { open } for  comm=4173796E635461736B202331 path="/dev/fastrpc-cdsp" dev="tmpfs" ino=1910 scontext=u:r:untrusted_app:s0:c177,c257,c512,c768 tcontext=u:object_r:vendor_qdsp_device:s0 tclass=chr_file permissive=0 app=com.primatelabs.banff
09-14 19:21:58.736 W/com.primatelabs.banff(28837): type=1400 audit(0.0:128676): avc:  denied  { open } for  comm=4173796E635461736B202331 path="/dev/fastrpc-cdsp" dev="tmpfs" ino=1910 scontext=u:r:untrusted_app:s0:c177,c257,c512,c768 tcontext=u:object_r:vendor_qdsp_device:s0 tclass=chr_file permissive=0 app=com.primatelabs.banff
09-14 19:22:16.800 I/auditd  (28837): type=1400 audit(0.0:128684): avc:  denied  { read } for  comm=4173796E635461736B202331 name="fastrpc-cdsp-secure" dev="tmpfs" ino=1909 scontext=u:r:untrusted_app:s0:c177,c257,c512,c768 tcontext=u:object_r:vendor_xdsp_device:s0 tclass=chr_file permissive=0 app=com.primatelabs.banff
09-14 19:22:16.800 W/com.primatelabs.banff(28837): type=1400 audit(0.0:128684): avc:  denied  { read } for  comm=4173796E635461736B202331 name="fastrpc-cdsp-secure" dev="tmpfs" ino=1909 scontext=u:r:untrusted_app:s0:c177,c257,c512,c768 tcontext=u:object_r:vendor_xdsp_device:s0 tclass=chr_file permissive=0 app=com.primatelabs.banff
09-14 19:22:16.800 I/auditd  (28837): type=1400 audit(0.0:128685): avc:  denied  { open } for  comm=4173796E635461736B202331 path="/dev/fastrpc-cdsp" dev="tmpfs" ino=1910 scontext=u:r:untrusted_app:s0:c177,c257,c512,c768 tcontext=u:object_r:vendor_qdsp_device:s0 tclass=chr_file permissive=0 app=com.primatelabs.banff
09-14 19:22:16.800 W/com.primatelabs.banff(28837): type=1400 audit(0.0:128685): avc:  denied  { open } for  comm=4173796E635461736B202331 path="/dev/fastrpc-cdsp" dev="tmpfs" ino=1910 scontext=u:r:untrusted_app:s0:c177,c257,c512,c768 tcontext=u:object_r:vendor_qdsp_device:s0 tclass=chr_file permissive=0 app=com.primatelabs.banff
09-14 19:22:16.800 I/auditd  (28837): type=1400 audit(0.0:128686): avc:  denied  { open } for  comm=4173796E635461736B202331 path="/dev/fastrpc-cdsp" dev="tmpfs" ino=1910 scontext=u:r:untrusted_app:s0:c177,c257,c512,c768 tcontext=u:object_r:vendor_qdsp_device:s0 tclass=chr_file permissive=0 app=com.primatelabs.banff
09-14 19:22:16.800 W/com.primatelabs.banff(28837): type=1400 audit(0.0:128686): avc:  denied  { open } for  comm=4173796E635461736B202331 path="/dev/fastrpc-cdsp" dev="tmpfs" ino=1910 scontext=u:r:untrusted_app:s0:c177,c257,c512,c768 tcontext=u:object_r:vendor_qdsp_device:s0 tclass=chr_file permissive=0 app=com.primatelabs.banff
09-14 19:22:16.804 I/auditd  (28837): type=1400 audit(0.0:128687): avc:  denied  { read } for  comm=4173796E635461736B202331 name="fastrpc-cdsp-secure" dev="tmpfs" ino=1909 scontext=u:r:untrusted_app:s0:c177,c257,c512,c768 tcontext=u:object_r:vendor_xdsp_device:s0 tclass=chr_file permissive=0 app=com.primatelabs.banff
09-14 19:22:16.804 W/com.primatelabs.banff(28837): type=1400 audit(0.0:128687): avc:  denied  { read } for  comm=4173796E635461736B202331 name="fastrpc-cdsp-secure" dev="tmpfs" ino=1909 scontext=u:r:untrusted_app:s0:c177,c257,c512,c768 tcontext=u:object_r:vendor_xdsp_device:s0 tclass=chr_file permissive=0 app=com.primatelabs.banff
09-14 19:22:16.804 I/auditd  (28837): type=1400 audit(0.0:128688): avc:  denied  { open } for  comm=4173796E635461736B202331 path="/dev/fastrpc-cdsp" dev="tmpfs" ino=1910 scontext=u:r:untrusted_app:s0:c177,c257,c512,c768 tcontext=u:object_r:vendor_qdsp_device:s0 tclass=chr_file permissive=0 app=com.primatelabs.banff
09-14 19:22:16.804 W/com.primatelabs.banff(28837): type=1400 audit(0.0:128688): avc:  denied  { open } for  comm=4173796E635461736B202331 path="/dev/fastrpc-cdsp" dev="tmpfs" ino=1910 scontext=u:r:untrusted_app:s0:c177,c257,c512,c768 tcontext=u:object_r:vendor_qdsp_device:s0 tclass=chr_file permissive=0 app=com.primatelabs.banff
09-14 19:22:19.888 I/auditd  (28837): type=1400 audit(0.0:128696): avc:  denied  { read } for  comm=4173796E635461736B202331 name="fastrpc-cdsp-secure" dev="tmpfs" ino=1909 scontext=u:r:untrusted_app:s0:c177,c257,c512,c768 tcontext=u:object_r:vendor_xdsp_device:s0 tclass=chr_file permissive=0 app=com.primatelabs.banff
09-14 19:22:19.888 W/com.primatelabs.banff(28837): type=1400 audit(0.0:128696): avc:  denied  { read } for  comm=4173796E635461736B202331 name="fastrpc-cdsp-secure" dev="tmpfs" ino=1909 scontext=u:r:untrusted_app:s0:c177,c257,c512,c768 tcontext=u:object_r:vendor_xdsp_device:s0 tclass=chr_file permissive=0 app=com.primatelabs.banff
09-14 19:22:19.888 I/auditd  (28837): type=1400 audit(0.0:128697): avc:  denied  { open } for  comm=4173796E635461736B202331 path="/dev/fastrpc-cdsp" dev="tmpfs" ino=1910 scontext=u:r:untrusted_app:s0:c177,c257,c512,c768 tcontext=u:object_r:vendor_qdsp_device:s0 tclass=chr_file permissive=0 app=com.primatelabs.banff
09-14 19:22:19.888 W/com.primatelabs.banff(28837): type=1400 audit(0.0:128697): avc:  denied  { open } for  comm=4173796E635461736B202331 path="/dev/fastrpc-cdsp" dev="tmpfs" ino=1910 scontext=u:r:untrusted_app:s0:c177,c257,c512,c768 tcontext=u:object_r:vendor_qdsp_device:s0 tclass=chr_file permissive=0 app=com.primatelabs.banff
09-14 19:22:19.888 I/auditd  (28837): type=1400 audit(0.0:128698): avc:  denied  { open } for  comm=4173796E635461736B202331 path="/dev/fastrpc-cdsp" dev="tmpfs" ino=1910 scontext=u:r:untrusted_app:s0:c177,c257,c512,c768 tcontext=u:object_r:vendor_qdsp_device:s0 tclass=chr_file permissive=0 app=com.primatelabs.banff
09-14 19:22:19.888 W/com.primatelabs.banff(28837): type=1400 audit(0.0:128698): avc:  denied  { open } for  comm=4173796E635461736B202331 path="/dev/fastrpc-cdsp" dev="tmpfs" ino=1910 scontext=u:r:untrusted_app:s0:c177,c257,c512,c768 tcontext=u:object_r:vendor_qdsp_device:s0 tclass=chr_file permissive=0 app=com.primatelabs.banff
09-14 19:22:19.888 I/auditd  (28837): type=1400 audit(0.0:128699): avc:  denied  { read } for  comm=4173796E635461736B202331 name="fastrpc-cdsp-secure" dev="tmpfs" ino=1909 scontext=u:r:untrusted_app:s0:c177,c257,c512,c768 tcontext=u:object_r:vendor_xdsp_device:s0 tclass=chr_file permissive=0 app=com.primatelabs.banff
09-14 19:22:19.888 W/com.primatelabs.banff(28837): type=1400 audit(0.0:128699): avc:  denied  { read } for  comm=4173796E635461736B202331 name="fastrpc-cdsp-secure" dev="tmpfs" ino=1909 scontext=u:r:untrusted_app:s0:c177,c257,c512,c768 tcontext=u:object_r:vendor_xdsp_device:s0 tclass=chr_file permissive=0 app=com.primatelabs.banff
09-14 19:22:19.888 I/auditd  (28837): type=1400 audit(0.0:128700): avc:  denied  { open } for  comm=4173796E635461736B202331 path="/dev/fastrpc-cdsp" dev="tmpfs" ino=1910 scontext=u:r:untrusted_app:s0:c177,c257,c512,c768 tcontext=u:object_r:vendor_qdsp_device:s0 tclass=chr_file permissive=0 app=com.primatelabs.banff
09-14 19:22:19.888 W/com.primatelabs.banff(28837): type=1400 audit(0.0:128700): avc:  denied  { open } for  comm=4173796E635461736B202331 path="/dev/fastrpc-cdsp" dev="tmpfs" ino=1910 scontext=u:r:untrusted_app:s0:c177,c257,c512,c768 tcontext=u:object_r:vendor_qdsp_device:s0 tclass=chr_file permissive=0 app=com.primatelabs.banff
09-14 19:22:33.840 I/auditd  (28837): type=1400 audit(0.0:128708): avc:  denied  { read } for  comm=4173796E635461736B202331 name="fastrpc-cdsp-secure" dev="tmpfs" ino=1909 scontext=u:r:untrusted_app:s0:c177,c257,c512,c768 tcontext=u:object_r:vendor_xdsp_device:s0 tclass=chr_file permissive=0 app=com.primatelabs.banff
09-14 19:22:33.840 W/com.primatelabs.banff(28837): type=1400 audit(0.0:128708): avc:  denied  { read } for  comm=4173796E635461736B202331 name="fastrpc-cdsp-secure" dev="tmpfs" ino=1909 scontext=u:r:untrusted_app:s0:c177,c257,c512,c768 tcontext=u:object_r:vendor_xdsp_device:s0 tclass=chr_file permissive=0 app=com.primatelabs.banff
09-14 19:22:33.840 I/auditd  (28837): type=1400 audit(0.0:128709): avc:  denied  { open } for  comm=4173796E635461736B202331 path="/dev/fastrpc-cdsp" dev="tmpfs" ino=1910 scontext=u:r:untrusted_app:s0:c177,c257,c512,c768 tcontext=u:object_r:vendor_qdsp_device:s0 tclass=chr_file permissive=0 app=com.primatelabs.banff
09-14 19:22:33.840 W/com.primatelabs.banff(28837): type=1400 audit(0.0:128709): avc:  denied  { open } for  comm=4173796E635461736B202331 path="/dev/fastrpc-cdsp" dev="tmpfs" ino=1910 scontext=u:r:untrusted_app:s0:c177,c257,c512,c768 tcontext=u:object_r:vendor_qdsp_device:s0 tclass=chr_file permissive=0 app=com.primatelabs.banff
09-14 19:22:33.840 I/auditd  (28837): type=1400 audit(0.0:128710): avc:  denied  { open } for  comm=4173796E635461736B202331 path="/dev/fastrpc-cdsp" dev="tmpfs" ino=1910 scontext=u:r:untrusted_app:s0:c177,c257,c512,c768 tcontext=u:object_r:vendor_qdsp_device:s0 tclass=chr_file permissive=0 app=com.primatelabs.banff
09-14 19:22:33.840 W/com.primatelabs.banff(28837): type=1400 audit(0.0:128710): avc:  denied  { open } for  comm=4173796E635461736B202331 path="/dev/fastrpc-cdsp" dev="tmpfs" ino=1910 scontext=u:r:untrusted_app:s0:c177,c257,c512,c768 tcontext=u:object_r:vendor_qdsp_device:s0 tclass=chr_file permissive=0 app=com.primatelabs.banff
09-14 19:22:33.844 I/auditd  (28837): type=1400 audit(0.0:128711): avc:  denied  { read } for  comm=4173796E635461736B202331 name="fastrpc-cdsp-secure" dev="tmpfs" ino=1909 scontext=u:r:untrusted_app:s0:c177,c257,c512,c768 tcontext=u:object_r:vendor_xdsp_device:s0 tclass=chr_file permissive=0 app=com.primatelabs.banff
09-14 19:22:33.844 W/com.primatelabs.banff(28837): type=1400 audit(0.0:128711): avc:  denied  { read } for  comm=4173796E635461736B202331 name="fastrpc-cdsp-secure" dev="tmpfs" ino=1909 scontext=u:r:untrusted_app:s0:c177,c257,c512,c768 tcontext=u:object_r:vendor_xdsp_device:s0 tclass=chr_file permissive=0 app=com.primatelabs.banff
09-14 19:22:33.844 I/auditd  (28837): type=1400 audit(0.0:128712): avc:  denied  { open } for  comm=4173796E635461736B202331 path="/dev/fastrpc-cdsp" dev="tmpfs" ino=1910 scontext=u:r:untrusted_app:s0:c177,c257,c512,c768 tcontext=u:object_r:vendor_qdsp_device:s0 tclass=chr_file permissive=0 app=com.primatelabs.banff
09-14 19:22:33.844 W/com.primatelabs.banff(28837): type=1400 audit(0.0:128712): avc:  denied  { open } for  comm=4173796E635461736B202331 path="/dev/fastrpc-cdsp" dev="tmpfs" ino=1910 scontext=u:r:untrusted_app:s0:c177,c257,c512,c768 tcontext=u:object_r:vendor_qdsp_device:s0 tclass=chr_file permissive=0 app=com.primatelabs.banff
09-14 19:22:37.512 I/auditd  (28837): type=1400 audit(0.0:128720): avc:  denied  { read } for  comm=4173796E635461736B202331 name="fastrpc-cdsp-secure" dev="tmpfs" ino=1909 scontext=u:r:untrusted_app:s0:c177,c257,c512,c768 tcontext=u:object_r:vendor_xdsp_device:s0 tclass=chr_file permissive=0 app=com.primatelabs.banff
09-14 19:22:37.512 W/com.primatelabs.banff(28837): type=1400 audit(0.0:128720): avc:  denied  { read } for  comm=4173796E635461736B202331 name="fastrpc-cdsp-secure" dev="tmpfs" ino=1909 scontext=u:r:untrusted_app:s0:c177,c257,c512,c768 tcontext=u:object_r:vendor_xdsp_device:s0 tclass=chr_file permissive=0 app=com.primatelabs.banff
09-14 19:22:37.512 I/auditd  (28837): type=1400 audit(0.0:128721): avc:  denied  { open } for  comm=4173796E635461736B202331 path="/dev/fastrpc-cdsp" dev="tmpfs" ino=1910 scontext=u:r:untrusted_app:s0:c177,c257,c512,c768 tcontext=u:object_r:vendor_qdsp_device:s0 tclass=chr_file permissive=0 app=com.primatelabs.banff
09-14 19:22:37.512 W/com.primatelabs.banff(28837): type=1400 audit(0.0:128721): avc:  denied  { open } for  comm=4173796E635461736B202331 path="/dev/fastrpc-cdsp" dev="tmpfs" ino=1910 scontext=u:r:untrusted_app:s0:c177,c257,c512,c768 tcontext=u:object_r:vendor_qdsp_device:s0 tclass=chr_file permissive=0 app=com.primatelabs.banff
09-14 19:22:37.512 I/auditd  (28837): type=1400 audit(0.0:128722): avc:  denied  { open } for  comm=4173796E635461736B202331 path="/dev/fastrpc-cdsp" dev="tmpfs" ino=1910 scontext=u:r:untrusted_app:s0:c177,c257,c512,c768 tcontext=u:object_r:vendor_qdsp_device:s0 tclass=chr_file permissive=0 app=com.primatelabs.banff
09-14 19:22:37.512 W/com.primatelabs.banff(28837): type=1400 audit(0.0:128722): avc:  denied  { open } for  comm=4173796E635461736B202331 path="/dev/fastrpc-cdsp" dev="tmpfs" ino=1910 scontext=u:r:untrusted_app:s0:c177,c257,c512,c768 tcontext=u:object_r:vendor_qdsp_device:s0 tclass=chr_file permissive=0 app=com.primatelabs.banff
09-14 19:22:37.512 I/auditd  (28837): type=1400 audit(0.0:128723): avc:  denied  { read } for  comm=4173796E635461736B202331 name="fastrpc-cdsp-secure" dev="tmpfs" ino=1909 scontext=u:r:untrusted_app:s0:c177,c257,c512,c768 tcontext=u:object_r:vendor_xdsp_device:s0 tclass=chr_file permissive=0 app=com.primatelabs.banff
09-14 19:22:37.512 W/com.primatelabs.banff(28837): type=1400 audit(0.0:128723): avc:  denied  { read } for  comm=4173796E635461736B202331 name="fastrpc-cdsp-secure" dev="tmpfs" ino=1909 scontext=u:r:untrusted_app:s0:c177,c257,c512,c768 tcontext=u:object_r:vendor_xdsp_device:s0 tclass=chr_file permissive=0 app=com.primatelabs.banff
09-14 19:22:37.512 I/auditd  (28837): type=1400 audit(0.0:128724): avc:  denied  { open } for  comm=4173796E635461736B202331 path="/dev/fastrpc-cdsp" dev="tmpfs" ino=1910 scontext=u:r:untrusted_app:s0:c177,c257,c512,c768 tcontext=u:object_r:vendor_qdsp_device:s0 tclass=chr_file permissive=0 app=com.primatelabs.banff
09-14 19:22:37.512 W/com.primatelabs.banff(28837): type=1400 audit(0.0:128724): avc:  denied  { open } for  comm=4173796E635461736B202331 path="/dev/fastrpc-cdsp" dev="tmpfs" ino=1910 scontext=u:r:untrusted_app:s0:c177,c257,c512,c768 tcontext=u:object_r:vendor_qdsp_device:s0 tclass=chr_file permissive=0 app=com.primatelabs.banff
09-14 19:23:06.676 I/auditd  (28837): type=1400 audit(0.0:128733): avc:  denied  { read } for  comm=4173796E635461736B202331 name="fastrpc-cdsp-secure" dev="tmpfs" ino=1909 scontext=u:r:untrusted_app:s0:c177,c257,c512,c768 tcontext=u:object_r:vendor_xdsp_device:s0 tclass=chr_file permissive=0 app=com.primatelabs.banff
09-14 19:23:06.676 W/com.primatelabs.banff(28837): type=1400 audit(0.0:128733): avc:  denied  { read } for  comm=4173796E635461736B202331 name="fastrpc-cdsp-secure" dev="tmpfs" ino=1909 scontext=u:r:untrusted_app:s0:c177,c257,c512,c768 tcontext=u:object_r:vendor_xdsp_device:s0 tclass=chr_file permissive=0 app=com.primatelabs.banff
09-14 19:23:06.676 I/auditd  (28837): type=1400 audit(0.0:128734): avc:  denied  { open } for  comm=4173796E635461736B202331 path="/dev/fastrpc-cdsp" dev="tmpfs" ino=1910 scontext=u:r:untrusted_app:s0:c177,c257,c512,c768 tcontext=u:object_r:vendor_qdsp_device:s0 tclass=chr_file permissive=0 app=com.primatelabs.banff
09-14 19:23:06.676 W/com.primatelabs.banff(28837): type=1400 audit(0.0:128734): avc:  denied  { open } for  comm=4173796E635461736B202331 path="/dev/fastrpc-cdsp" dev="tmpfs" ino=1910 scontext=u:r:untrusted_app:s0:c177,c257,c512,c768 tcontext=u:object_r:vendor_qdsp_device:s0 tclass=chr_file permissive=0 app=com.primatelabs.banff
09-14 19:23:06.676 I/auditd  (28837): type=1400 audit(0.0:128735): avc:  denied  { open } for  comm=4173796E635461736B202331 path="/dev/fastrpc-cdsp" dev="tmpfs" ino=1910 scontext=u:r:untrusted_app:s0:c177,c257,c512,c768 tcontext=u:object_r:vendor_qdsp_device:s0 tclass=chr_file permissive=0 app=com.primatelabs.banff
09-14 19:23:06.676 W/com.primatelabs.banff(28837): type=1400 audit(0.0:128735): avc:  denied  { open } for  comm=4173796E635461736B202331 path="/dev/fastrpc-cdsp" dev="tmpfs" ino=1910 scontext=u:r:untrusted_app:s0:c177,c257,c512,c768 tcontext=u:object_r:vendor_qdsp_device:s0 tclass=chr_file permissive=0 app=com.primatelabs.banff
09-14 19:23:06.676 I/auditd  (28837): type=1400 audit(0.0:128736): avc:  denied  { read } for  comm=4173796E635461736B202331 name="fastrpc-cdsp-secure" dev="tmpfs" ino=1909 scontext=u:r:untrusted_app:s0:c177,c257,c512,c768 tcontext=u:object_r:vendor_xdsp_device:s0 tclass=chr_file permissive=0 app=com.primatelabs.banff
09-14 19:23:06.676 W/com.primatelabs.banff(28837): type=1400 audit(0.0:128736): avc:  denied  { read } for  comm=4173796E635461736B202331 name="fastrpc-cdsp-secure" dev="tmpfs" ino=1909 scontext=u:r:untrusted_app:s0:c177,c257,c512,c768 tcontext=u:object_r:vendor_xdsp_device:s0 tclass=chr_file permissive=0 app=com.primatelabs.banff
09-14 19:23:06.676 I/auditd  (28837): type=1400 audit(0.0:128737): avc:  denied  { open } for  comm=4173796E635461736B202331 path="/dev/fastrpc-cdsp" dev="tmpfs" ino=1910 scontext=u:r:untrusted_app:s0:c177,c257,c512,c768 tcontext=u:object_r:vendor_qdsp_device:s0 tclass=chr_file permissive=0 app=com.primatelabs.banff
09-14 19:23:06.676 W/com.primatelabs.banff(28837): type=1400 audit(0.0:128737): avc:  denied  { open } for  comm=4173796E635461736B202331 path="/dev/fastrpc-cdsp" dev="tmpfs" ino=1910 scontext=u:r:untrusted_app:s0:c177,c257,c512,c768 tcontext=u:object_r:vendor_qdsp_device:s0 tclass=chr_file permissive=0 app=com.primatelabs.banff
09-14 19:23:06.676 I/auditd  (28837): type=1400 audit(0.0:128738): avc:  denied  { open } for  comm=4173796E635461736B202331 path="/dev/fastrpc-cdsp" dev="tmpfs" ino=1910 scontext=u:r:untrusted_app:s0:c177,c257,c512,c768 tcontext=u:object_r:vendor_qdsp_device:s0 tclass=chr_file permissive=0 app=com.primatelabs.banff
09-14 19:23:06.676 W/com.primatelabs.banff(28837): type=1400 audit(0.0:128738): avc:  denied  { open } for  comm=4173796E635461736B202331 path="/dev/fastrpc-cdsp" dev="tmpfs" ino=1910 scontext=u:r:untrusted_app:s0:c177,c257,c512,c768 tcontext=u:object_r:vendor_qdsp_device:s0 tclass=chr_file permissive=0 app=com.primatelabs.banff
09-14 19:23:06.680 I/auditd  (28837): type=1400 audit(0.0:128739): avc:  denied  { read } for  comm=4173796E635461736B202331 name="fastrpc-cdsp-secure" dev="tmpfs" ino=1909 scontext=u:r:untrusted_app:s0:c177,c257,c512,c768 tcontext=u:object_r:vendor_xdsp_device:s0 tclass=chr_file permissive=0 app=com.primatelabs.banff
09-14 19:23:06.680 W/com.primatelabs.banff(28837): type=1400 audit(0.0:128739): avc:  denied  { read } for  comm=4173796E635461736B202331 name="fastrpc-cdsp-secure" dev="tmpfs" ino=1909 scontext=u:r:untrusted_app:s0:c177,c257,c512,c768 tcontext=u:object_r:vendor_xdsp_device:s0 tclass=chr_file permissive=0 app=com.primatelabs.banff
09-14 19:23:06.680 I/auditd  (28837): type=1400 audit(0.0:128740): avc:  denied  { open } for  comm=4173796E635461736B202331 path="/dev/fastrpc-cdsp" dev="tmpfs" ino=1910 scontext=u:r:untrusted_app:s0:c177,c257,c512,c768 tcontext=u:object_r:vendor_qdsp_device:s0 tclass=chr_file permissive=0 app=com.primatelabs.banff
09-14 19:23:06.680 W/com.primatelabs.banff(28837): type=1400 audit(0.0:128740): avc:  denied  { open } for  comm=4173796E635461736B202331 path="/dev/fastrpc-cdsp" dev="tmpfs" ino=1910 scontext=u:r:untrusted_app:s0:c177,c257,c512,c768 tcontext=u:object_r:vendor_qdsp_device:s0 tclass=chr_file permissive=0 app=com.primatelabs.banff
09-14 19:23:06.680 I/auditd  (28837): type=1400 audit(0.0:128741): avc:  denied  { open } for  comm=4173796E635461736B202331 path="/dev/fastrpc-cdsp" dev="tmpfs" ino=1910 scontext=u:r:untrusted_app:s0:c177,c257,c512,c768 tcontext=u:object_r:vendor_qdsp_device:s0 tclass=chr_file permissive=0 app=com.primatelabs.banff
09-14 19:23:06.680 W/com.primatelabs.banff(28837): type=1400 audit(0.0:128741): avc:  denied  { open } for  comm=4173796E635461736B202331 path="/dev/fastrpc-cdsp" dev="tmpfs" ino=1910 scontext=u:r:untrusted_app:s0:c177,c257,c512,c768 tcontext=u:object_r:vendor_qdsp_device:s0 tclass=chr_file permissive=0 app=com.primatelabs.banff
09-14 19:23:10.532 I/auditd  (28837): type=1400 audit(0.0:128745): avc:  denied  { read } for  comm=4173796E635461736B202331 name="fastrpc-cdsp-secure" dev="tmpfs" ino=1909 scontext=u:r:untrusted_app:s0:c177,c257,c512,c768 tcontext=u:object_r:vendor_xdsp_device:s0 tclass=chr_file permissive=0 app=com.primatelabs.banff
09-14 19:23:10.532 W/com.primatelabs.banff(28837): type=1400 audit(0.0:128745): avc:  denied  { read } for  comm=4173796E635461736B202331 name="fastrpc-cdsp-secure" dev="tmpfs" ino=1909 scontext=u:r:untrusted_app:s0:c177,c257,c512,c768 tcontext=u:object_r:vendor_xdsp_device:s0 tclass=chr_file permissive=0 app=com.primatelabs.banff
09-14 19:23:10.536 I/auditd  (28837): type=1400 audit(0.0:128746): avc:  denied  { open } for  comm=4173796E635461736B202331 path="/dev/fastrpc-cdsp" dev="tmpfs" ino=1910 scontext=u:r:untrusted_app:s0:c177,c257,c512,c768 tcontext=u:object_r:vendor_qdsp_device:s0 tclass=chr_file permissive=0 app=com.primatelabs.banff
09-14 19:23:10.536 W/com.primatelabs.banff(28837): type=1400 audit(0.0:128746): avc:  denied  { open } for  comm=4173796E635461736B202331 path="/dev/fastrpc-cdsp" dev="tmpfs" ino=1910 scontext=u:r:untrusted_app:s0:c177,c257,c512,c768 tcontext=u:object_r:vendor_qdsp_device:s0 tclass=chr_file permissive=0 app=com.primatelabs.banff
09-14 19:23:10.536 I/auditd  (28837): type=1400 audit(0.0:128747): avc:  denied  { open } for  comm=4173796E635461736B202331 path="/dev/fastrpc-cdsp" dev="tmpfs" ino=1910 scontext=u:r:untrusted_app:s0:c177,c257,c512,c768 tcontext=u:object_r:vendor_qdsp_device:s0 tclass=chr_file permissive=0 app=com.primatelabs.banff
09-14 19:23:10.536 W/com.primatelabs.banff(28837): type=1400 audit(0.0:128747): avc:  denied  { open } for  comm=4173796E635461736B202331 path="/dev/fastrpc-cdsp" dev="tmpfs" ino=1910 scontext=u:r:untrusted_app:s0:c177,c257,c512,c768 tcontext=u:object_r:vendor_qdsp_device:s0 tclass=chr_file permissive=0 app=com.primatelabs.banff
09-14 19:23:10.536 I/auditd  (28837): type=1400 audit(0.0:128748): avc:  denied  { read } for  comm=4173796E635461736B202331 name="fastrpc-cdsp-secure" dev="tmpfs" ino=1909 scontext=u:r:untrusted_app:s0:c177,c257,c512,c768 tcontext=u:object_r:vendor_xdsp_device:s0 tclass=chr_file permissive=0 app=com.primatelabs.banff
09-14 19:23:10.536 W/com.primatelabs.banff(28837): type=1400 audit(0.0:128748): avc:  denied  { read } for  comm=4173796E635461736B202331 name="fastrpc-cdsp-secure" dev="tmpfs" ino=1909 scontext=u:r:untrusted_app:s0:c177,c257,c512,c768 tcontext=u:object_r:vendor_xdsp_device:s0 tclass=chr_file permissive=0 app=com.primatelabs.banff
09-14 19:23:10.536 I/auditd  (28837): type=1400 audit(0.0:128749): avc:  denied  { open } for  comm=4173796E635461736B202331 path="/dev/fastrpc-cdsp" dev="tmpfs" ino=1910 scontext=u:r:untrusted_app:s0:c177,c257,c512,c768 tcontext=u:object_r:vendor_qdsp_device:s0 tclass=chr_file permissive=0 app=com.primatelabs.banff
09-14 19:23:10.536 W/com.primatelabs.banff(28837): type=1400 audit(0.0:128749): avc:  denied  { open } for  comm=4173796E635461736B202331 path="/dev/fastrpc-cdsp" dev="tmpfs" ino=1910 scontext=u:r:untrusted_app:s0:c177,c257,c512,c768 tcontext=u:object_r:vendor_qdsp_device:s0 tclass=chr_file permissive=0 app=com.primatelabs.banff
09-14 19:24:05.988 I/auditd  (28837): type=1400 audit(0.0:128757): avc:  denied  { read } for  comm=4173796E635461736B202331 name="fastrpc-cdsp-secure" dev="tmpfs" ino=1909 scontext=u:r:untrusted_app:s0:c177,c257,c512,c768 tcontext=u:object_r:vendor_xdsp_device:s0 tclass=chr_file permissive=0 app=com.primatelabs.banff
09-14 19:24:05.988 W/com.primatelabs.banff(28837): type=1400 audit(0.0:128757): avc:  denied  { read } for  comm=4173796E635461736B202331 name="fastrpc-cdsp-secure" dev="tmpfs" ino=1909 scontext=u:r:untrusted_app:s0:c177,c257,c512,c768 tcontext=u:object_r:vendor_xdsp_device:s0 tclass=chr_file permissive=0 app=com.primatelabs.banff
09-14 19:24:05.988 I/auditd  (28837): type=1400 audit(0.0:128758): avc:  denied  { open } for  comm=4173796E635461736B202331 path="/dev/fastrpc-cdsp" dev="tmpfs" ino=1910 scontext=u:r:untrusted_app:s0:c177,c257,c512,c768 tcontext=u:object_r:vendor_qdsp_device:s0 tclass=chr_file permissive=0 app=com.primatelabs.banff
09-14 19:24:05.988 W/com.primatelabs.banff(28837): type=1400 audit(0.0:128758): avc:  denied  { open } for  comm=4173796E635461736B202331 path="/dev/fastrpc-cdsp" dev="tmpfs" ino=1910 scontext=u:r:untrusted_app:s0:c177,c257,c512,c768 tcontext=u:object_r:vendor_qdsp_device:s0 tclass=chr_file permissive=0 app=com.primatelabs.banff
09-14 19:24:05.988 I/auditd  (28837): type=1400 audit(0.0:128759): avc:  denied  { open } for  comm=4173796E635461736B202331 path="/dev/fastrpc-cdsp" dev="tmpfs" ino=1910 scontext=u:r:untrusted_app:s0:c177,c257,c512,c768 tcontext=u:object_r:vendor_qdsp_device:s0 tclass=chr_file permissive=0 app=com.primatelabs.banff
09-14 19:24:05.988 W/com.primatelabs.banff(28837): type=1400 audit(0.0:128759): avc:  denied  { open } for  comm=4173796E635461736B202331 path="/dev/fastrpc-cdsp" dev="tmpfs" ino=1910 scontext=u:r:untrusted_app:s0:c177,c257,c512,c768 tcontext=u:object_r:vendor_qdsp_device:s0 tclass=chr_file permissive=0 app=com.primatelabs.banff
09-14 19:24:05.992 I/auditd  (28837): type=1400 audit(0.0:128760): avc:  denied  { read } for  comm=4173796E635461736B202331 name="fastrpc-cdsp-secure" dev="tmpfs" ino=1909 scontext=u:r:untrusted_app:s0:c177,c257,c512,c768 tcontext=u:object_r:vendor_xdsp_device:s0 tclass=chr_file permissive=0 app=com.primatelabs.banff
09-14 19:24:05.992 W/com.primatelabs.banff(28837): type=1400 audit(0.0:128760): avc:  denied  { read } for  comm=4173796E635461736B202331 name="fastrpc-cdsp-secure" dev="tmpfs" ino=1909 scontext=u:r:untrusted_app:s0:c177,c257,c512,c768 tcontext=u:object_r:vendor_xdsp_device:s0 tclass=chr_file permissive=0 app=com.primatelabs.banff
09-14 19:24:05.992 I/auditd  (28837): type=1400 audit(0.0:128761): avc:  denied  { open } for  comm=4173796E635461736B202331 path="/dev/fastrpc-cdsp" dev="tmpfs" ino=1910 scontext=u:r:untrusted_app:s0:c177,c257,c512,c768 tcontext=u:object_r:vendor_qdsp_device:s0 tclass=chr_file permissive=0 app=com.primatelabs.banff
09-14 19:24:05.992 W/com.primatelabs.banff(28837): type=1400 audit(0.0:128761): avc:  denied  { open } for  comm=4173796E635461736B202331 path="/dev/fastrpc-cdsp" dev="tmpfs" ino=1910 scontext=u:r:untrusted_app:s0:c177,c257,c512,c768 tcontext=u:object_r:vendor_qdsp_device:s0 tclass=chr_file permissive=0 app=com.primatelabs.banff
09-14 19:24:11.144 I/auditd  (28837): type=1400 audit(0.0:128769): avc:  denied  { read } for  comm=4173796E635461736B202331 name="fastrpc-cdsp-secure" dev="tmpfs" ino=1909 scontext=u:r:untrusted_app:s0:c177,c257,c512,c768 tcontext=u:object_r:vendor_xdsp_device:s0 tclass=chr_file permissive=0 app=com.primatelabs.banff
09-14 19:24:11.144 W/com.primatelabs.banff(28837): type=1400 audit(0.0:128769): avc:  denied  { read } for  comm=4173796E635461736B202331 name="fastrpc-cdsp-secure" dev="tmpfs" ino=1909 scontext=u:r:untrusted_app:s0:c177,c257,c512,c768 tcontext=u:object_r:vendor_xdsp_device:s0 tclass=chr_file permissive=0 app=com.primatelabs.banff
09-14 19:24:11.144 I/auditd  (28837): type=1400 audit(0.0:128770): avc:  denied  { open } for  comm=4173796E635461736B202331 path="/dev/fastrpc-cdsp" dev="tmpfs" ino=1910 scontext=u:r:untrusted_app:s0:c177,c257,c512,c768 tcontext=u:object_r:vendor_qdsp_device:s0 tclass=chr_file permissive=0 app=com.primatelabs.banff
09-14 19:24:11.144 W/com.primatelabs.banff(28837): type=1400 audit(0.0:128770): avc:  denied  { open } for  comm=4173796E635461736B202331 path="/dev/fastrpc-cdsp" dev="tmpfs" ino=1910 scontext=u:r:untrusted_app:s0:c177,c257,c512,c768 tcontext=u:object_r:vendor_qdsp_device:s0 tclass=chr_file permissive=0 app=com.primatelabs.banff
09-14 19:24:11.144 I/auditd  (28837): type=1400 audit(0.0:128771): avc:  denied  { open } for  comm=4173796E635461736B202331 path="/dev/fastrpc-cdsp" dev="tmpfs" ino=1910 scontext=u:r:untrusted_app:s0:c177,c257,c512,c768 tcontext=u:object_r:vendor_qdsp_device:s0 tclass=chr_file permissive=0 app=com.primatelabs.banff
09-14 19:24:11.144 W/com.primatelabs.banff(28837): type=1400 audit(0.0:128771): avc:  denied  { open } for  comm=4173796E635461736B202331 path="/dev/fastrpc-cdsp" dev="tmpfs" ino=1910 scontext=u:r:untrusted_app:s0:c177,c257,c512,c768 tcontext=u:object_r:vendor_qdsp_device:s0 tclass=chr_file permissive=0 app=com.primatelabs.banff
09-14 19:24:11.148 I/auditd  (28837): type=1400 audit(0.0:128772): avc:  denied  { read } for  comm=4173796E635461736B202331 name="fastrpc-cdsp-secure" dev="tmpfs" ino=1909 scontext=u:r:untrusted_app:s0:c177,c257,c512,c768 tcontext=u:object_r:vendor_xdsp_device:s0 tclass=chr_file permissive=0 app=com.primatelabs.banff
09-14 19:24:11.148 I/auditd  (28837): type=1400 audit(0.0:128773): avc:  denied  { open } for  comm=4173796E635461736B202331 path="/dev/fastrpc-cdsp" dev="tmpfs" ino=1910 scontext=u:r:untrusted_app:s0:c177,c257,c512,c768 tcontext=u:object_r:vendor_qdsp_device:s0 tclass=chr_file permissive=0 app=com.primatelabs.banff
09-14 19:24:11.148 W/com.primatelabs.banff(28837): type=1400 audit(0.0:128773): avc:  denied  { open } for  comm=4173796E635461736B202331 path="/dev/fastrpc-cdsp" dev="tmpfs" ino=1910 scontext=u:r:untrusted_app:s0:c177,c257,c512,c768 tcontext=u:object_r:vendor_qdsp_device:s0 tclass=chr_file permissive=0 app=com.primatelabs.banff
09-14 19:24:35.328 I/auditd  (28837): type=1400 audit(0.0:128781): avc:  denied  { read } for  comm=4173796E635461736B202331 name="fastrpc-cdsp-secure" dev="tmpfs" ino=1909 scontext=u:r:untrusted_app:s0:c177,c257,c512,c768 tcontext=u:object_r:vendor_xdsp_device:s0 tclass=chr_file permissive=0 app=com.primatelabs.banff
09-14 19:24:35.328 W/com.primatelabs.banff(28837): type=1400 audit(0.0:128781): avc:  denied  { read } for  comm=4173796E635461736B202331 name="fastrpc-cdsp-secure" dev="tmpfs" ino=1909 scontext=u:r:untrusted_app:s0:c177,c257,c512,c768 tcontext=u:object_r:vendor_xdsp_device:s0 tclass=chr_file permissive=0 app=com.primatelabs.banff
09-14 19:24:35.328 I/auditd  (28837): type=1400 audit(0.0:128782): avc:  denied  { open } for  comm=4173796E635461736B202331 path="/dev/fastrpc-cdsp" dev="tmpfs" ino=1910 scontext=u:r:untrusted_app:s0:c177,c257,c512,c768 tcontext=u:object_r:vendor_qdsp_device:s0 tclass=chr_file permissive=0 app=com.primatelabs.banff
09-14 19:24:35.328 W/com.primatelabs.banff(28837): type=1400 audit(0.0:128782): avc:  denied  { open } for  comm=4173796E635461736B202331 path="/dev/fastrpc-cdsp" dev="tmpfs" ino=1910 scontext=u:r:untrusted_app:s0:c177,c257,c512,c768 tcontext=u:object_r:vendor_qdsp_device:s0 tclass=chr_file permissive=0 app=com.primatelabs.banff
09-14 19:24:35.328 I/auditd  (28837): type=1400 audit(0.0:128783): avc:  denied  { open } for  comm=4173796E635461736B202331 path="/dev/fastrpc-cdsp" dev="tmpfs" ino=1910 scontext=u:r:untrusted_app:s0:c177,c257,c512,c768 tcontext=u:object_r:vendor_qdsp_device:s0 tclass=chr_file permissive=0 app=com.primatelabs.banff
09-14 19:24:35.328 W/com.primatelabs.banff(28837): type=1400 audit(0.0:128783): avc:  denied  { open } for  comm=4173796E635461736B202331 path="/dev/fastrpc-cdsp" dev="tmpfs" ino=1910 scontext=u:r:untrusted_app:s0:c177,c257,c512,c768 tcontext=u:object_r:vendor_qdsp_device:s0 tclass=chr_file permissive=0 app=com.primatelabs.banff
09-14 19:24:35.328 I/auditd  (28837): type=1400 audit(0.0:128784): avc:  denied  { read } for  comm=4173796E635461736B202331 name="fastrpc-cdsp-secure" dev="tmpfs" ino=1909 scontext=u:r:untrusted_app:s0:c177,c257,c512,c768 tcontext=u:object_r:vendor_xdsp_device:s0 tclass=chr_file permissive=0 app=com.primatelabs.banff
09-14 19:24:35.328 W/com.primatelabs.banff(28837): type=1400 audit(0.0:128784): avc:  denied  { read } for  comm=4173796E635461736B202331 name="fastrpc-cdsp-secure" dev="tmpfs" ino=1909 scontext=u:r:untrusted_app:s0:c177,c257,c512,c768 tcontext=u:object_r:vendor_xdsp_device:s0 tclass=chr_file permissive=0 app=com.primatelabs.banff
09-14 19:24:35.328 I/auditd  (28837): type=1400 audit(0.0:128785): avc:  denied  { open } for  comm=4173796E635461736B202331 path="/dev/fastrpc-cdsp" dev="tmpfs" ino=1910 scontext=u:r:untrusted_app:s0:c177,c257,c512,c768 tcontext=u:object_r:vendor_qdsp_device:s0 tclass=chr_file permissive=0 app=com.primatelabs.banff
09-14 19:24:35.328 W/com.primatelabs.banff(28837): type=1400 audit(0.0:128785): avc:  denied  { open } for  comm=4173796E635461736B202331 path="/dev/fastrpc-cdsp" dev="tmpfs" ino=1910 scontext=u:r:untrusted_app:s0:c177,c257,c512,c768 tcontext=u:object_r:vendor_qdsp_device:s0 tclass=chr_file permissive=0 app=com.primatelabs.banff
09-14 19:24:38.776 I/auditd  (28837): type=1400 audit(0.0:128793): avc:  denied  { read } for  comm=4173796E635461736B202331 name="fastrpc-cdsp-secure" dev="tmpfs" ino=1909 scontext=u:r:untrusted_app:s0:c177,c257,c512,c768 tcontext=u:object_r:vendor_xdsp_device:s0 tclass=chr_file permissive=0 app=com.primatelabs.banff
09-14 19:24:38.776 W/com.primatelabs.banff(28837): type=1400 audit(0.0:128793): avc:  denied  { read } for  comm=4173796E635461736B202331 name="fastrpc-cdsp-secure" dev="tmpfs" ino=1909 scontext=u:r:untrusted_app:s0:c177,c257,c512,c768 tcontext=u:object_r:vendor_xdsp_device:s0 tclass=chr_file permissive=0 app=com.primatelabs.banff
09-14 19:24:38.776 I/auditd  (28837): type=1400 audit(0.0:128794): avc:  denied  { open } for  comm=4173796E635461736B202331 path="/dev/fastrpc-cdsp" dev="tmpfs" ino=1910 scontext=u:r:untrusted_app:s0:c177,c257,c512,c768 tcontext=u:object_r:vendor_qdsp_device:s0 tclass=chr_file permissive=0 app=com.primatelabs.banff
09-14 19:24:38.776 W/com.primatelabs.banff(28837): type=1400 audit(0.0:128794): avc:  denied  { open } for  comm=4173796E635461736B202331 path="/dev/fastrpc-cdsp" dev="tmpfs" ino=1910 scontext=u:r:untrusted_app:s0:c177,c257,c512,c768 tcontext=u:object_r:vendor_qdsp_device:s0 tclass=chr_file permissive=0 app=com.primatelabs.banff
09-14 19:24:38.776 I/auditd  (28837): type=1400 audit(0.0:128795): avc:  denied  { open } for  comm=4173796E635461736B202331 path="/dev/fastrpc-cdsp" dev="tmpfs" ino=1910 scontext=u:r:untrusted_app:s0:c177,c257,c512,c768 tcontext=u:object_r:vendor_qdsp_device:s0 tclass=chr_file permissive=0 app=com.primatelabs.banff
09-14 19:24:38.776 W/com.primatelabs.banff(28837): type=1400 audit(0.0:128795): avc:  denied  { open } for  comm=4173796E635461736B202331 path="/dev/fastrpc-cdsp" dev="tmpfs" ino=1910 scontext=u:r:untrusted_app:s0:c177,c257,c512,c768 tcontext=u:object_r:vendor_qdsp_device:s0 tclass=chr_file permissive=0 app=com.primatelabs.banff
09-14 19:24:38.776 I/auditd  (28837): type=1400 audit(0.0:128796): avc:  denied  { read } for  comm=4173796E635461736B202331 name="fastrpc-cdsp-secure" dev="tmpfs" ino=1909 scontext=u:r:untrusted_app:s0:c177,c257,c512,c768 tcontext=u:object_r:vendor_xdsp_device:s0 tclass=chr_file permissive=0 app=com.primatelabs.banff
09-14 19:24:38.776 W/com.primatelabs.banff(28837): type=1400 audit(0.0:128796): avc:  denied  { read } for  comm=4173796E635461736B202331 name="fastrpc-cdsp-secure" dev="tmpfs" ino=1909 scontext=u:r:untrusted_app:s0:c177,c257,c512,c768 tcontext=u:object_r:vendor_xdsp_device:s0 tclass=chr_file permissive=0 app=com.primatelabs.banff
09-14 19:24:38.776 I/auditd  (28837): type=1400 audit(0.0:128797): avc:  denied  { open } for  comm=4173796E635461736B202331 path="/dev/fastrpc-cdsp" dev="tmpfs" ino=1910 scontext=u:r:untrusted_app:s0:c177,c257,c512,c768 tcontext=u:object_r:vendor_qdsp_device:s0 tclass=chr_file permissive=0 app=com.primatelabs.banff
09-14 19:24:38.776 W/com.primatelabs.banff(28837): type=1400 audit(0.0:128797): avc:  denied  { open } for  comm=4173796E635461736B202331 path="/dev/fastrpc-cdsp" dev="tmpfs" ino=1910 scontext=u:r:untrusted_app:s0:c177,c257,c512,c768 tcontext=u:object_r:vendor_qdsp_device:s0 tclass=chr_file permissive=0 app=com.primatelabs.banff
09-14 19:24:46.572 I/auditd  (28837): type=1400 audit(0.0:128805): avc:  denied  { read } for  comm=4173796E635461736B202331 name="fastrpc-cdsp-secure" dev="tmpfs" ino=1909 scontext=u:r:untrusted_app:s0:c177,c257,c512,c768 tcontext=u:object_r:vendor_xdsp_device:s0 tclass=chr_file permissive=0 app=com.primatelabs.banff
09-14 19:24:46.572 W/com.primatelabs.banff(28837): type=1400 audit(0.0:128805): avc:  denied  { read } for  comm=4173796E635461736B202331 name="fastrpc-cdsp-secure" dev="tmpfs" ino=1909 scontext=u:r:untrusted_app:s0:c177,c257,c512,c768 tcontext=u:object_r:vendor_xdsp_device:s0 tclass=chr_file permissive=0 app=com.primatelabs.banff
09-14 19:24:46.572 I/auditd  (28837): type=1400 audit(0.0:128806): avc:  denied  { open } for  comm=4173796E635461736B202331 path="/dev/fastrpc-cdsp" dev="tmpfs" ino=1910 scontext=u:r:untrusted_app:s0:c177,c257,c512,c768 tcontext=u:object_r:vendor_qdsp_device:s0 tclass=chr_file permissive=0 app=com.primatelabs.banff
09-14 19:24:46.572 W/com.primatelabs.banff(28837): type=1400 audit(0.0:128806): avc:  denied  { open } for  comm=4173796E635461736B202331 path="/dev/fastrpc-cdsp" dev="tmpfs" ino=1910 scontext=u:r:untrusted_app:s0:c177,c257,c512,c768 tcontext=u:object_r:vendor_qdsp_device:s0 tclass=chr_file permissive=0 app=com.primatelabs.banff
09-14 19:24:46.572 I/auditd  (28837): type=1400 audit(0.0:128807): avc:  denied  { open } for  comm=4173796E635461736B202331 path="/dev/fastrpc-cdsp" dev="tmpfs" ino=1910 scontext=u:r:untrusted_app:s0:c177,c257,c512,c768 tcontext=u:object_r:vendor_qdsp_device:s0 tclass=chr_file permissive=0 app=com.primatelabs.banff
09-14 19:24:46.572 W/com.primatelabs.banff(28837): type=1400 audit(0.0:128807): avc:  denied  { open } for  comm=4173796E635461736B202331 path="/dev/fastrpc-cdsp" dev="tmpfs" ino=1910 scontext=u:r:untrusted_app:s0:c177,c257,c512,c768 tcontext=u:object_r:vendor_qdsp_device:s0 tclass=chr_file permissive=0 app=com.primatelabs.banff
09-14 19:24:46.572 I/auditd  (28837): type=1400 audit(0.0:128808): avc:  denied  { read } for  comm=4173796E635461736B202331 name="fastrpc-cdsp-secure" dev="tmpfs" ino=1909 scontext=u:r:untrusted_app:s0:c177,c257,c512,c768 tcontext=u:object_r:vendor_xdsp_device:s0 tclass=chr_file permissive=0 app=com.primatelabs.banff
09-14 19:24:46.572 W/com.primatelabs.banff(28837): type=1400 audit(0.0:128808): avc:  denied  { read } for  comm=4173796E635461736B202331 name="fastrpc-cdsp-secure" dev="tmpfs" ino=1909 scontext=u:r:untrusted_app:s0:c177,c257,c512,c768 tcontext=u:object_r:vendor_xdsp_device:s0 tclass=chr_file permissive=0 app=com.primatelabs.banff
09-14 19:24:46.572 I/auditd  (28837): type=1400 audit(0.0:128809): avc:  denied  { open } for  comm=4173796E635461736B202331 path="/dev/fastrpc-cdsp" dev="tmpfs" ino=1910 scontext=u:r:untrusted_app:s0:c177,c257,c512,c768 tcontext=u:object_r:vendor_qdsp_device:s0 tclass=chr_file permissive=0 app=com.primatelabs.banff
09-14 19:24:46.572 W/com.primatelabs.banff(28837): type=1400 audit(0.0:128809): avc:  denied  { open } for  comm=4173796E635461736B202331 path="/dev/fastrpc-cdsp" dev="tmpfs" ino=1910 scontext=u:r:untrusted_app:s0:c177,c257,c512,c768 tcontext=u:object_r:vendor_qdsp_device:s0 tclass=chr_file permissive=0 app=com.primatelabs.banff
09-14 19:24:49.316 I/auditd  (28837): type=1400 audit(0.0:128817): avc:  denied  { read } for  comm=4173796E635461736B202331 name="fastrpc-cdsp-secure" dev="tmpfs" ino=1909 scontext=u:r:untrusted_app:s0:c177,c257,c512,c768 tcontext=u:object_r:vendor_xdsp_device:s0 tclass=chr_file permissive=0 app=com.primatelabs.banff
09-14 19:24:49.316 W/com.primatelabs.banff(28837): type=1400 audit(0.0:128817): avc:  denied  { read } for  comm=4173796E635461736B202331 name="fastrpc-cdsp-secure" dev="tmpfs" ino=1909 scontext=u:r:untrusted_app:s0:c177,c257,c512,c768 tcontext=u:object_r:vendor_xdsp_device:s0 tclass=chr_file permissive=0 app=com.primatelabs.banff
09-14 19:24:49.316 I/auditd  (28837): type=1400 audit(0.0:128818): avc:  denied  { open } for  comm=4173796E635461736B202331 path="/dev/fastrpc-cdsp" dev="tmpfs" ino=1910 scontext=u:r:untrusted_app:s0:c177,c257,c512,c768 tcontext=u:object_r:vendor_qdsp_device:s0 tclass=chr_file permissive=0 app=com.primatelabs.banff
09-14 19:24:49.316 W/com.primatelabs.banff(28837): type=1400 audit(0.0:128818): avc:  denied  { open } for  comm=4173796E635461736B202331 path="/dev/fastrpc-cdsp" dev="tmpfs" ino=1910 scontext=u:r:untrusted_app:s0:c177,c257,c512,c768 tcontext=u:object_r:vendor_qdsp_device:s0 tclass=chr_file permissive=0 app=com.primatelabs.banff
09-14 19:24:49.316 I/auditd  (28837): type=1400 audit(0.0:128819): avc:  denied  { open } for  comm=4173796E635461736B202331 path="/dev/fastrpc-cdsp" dev="tmpfs" ino=1910 scontext=u:r:untrusted_app:s0:c177,c257,c512,c768 tcontext=u:object_r:vendor_qdsp_device:s0 tclass=chr_file permissive=0 app=com.primatelabs.banff
09-14 19:24:49.316 W/com.primatelabs.banff(28837): type=1400 audit(0.0:128819): avc:  denied  { open } for  comm=4173796E635461736B202331 path="/dev/fastrpc-cdsp" dev="tmpfs" ino=1910 scontext=u:r:untrusted_app:s0:c177,c257,c512,c768 tcontext=u:object_r:vendor_qdsp_device:s0 tclass=chr_file permissive=0 app=com.primatelabs.banff
09-14 19:24:49.316 I/auditd  (28837): type=1400 audit(0.0:128820): avc:  denied  { read } for  comm=4173796E635461736B202331 name="fastrpc-cdsp-secure" dev="tmpfs" ino=1909 scontext=u:r:untrusted_app:s0:c177,c257,c512,c768 tcontext=u:object_r:vendor_xdsp_device:s0 tclass=chr_file permissive=0 app=com.primatelabs.banff
09-14 19:24:49.316 W/com.primatelabs.banff(28837): type=1400 audit(0.0:128820): avc:  denied  { read } for  comm=4173796E635461736B202331 name="fastrpc-cdsp-secure" dev="tmpfs" ino=1909 scontext=u:r:untrusted_app:s0:c177,c257,c512,c768 tcontext=u:object_r:vendor_xdsp_device:s0 tclass=chr_file permissive=0 app=com.primatelabs.banff
09-14 19:24:49.320 I/auditd  (28837): type=1400 audit(0.0:128821): avc:  denied  { open } for  comm=4173796E635461736B202331 path="/dev/fastrpc-cdsp" dev="tmpfs" ino=1910 scontext=u:r:untrusted_app:s0:c177,c257,c512,c768 tcontext=u:object_r:vendor_qdsp_device:s0 tclass=chr_file permissive=0 app=com.primatelabs.banff
09-14 19:24:49.320 W/com.primatelabs.banff(28837): type=1400 audit(0.0:128821): avc:  denied  { open } for  comm=4173796E635461736B202331 path="/dev/fastrpc-cdsp" dev="tmpfs" ino=1910 scontext=u:r:untrusted_app:s0:c177,c257,c512,c768 tcontext=u:object_r:vendor_qdsp_device:s0 tclass=chr_file permissive=0 app=com.primatelabs.banff
09-14 19:25:08.172 I/auditd  (28837): type=1400 audit(0.0:128829): avc:  denied  { read } for  comm=4173796E635461736B202331 name="fastrpc-cdsp-secure" dev="tmpfs" ino=1909 scontext=u:r:untrusted_app:s0:c177,c257,c512,c768 tcontext=u:object_r:vendor_xdsp_device:s0 tclass=chr_file permissive=0 app=com.primatelabs.banff
09-14 19:25:08.172 W/com.primatelabs.banff(28837): type=1400 audit(0.0:128829): avc:  denied  { read } for  comm=4173796E635461736B202331 name="fastrpc-cdsp-secure" dev="tmpfs" ino=1909 scontext=u:r:untrusted_app:s0:c177,c257,c512,c768 tcontext=u:object_r:vendor_xdsp_device:s0 tclass=chr_file permissive=0 app=com.primatelabs.banff
09-14 19:25:08.172 I/auditd  (28837): type=1400 audit(0.0:128830): avc:  denied  { open } for  comm=4173796E635461736B202331 path="/dev/fastrpc-cdsp" dev="tmpfs" ino=1910 scontext=u:r:untrusted_app:s0:c177,c257,c512,c768 tcontext=u:object_r:vendor_qdsp_device:s0 tclass=chr_file permissive=0 app=com.primatelabs.banff
09-14 19:25:08.172 W/com.primatelabs.banff(28837): type=1400 audit(0.0:128830): avc:  denied  { open } for  comm=4173796E635461736B202331 path="/dev/fastrpc-cdsp" dev="tmpfs" ino=1910 scontext=u:r:untrusted_app:s0:c177,c257,c512,c768 tcontext=u:object_r:vendor_qdsp_device:s0 tclass=chr_file permissive=0 app=com.primatelabs.banff
09-14 19:25:08.172 I/auditd  (28837): type=1400 audit(0.0:128831): avc:  denied  { open } for  comm=4173796E635461736B202331 path="/dev/fastrpc-cdsp" dev="tmpfs" ino=1910 scontext=u:r:untrusted_app:s0:c177,c257,c512,c768 tcontext=u:object_r:vendor_qdsp_device:s0 tclass=chr_file permissive=0 app=com.primatelabs.banff
09-14 19:25:08.172 W/com.primatelabs.banff(28837): type=1400 audit(0.0:128831): avc:  denied  { open } for  comm=4173796E635461736B202331 path="/dev/fastrpc-cdsp" dev="tmpfs" ino=1910 scontext=u:r:untrusted_app:s0:c177,c257,c512,c768 tcontext=u:object_r:vendor_qdsp_device:s0 tclass=chr_file permissive=0 app=com.primatelabs.banff
09-14 19:25:08.172 I/auditd  (28837): type=1400 audit(0.0:128832): avc:  denied  { read } for  comm=4173796E635461736B202331 name="fastrpc-cdsp-secure" dev="tmpfs" ino=1909 scontext=u:r:untrusted_app:s0:c177,c257,c512,c768 tcontext=u:object_r:vendor_xdsp_device:s0 tclass=chr_file permissive=0 app=com.primatelabs.banff
09-14 19:25:08.172 W/com.primatelabs.banff(28837): type=1400 audit(0.0:128832): avc:  denied  { read } for  comm=4173796E635461736B202331 name="fastrpc-cdsp-secure" dev="tmpfs" ino=1909 scontext=u:r:untrusted_app:s0:c177,c257,c512,c768 tcontext=u:object_r:vendor_xdsp_device:s0 tclass=chr_file permissive=0 app=com.primatelabs.banff
09-14 19:25:08.172 I/auditd  (28837): type=1400 audit(0.0:128833): avc:  denied  { open } for  comm=4173796E635461736B202331 path="/dev/fastrpc-cdsp" dev="tmpfs" ino=1910 scontext=u:r:untrusted_app:s0:c177,c257,c512,c768 tcontext=u:object_r:vendor_qdsp_device:s0 tclass=chr_file permissive=0 app=com.primatelabs.banff
09-14 19:25:08.172 W/com.primatelabs.banff(28837): type=1400 audit(0.0:128833): avc:  denied  { open } for  comm=4173796E635461736B202331 path="/dev/fastrpc-cdsp" dev="tmpfs" ino=1910 scontext=u:r:untrusted_app:s0:c177,c257,c512,c768 tcontext=u:object_r:vendor_qdsp_device:s0 tclass=chr_file permissive=0 app=com.primatelabs.banff
09-14 19:25:11.584 I/auditd  (28837): type=1400 audit(0.0:128841): avc:  denied  { read } for  comm=4173796E635461736B202331 name="fastrpc-cdsp-secure" dev="tmpfs" ino=1909 scontext=u:r:untrusted_app:s0:c177,c257,c512,c768 tcontext=u:object_r:vendor_xdsp_device:s0 tclass=chr_file permissive=0 app=com.primatelabs.banff
09-14 19:25:11.584 W/com.primatelabs.banff(28837): type=1400 audit(0.0:128841): avc:  denied  { read } for  comm=4173796E635461736B202331 name="fastrpc-cdsp-secure" dev="tmpfs" ino=1909 scontext=u:r:untrusted_app:s0:c177,c257,c512,c768 tcontext=u:object_r:vendor_xdsp_device:s0 tclass=chr_file permissive=0 app=com.primatelabs.banff
09-14 19:25:11.584 I/auditd  (28837): type=1400 audit(0.0:128842): avc:  denied  { open } for  comm=4173796E635461736B202331 path="/dev/fastrpc-cdsp" dev="tmpfs" ino=1910 scontext=u:r:untrusted_app:s0:c177,c257,c512,c768 tcontext=u:object_r:vendor_qdsp_device:s0 tclass=chr_file permissive=0 app=com.primatelabs.banff
09-14 19:25:11.584 W/com.primatelabs.banff(28837): type=1400 audit(0.0:128842): avc:  denied  { open } for  comm=4173796E635461736B202331 path="/dev/fastrpc-cdsp" dev="tmpfs" ino=1910 scontext=u:r:untrusted_app:s0:c177,c257,c512,c768 tcontext=u:object_r:vendor_qdsp_device:s0 tclass=chr_file permissive=0 app=com.primatelabs.banff
09-14 19:25:11.584 I/auditd  (28837): type=1400 audit(0.0:128843): avc:  denied  { open } for  comm=4173796E635461736B202331 path="/dev/fastrpc-cdsp" dev="tmpfs" ino=1910 scontext=u:r:untrusted_app:s0:c177,c257,c512,c768 tcontext=u:object_r:vendor_qdsp_device:s0 tclass=chr_file permissive=0 app=com.primatelabs.banff
09-14 19:25:11.584 W/com.primatelabs.banff(28837): type=1400 audit(0.0:128843): avc:  denied  { open } for  comm=4173796E635461736B202331 path="/dev/fastrpc-cdsp" dev="tmpfs" ino=1910 scontext=u:r:untrusted_app:s0:c177,c257,c512,c768 tcontext=u:object_r:vendor_qdsp_device:s0 tclass=chr_file permissive=0 app=com.primatelabs.banff
09-14 19:25:11.588 I/auditd  (28837): type=1400 audit(0.0:128844): avc:  denied  { read } for  comm=4173796E635461736B202331 name="fastrpc-cdsp-secure" dev="tmpfs" ino=1909 scontext=u:r:untrusted_app:s0:c177,c257,c512,c768 tcontext=u:object_r:vendor_xdsp_device:s0 tclass=chr_file permissive=0 app=com.primatelabs.banff
09-14 19:25:11.588 W/com.primatelabs.banff(28837): type=1400 audit(0.0:128844): avc:  denied  { read } for  comm=4173796E635461736B202331 name="fastrpc-cdsp-secure" dev="tmpfs" ino=1909 scontext=u:r:untrusted_app:s0:c177,c257,c512,c768 tcontext=u:object_r:vendor_xdsp_device:s0 tclass=chr_file permissive=0 app=com.primatelabs.banff
09-14 19:25:11.588 I/auditd  (28837): type=1400 audit(0.0:128845): avc:  denied  { open } for  comm=4173796E635461736B202331 path="/dev/fastrpc-cdsp" dev="tmpfs" ino=1910 scontext=u:r:untrusted_app:s0:c177,c257,c512,c768 tcontext=u:object_r:vendor_qdsp_device:s0 tclass=chr_file permissive=0 app=com.primatelabs.banff
09-14 19:25:11.588 W/com.primatelabs.banff(28837): type=1400 audit(0.0:128845): avc:  denied  { open } for  comm=4173796E635461736B202331 path="/dev/fastrpc-cdsp" dev="tmpfs" ino=1910 scontext=u:r:untrusted_app:s0:c177,c257,c512,c768 tcontext=u:object_r:vendor_qdsp_device:s0 tclass=chr_file permissive=0 app=com.primatelabs.banff

# --- POSITIVE CONTROL: privileged audioadsprpcd using the same stack ---
09-14 19:18:45.999 I/audioadsprpcd(  571): vendor/qcom/proprietary/adsprpc/src/apps_std_imp.c:1236: Successfully opened file /odm/lib/rfsa/adsp/./libtfadsp_sb5_5_tx.so
09-14 19:18:46.011 I/audioadsprpcd(  571): vendor/qcom/proprietary/adsprpc/src/apps_std_imp.c:1236: Successfully opened file /odm/lib/rfsa/adsp/./libtfadsp_sb5_5_rx.so
09-14 19:18:50.997 I/audioadsprpcd(  571): vendor/qcom/proprietary/adsprpc/src/apps_std_imp.c:1236: Successfully opened file /odm/lib/rfsa/adsp/./libtfadsp_sb5_5_tx.so
09-14 19:18:51.005 I/audioadsprpcd(  571): vendor/qcom/proprietary/adsprpc/src/apps_std_imp.c:1236: Successfully opened file /odm/lib/rfsa/adsp/./libtfadsp_sb5_5_rx.so
