NOTE: no readable battery power rail; power_w is NaN and J/GB is NOT measurable on this device.
repeat,mode,pattern,size_kb,threads,bytes,seconds,MBps,iops,lat_p50_us,lat_p99_us,errors,first_errno,power_w,temp_start_c,temp_end_c,temp_zone
0,idle,none,0,0,0,5,0,0,0,0,0,0,nan,50.4,50.4,pm8550_tz
1,direct,rand,4,1,86736896,2.0002,43.36,10586.9,85.8,221.0,0,0,nan,50.3,52.1,qmx-1-0
1,direct,rand,4,2,191307776,2.0002,95.64,23350.4,79.9,145.5,0,0,nan,51.3,53.2,qmx-1-0
1,direct,rand,4,4,371781632,2.0003,185.87,45377.3,81.8,167.3,0,0,nan,52.5,54.8,qmx-1-0
1,direct,rand,4,8,663945216,2.0004,331.90,81031.1,86.0,209.6,0,0,nan,54.4,57.5,qmx-1-0
1,direct,rand,8,1,166707200,2.0001,83.35,10174.4,93.5,144.7,0,0,nan,55.2,52.5,pm8550_tz
1,direct,rand,8,2,330637312,2.0002,165.31,20178.9,90.2,193.5,0,0,nan,52.5,54.4,qmx-1-0
1,direct,rand,8,4,598589440,2.0003,299.25,36530.0,94.8,223.6,0,0,nan,53.2,55.6,qmx-1-0
1,direct,rand,8,8,890322944,2.0004,445.07,54329.6,134.6,349.3,0,0,nan,54.4,56.7,qmx-1-0
1,direct,rand,16,1,303005696,2.0001,151.49,9246.4,99.5,258.7,0,0,nan,55.2,54.0,qmx-1-0
1,direct,rand,16,2,631586816,2.0002,315.76,19272.7,97.4,176.8,0,0,nan,53.6,54.4,qmx-1-0
1,direct,rand,16,4,1080360960,2.0003,540.11,32965.7,106.4,243.3,0,0,nan,53.6,55.2,qmx-1-1
1,direct,rand,16,8,1548451840,2.0005,774.05,47244.4,157.1,382.3,0,0,nan,54.8,56.3,qmx-1-0
1,direct,rand,32,1,543064064,2.0003,271.50,8285.5,116.7,168.9,0,0,nan,55.6,53.7,pm8550_tz
1,direct,rand,32,2,1086193664,2.0002,543.03,16572.0,113.1,199.2,0,0,nan,53.6,54.0,qmx-1-1
1,direct,rand,32,4,1794408448,2.0003,897.06,27376.1,135.9,275.5,0,0,nan,53.6,55.2,qmx-1-1
1,direct,rand,32,8,2557968384,2.0005,1278.68,39022.4,192.7,425.0,0,0,nan,54.8,56.3,qmx-1-0
1,direct,rand,64,1,904396800,2.0002,452.16,6899.4,142.0,194.6,0,0,nan,55.6,54.1,pm8550_tz
1,direct,rand,64,2,1726676992,2.0002,863.24,13172.0,141.7,270.2,0,0,nan,54.1,54.3,pm8550_tz
1,direct,rand,64,4,2795175936,2.0003,1397.39,21322.5,180.7,338.5,0,0,nan,54.2,55.2,qmx-1-0
1,direct,rand,64,8,3996909568,2.0005,1997.91,30485.7,245.9,517.4,0,0,nan,54.9,56.3,qmx-1-0
1,direct,rand,128,1,1250820096,2.0001,625.36,4771.2,203.4,285.1,0,0,nan,56.0,55.0,pm8550_tz
1,direct,rand,128,2,2206728192,2.0003,1103.19,8416.7,218.5,568.8,0,0,nan,54.9,55.0,pm8550_tz
1,direct,rand,128,4,3375104000,2.0004,1687.23,12872.6,279.6,853.7,0,0,nan,55.0,56.0,pm8550_tz
1,direct,rand,128,8,4599185408,2.0007,2298.79,17538.4,431.4,855.3,0,0,nan,55.8,57.0,pm8550_tz
1,direct,rand,256,1,2090860544,2.0002,1045.35,3987.7,244.2,337.7,0,0,nan,56.8,56.0,pm8550_tz
1,direct,rand,256,2,3762028544,2.0003,1880.76,7174.5,270.3,413.9,0,0,nan,56.0,56.6,pm8550_tz
1,direct,rand,256,4,5224792064,2.0004,2611.81,9963.3,382.1,711.2,0,0,nan,56.5,57.6,pm8550_tz
1,direct,rand,256,8,5288230912,2.0008,2643.05,10082.5,765.9,1281.9,0,0,nan,57.3,58.1,pm8550_tz
1,direct,rand,512,1,2805465088,2.0003,1402.53,2675.1,358.6,519.9,0,0,nan,58.0,57.2,pm8550_tz
1,direct,rand,512,2,4678746112,2.0003,2338.99,4461.3,431.6,682.6,0,0,nan,57.0,57.6,pm8550_tz
1,direct,rand,512,4,5304221696,2.0008,2650.99,5056.4,768.7,1147.0,0,0,nan,57.4,58.2,pm8550_tz
1,direct,rand,512,8,5368709120,2.0016,2682.25,5116.0,1531.9,2139.8,0,0,nan,58.0,58.5,pm8550_tz
1,direct,rand,1024,1,3098542080,2.0007,1548.70,1477.0,674.2,918.4,0,0,nan,58.3,57.4,pm8550_tz
1,direct,rand,1024,2,5045747712,2.0007,2521.99,2405.2,814.8,1276.5,0,0,nan,57.4,58.1,pm8550_tz
1,direct,rand,1024,4,5408555008,2.0015,2702.24,2577.1,1535.1,2071.3,0,0,nan,58.0,58.7,pm8550_tz
1,direct,rand,1024,8,5651824640,2.0032,2821.41,2690.7,2945.5,3649.3,0,0,nan,58.5,58.8,pm8550_tz
1,direct,rand,2048,1,3737124864,2.0005,1868.06,890.8,1125.5,1375.9,0,0,nan,58.7,58.3,pm8550_tz
1,direct,rand,2048,2,4909432832,2.0018,2452.49,1169.4,1689.0,2690.9,0,0,nan,58.2,58.4,pm8550_tz
1,direct,rand,2048,4,5798625280,2.0028,2895.32,1380.6,2868.2,3911.6,0,0,nan,58.3,58.9,pm8550_tz
1,direct,rand,2048,8,4762632192,2.0069,2373.15,1131.6,7042.3,8046.3,0,0,nan,58.7,58.4,pm8550_tz
1,direct,rand,4096,1,4206886912,2.0008,2102.65,501.3,1976.7,2468.8,0,0,nan,58.4,58.1,pm8550_tz
1,direct,rand,4096,2,5251268608,2.0021,2622.90,625.3,3189.3,3929.4,0,0,nan,58.0,58.6,pm8550_tz
1,direct,rand,4096,4,5234491392,2.0067,2608.55,621.9,6387.7,7833.2,0,0,nan,58.6,58.6,pm8550_tz
1,direct,rand,4096,8,5049942016,2.0132,2508.41,598.1,13325.9,14943.6,0,0,nan,58.4,58.6,pm8550_tz
1,direct,seq,64,1,2364538880,2.0003,1182.10,18037.4,52.2,146.4,0,0,nan,58.4,57.2,pm8550_tz
1,direct,seq,64,2,1842020352,2.0002,920.92,14052.1,139.8,189.3,0,0,nan,57.1,56.4,pm8550_tz
1,direct,seq,64,4,3081371648,2.0003,1540.45,23505.4,166.6,254.7,0,0,nan,56.5,56.9,pm8550_tz
1,direct,seq,64,8,4287954944,2.0005,2143.40,32705.7,233.7,422.9,0,0,nan,56.7,57.8,pm8550_tz
1,direct,seq,128,1,3378511872,2.0002,1689.11,12886.9,71.2,209.9,0,0,nan,57.6,57.3,pm8550_tz
1,direct,seq,128,2,2361655296,2.0002,1180.71,9008.1,212.6,299.1,0,0,nan,57.2,56.8,pm8550_tz
1,direct,seq,128,4,4145414144,2.0003,2072.38,15811.0,247.2,392.3,0,0,nan,56.8,57.7,pm8550_tz
1,direct,seq,128,8,5438963712,2.0006,2718.73,20742.3,375.9,650.7,0,0,nan,57.5,58.7,pm8550_tz
1,direct,seq,256,1,4071620608,2.0002,2035.63,7765.3,117.0,285.9,0,0,nan,58.6,58.2,pm8550_tz
1,direct,seq,256,2,3825205248,2.0003,1912.34,7295.0,271.6,397.9,0,0,nan,58.1,58.3,pm8550_tz
1,direct,seq,256,4,5389680640,2.0004,2694.31,10278.0,377.0,659.8,0,0,nan,58.2,58.8,pm8550_tz
1,direct,seq,256,8,5487198208,2.0009,2742.36,10461.3,754.7,1143.3,0,0,nan,58.7,59.3,pm8550_tz
1,direct,seq,512,1,4780457984,2.0003,2389.91,4558.4,196.4,464.8,0,0,nan,59.2,58.7,pm8550_tz
1,direct,seq,512,2,4551868416,2.0004,2275.44,4340.1,440.3,668.1,0,0,nan,58.6,59.0,pm8550_tz
1,direct,seq,512,4,5462032384,2.0009,2729.79,5206.7,753.4,1132.4,0,0,nan,58.7,59.2,pm8550_tz
1,direct,seq,512,8,5491916800,2.0016,2743.76,5233.3,1511.1,2072.2,0,0,nan,59.1,59.6,pm8550_tz
1,direct,seq,1024,1,5117050880,2.0005,2557.82,2439.3,371.0,794.3,0,0,nan,59.4,58.9,pm8550_tz
1,direct,seq,1024,2,4999610368,2.0009,2498.62,2382.9,828.5,1368.1,0,0,nan,58.8,59.3,pm8550_tz
1,direct,seq,1024,4,5611978752,2.0014,2803.98,2674.1,1489.4,1980.9,0,0,nan,59.0,59.5,pm8550_tz
1,direct,seq,1024,8,5457838080,2.0030,2724.84,2598.6,3061.5,3624.9,0,0,nan,59.4,59.7,pm8550_tz
1,direct,seq,2048,1,6018826240,2.0004,3008.86,1434.7,624.5,1381.5,0,0,nan,59.5,59.5,pm8550_tz
1,direct,seq,2048,2,5184159744,2.0010,2590.79,1235.4,1576.6,2373.6,0,0,nan,59.3,59.5,pm8550_tz
1,direct,seq,2048,4,4913627136,2.0037,2452.32,1169.4,3399.3,4120.4,0,0,nan,59.4,59.0,pm8550_tz
1,direct,seq,2048,8,4882169856,2.0078,2431.55,1159.5,6855.3,7934.1,0,0,nan,59.0,59.0,pm8550_tz
1,direct,seq,4096,1,6115295232,2.0014,3055.52,728.5,1151.7,2269.2,0,0,nan,58.9,59.3,pm8550_tz
1,direct,seq,4096,2,5154799616,2.0033,2573.13,613.5,3274.1,3984.6,0,0,nan,59.1,59.3,pm8550_tz
1,direct,seq,4096,4,5721030656,2.0054,2852.87,680.2,5849.9,6904.3,0,0,nan,59.3,59.4,pm8550_tz
1,direct,seq,4096,8,5104467968,2.0100,2539.59,605.5,13189.2,14599.7,0,0,nan,59.2,59.3,pm8550_tz
1,buffered,rand,4,1,85438464,2.0002,42.72,10428.7,91.7,144.2,0,0,nan,59.0,56.6,pm8550_tz
1,buffered,rand,4,2,181989376,2.0002,90.98,22213.1,84.6,153.3,0,0,nan,56.4,55.5,pm8550_tz
1,buffered,rand,4,4,347017216,2.0003,173.48,42354.0,87.1,176.7,0,0,nan,55.4,57.5,qmx-1-1
1,buffered,rand,4,8,553746432,2.0006,276.80,67577.2,112.1,226.6,0,0,nan,56.7,60.6,qmx-1-0
1,buffered,rand,8,1,157237248,2.0002,78.61,9596.2,99.8,150.6,0,0,nan,59.0,54.8,pm8550_tz
1,buffered,rand,8,2,328007680,2.0002,163.99,20017.9,94.0,169.6,0,0,nan,54.7,56.3,qmx-1-0
1,buffered,rand,8,4,585285632,2.0003,292.60,35717.3,98.8,215.8,0,0,nan,54.9,57.5,qmx-1-0
1,buffered,rand,8,8,869613568,2.0005,434.70,53063.8,137.1,345.0,0,0,nan,57.1,59.0,qmx-1-0
1,buffered,rand,16,1,279478272,2.0002,139.72,8528.0,113.7,165.8,0,0,nan,57.9,54.8,pm8550_tz
1,buffered,rand,16,2,588414976,2.0002,294.17,17955.0,105.7,184.8,0,0,nan,54.7,56.0,qmx-1-1
1,buffered,rand,16,4,964427776,2.0003,482.13,29427.1,117.5,265.6,0,0,nan,55.6,58.3,qmx-1-0
1,buffered,rand,16,8,1463271424,2.0005,731.46,44644.9,164.6,396.8,0,0,nan,56.7,59.0,qmx-1-1
1,buffered,rand,32,1,458358784,2.0003,229.15,6993.1,138.6,200.4,0,0,nan,58.3,54.9,pm8550_tz
1,buffered,rand,32,2,919339008,2.0002,459.61,14026.3,134.5,224.3,0,0,nan,54.6,55.2,qmx-1-0
1,buffered,rand,32,4,1655242752,2.0003,827.49,25253.1,147.3,289.5,0,0,nan,55.2,57.9,qmx-1-0
1,buffered,rand,32,8,2303328256,2.0049,1148.86,35060.5,211.2,460.4,0,0,nan,57.5,61.7,qmx-1-0
1,buffered,rand,64,1,700710912,2.0003,350.30,5345.1,181.8,253.9,0,0,nan,59.4,55.0,pm8550_tz
1,buffered,rand,64,2,1498873856,2.0002,749.35,11434.2,167.3,282.5,0,0,nan,55.0,57.1,qmx-1-0
1,buffered,rand,64,4,2460024832,2.0036,1227.78,18734.4,199.1,408.1,0,0,nan,56.3,59.4,qmx-1-0
1,buffered,rand,64,8,3219128320,2.0012,1608.59,24545.1,297.7,850.5,0,0,nan,57.9,62.5,cpullc-1-0
1,buffered,rand,128,1,941752320,2.0004,470.77,3591.7,273.9,378.5,0,0,nan,59.8,55.8,pm8550_tz
1,buffered,rand,128,2,1869611008,2.0003,934.67,7131.0,271.0,409.9,0,0,nan,55.6,55.8,pm8550_tz
1,buffered,rand,128,4,3134193664,2.0005,1566.70,11953.0,316.7,590.3,0,0,nan,55.6,59.0,cpu-1-0-1
1,buffered,rand,128,8,3845914624,2.0010,1921.98,14663.5,496.8,1652.9,0,0,nan,58.3,62.5,cpullc-1-1
1,buffered,rand,256,1,1377566720,2.0005,688.61,2626.8,373.2,546.7,0,0,nan,60.6,56.3,pm8550_tz
1,buffered,rand,256,2,2855272448,2.0010,1426.96,5443.4,355.7,559.8,0,0,nan,56.1,57.0,pm8550_tz
1,buffered,rand,256,4,4400611328,2.0006,2199.65,8391.0,441.4,1170.7,0,0,nan,56.3,59.4,cpu-1-0-1
1,buffered,rand,256,8,5232656384,2.0010,2614.97,9975.3,767.4,1385.5,0,0,nan,58.3,60.6,cpu-1-0-1
1,buffered,rand,512,1,1709178880,2.0007,854.31,1629.5,603.4,811.9,0,0,nan,59.0,56.9,pm8550_tz
1,buffered,rand,512,2,3472883712,2.0007,1735.79,3310.8,586.4,854.2,0,0,nan,56.4,57.5,pm8550_tz
1,buffered,rand,512,4,5088739328,2.0010,2543.14,4850.7,791.2,1230.1,0,0,nan,56.7,59.4,cpullc-1-1
1,buffered,rand,512,8,5186781184,2.0031,2589.34,4938.8,1553.0,3478.9,0,0,nan,58.3,61.4,cpullc-1-0
1,buffered,rand,1024,1,1860173824,2.0011,929.58,886.5,1119.4,1675.6,0,0,nan,59.0,57.2,pm8550_tz
1,buffered,rand,1024,2,3708813312,2.0007,1853.72,1767.8,1109.1,1724.4,0,0,nan,56.7,57.9,pm8550_tz
1,buffered,rand,1024,4,5043650560,2.0015,2519.96,2403.2,1538.9,4648.4,0,0,nan,57.5,59.8,cpullc-1-0
1,buffered,rand,1024,8,5205131264,2.0038,2597.59,2477.3,2966.3,10984.3,0,0,nan,59.0,62.5,cpullc-1-0
1,buffered,rand,2048,1,1778384896,2.0014,888.55,423.7,2350.3,3560.1,0,0,nan,58.3,57.4,pm8550_tz
1,buffered,rand,2048,2,3594518528,2.0021,1795.37,856.1,2317.5,3228.2,0,0,nan,56.9,58.0,pm8550_tz
1,buffered,rand,2048,4,4838129664,2.0031,2415.35,1151.7,3120.6,10160.9,0,0,nan,56.8,59.8,qmx-1-0
1,buffered,rand,2048,8,5205131264,2.0061,2594.71,1237.3,5860.2,20190.7,0,0,nan,57.2,62.5,qmx-1-0
1,buffered,rand,4096,1,1866465280,2.0025,932.06,222.2,4458.0,5964.3,0,0,nan,57.5,57.2,pm8550_tz
1,buffered,rand,4096,2,3510632448,2.0051,1750.84,417.4,4789.8,6281.1,0,0,nan,56.8,58.0,pm8550_tz
1,buffered,rand,4096,4,5112856576,2.0052,2549.81,607.9,6182.0,12905.1,0,0,nan,57.0,61.4,qmx-1-0
1,buffered,rand,4096,8,5528092672,2.0095,2750.93,655.9,11463.6,23312.0,0,0,nan,57.9,61.4,qmx-1-0
1,buffered,seq,64,1,3269328896,2.0003,1634.45,24939.8,14.6,35.9,0,0,nan,57.9,57.6,pm8550_tz
1,buffered,seq,64,2,4682481664,2.0282,2308.64,35227.1,18.3,80.9,0,0,nan,56.7,60.6,qmx-1-0
1,buffered,seq,64,4,4960616448,2.0014,2478.54,37819.5,17.8,100.9,0,0,nan,57.1,61.7,qmx-1-0
1,buffered,seq,64,8,5646516224,2.0138,2803.84,42783.3,21.6,406.4,0,0,nan,57.9,61.0,qmx-1-0
1,buffered,seq,128,1,3282698240,2.0190,1625.87,12404.4,28.7,54.6,0,0,nan,59.0,57.5,pm8550_tz
1,buffered,seq,128,2,4767350784,2.0051,2377.58,18139.5,38.3,112.4,0,0,nan,57.5,61.7,qmx-1-0
1,buffered,seq,128,4,5109579776,2.0044,2549.17,19448.7,38.9,2583.5,0,0,nan,57.9,62.1,cpullc-1-0
1,buffered,seq,128,8,5443813376,2.0802,2616.94,19965.7,43.9,2452.0,0,0,nan,58.3,62.1,qmx-1-0
1,buffered,seq,256,1,2949906432,2.0188,1461.25,5574.2,56.8,135.6,0,0,nan,58.7,59.0,qmx-1-0
1,buffered,seq,256,2,4663541760,2.0067,2324.02,8865.4,70.9,174.6,0,0,nan,56.7,60.6,cpullc-1-0
1,buffered,seq,256,4,5075632128,2.0037,2533.15,9663.2,78.2,4125.9,0,0,nan,57.9,61.4,qmx-1-0
1,buffered,seq,256,8,5554044928,2.0100,2763.21,10540.8,86.3,10634.0,0,0,nan,60.6,62.1,qmx-1-0
1,buffered,seq,512,1,3349676032,2.0136,1663.52,3172.9,113.9,254.2,0,0,nan,59.4,57.9,qmx-1-0
1,buffered,seq,512,2,4560781312,2.0261,2251.01,4293.5,145.3,4199.5,0,0,nan,56.8,60.6,qmx-1-0
1,buffered,seq,512,4,5252317184,2.0209,2598.98,4957.2,160.7,11001.5,0,0,nan,58.3,62.1,qmx-1-0
1,buffered,seq,512,8,5856821248,2.0044,2921.91,5573.1,181.0,19118.4,0,0,nan,58.3,62.9,qmx-1-0
1,buffered,seq,1024,1,3352297472,2.0291,1652.12,1575.6,224.7,22430.7,0,0,nan,60.2,58.3,qmx-1-1
1,buffered,seq,1024,2,4505731072,2.0154,2235.64,2132.1,316.7,32242.5,0,0,nan,57.1,61.7,qmx-1-0
1,buffered,seq,1024,4,5638193152,2.0345,2771.32,2642.9,327.9,44750.4,0,0,nan,57.9,62.9,qmx-1-0
1,buffered,seq,1024,8,5938085888,2.0153,2946.50,2810.0,366.1,93497.6,0,0,nan,59.0,63.7,qmx-1-0
1,buffered,seq,2048,1,3290431488,2.0006,1644.72,784.3,459.8,25108.7,0,0,nan,59.4,59.0,qmx-1-1
1,buffered,seq,2048,2,4550819840,2.0068,2267.72,1081.3,643.3,40090.7,0,0,nan,58.3,61.7,qmx-1-0
1,buffered,seq,2048,4,5375000576,2.0177,2663.88,1270.2,659.1,66901.9,0,0,nan,59.0,62.9,qmx-1-0
1,buffered,seq,2048,8,5888802816,2.0153,2921.99,1393.3,797.1,157840.3,0,0,nan,59.4,63.3,qmx-1-0
1,buffered,seq,4096,1,3082813440,2.0094,1534.19,365.8,961.7,30393.6,0,0,nan,60.2,59.0,qmx-1-1
1,buffered,seq,4096,2,5016387584,2.0187,2485.02,592.5,1262.1,38372.3,0,0,nan,57.4,62.5,qmx-1-0
1,buffered,seq,4096,4,5276434432,2.0131,2621.04,624.9,1540.8,80884.4,0,0,nan,59.8,63.3,qmx-1-0
1,buffered,seq,4096,8,6002049024,2.0340,2950.81,703.5,1842.0,178138.3,0,0,nan,60.2,64.5,qmx-1-0
2,direct,rand,4,1,89350144,2.0001,44.67,10906.2,86.7,137.9,0,0,nan,61.0,57.6,pm8550_tz
2,direct,rand,4,2,172785664,2.0002,86.38,21089.4,85.6,190.8,0,0,nan,57.4,57.9,qmx-1-1
2,direct,rand,4,4,355184640,2.0003,177.56,43350.8,86.6,167.2,0,0,nan,57.5,59.0,qmx-1-0
2,direct,rand,4,8,629743616,2.0005,314.79,76852.8,93.0,218.5,0,0,nan,57.9,59.8,qmx-1-0
2,direct,rand,8,1,165191680,2.0002,82.59,10081.5,93.5,146.7,0,0,nan,57.9,57.1,qmx-1-0
2,direct,rand,8,2,330219520,2.0003,165.09,20152.1,92.9,164.4,0,0,nan,56.4,57.5,qmx-1-0
2,direct,rand,8,4,592912384,2.0003,296.41,36182.4,98.2,208.8,0,0,nan,56.7,57.9,qmx-1-0
2,direct,rand,8,8,860577792,2.0005,430.18,52512.3,137.9,351.9,0,0,nan,57.1,58.7,qmx-1-0
2,direct,rand,16,1,305823744,2.0002,152.89,9331.9,102.7,152.8,0,0,nan,57.9,56.2,pm8550_tz
2,direct,rand,16,2,609304576,2.0002,304.62,18592.4,101.5,177.4,0,0,nan,56.0,56.3,qmx-1-0
2,direct,rand,16,4,1013399552,2.0003,506.61,30921.2,111.0,250.2,0,0,nan,56.0,57.1,qmx-1-0
2,direct,rand,16,8,1445888000,2.0008,722.65,44107.1,161.4,422.6,0,0,nan,56.7,57.9,qmx-1-0
2,direct,rand,32,1,538050560,2.0002,269.00,8209.2,118.2,167.7,0,0,nan,57.1,56.3,pm8550_tz
2,direct,rand,32,2,1056833536,2.0002,528.36,16124.2,117.4,193.9,0,0,nan,56.2,56.3,pm8550_tz
2,direct,rand,32,4,1748303872,2.0004,873.98,26671.7,139.1,276.2,0,0,nan,56.1,57.1,qmx-1-0
2,direct,rand,32,8,2341535744,2.0006,1170.43,35718.7,202.1,493.1,0,0,nan,56.6,57.9,qmx-1-0
2,direct,rand,64,1,887947264,2.0002,443.93,6773.8,144.3,196.5,0,0,nan,57.4,56.6,pm8550_tz
2,direct,rand,64,2,1712979968,2.0003,856.37,13067.1,146.6,228.4,0,0,nan,56.5,56.6,pm8550_tz
2,direct,rand,64,4,2691039232,2.0004,1345.23,20526.6,186.7,346.8,0,0,nan,56.5,57.3,pm8550_tz
2,direct,rand,64,8,3925344256,2.0004,1962.25,29941.6,252.4,517.4,0,0,nan,57.2,58.3,pm8550_tz
2,direct,rand,128,1,1251737600,2.0002,625.82,4774.6,205.9,274.1,0,0,nan,58.2,57.0,pm8550_tz
2,direct,rand,128,2,2289565696,2.0003,1144.60,8732.6,219.8,346.5,0,0,nan,56.9,57.1,pm8550_tz
2,direct,rand,128,4,3595304960,2.0007,1797.07,13710.5,278.6,501.5,0,0,nan,56.9,57.9,pm8550_tz
2,direct,rand,128,8,4593811456,2.0007,2296.15,17518.2,433.6,846.1,0,0,nan,57.8,58.9,pm8550_tz
2,direct,rand,256,1,2063597568,2.0004,1031.58,3935.2,248.6,329.5,0,0,nan,58.8,58.0,pm8550_tz
2,direct,rand,256,2,3724541952,2.0003,1861.97,7102.8,272.3,422.6,0,0,nan,57.7,58.5,pm8550_tz
2,direct,rand,256,4,5233180672,2.0005,2615.97,9979.2,382.1,700.9,0,0,nan,58.3,59.5,pm8550_tz
2,direct,rand,256,8,5298716672,2.0008,2648.24,10102.2,763.9,1265.6,0,0,nan,59.3,60.0,pm8550_tz
2,direct,rand,512,1,2748841984,2.0006,1374.01,2620.7,366.0,531.8,0,0,nan,59.9,58.9,pm8550_tz
2,direct,rand,512,2,4582801408,2.0005,2290.80,4369.4,438.2,690.6,0,0,nan,58.8,59.4,pm8550_tz
2,direct,rand,512,4,5302124544,2.0009,2649.82,5054.1,768.3,1167.4,0,0,nan,59.2,60.0,pm8550_tz
2,direct,rand,512,8,5375000576,2.0015,2685.52,5122.2,1528.9,2133.9,0,0,nan,59.8,60.5,pm8550_tz
2,direct,rand,1024,1,3313500160,2.0003,1656.51,1579.8,612.8,838.2,0,0,nan,60.3,59.4,pm8550_tz
2,direct,rand,1024,2,5064622080,2.0012,2530.76,2413.5,812.4,1251.6,0,0,nan,59.4,60.0,pm8550_tz
2,direct,rand,1024,4,5281677312,2.0016,2638.68,2516.4,1572.7,2139.7,0,0,nan,59.9,60.4,pm8550_tz
2,direct,rand,1024,8,5342494720,2.0031,2667.06,2543.5,3128.5,3713.3,0,0,nan,60.3,60.7,pm8550_tz
2,direct,rand,2048,1,3644850176,2.0011,1821.42,868.5,1140.2,1487.7,0,0,nan,60.4,60.1,pm8550_tz
2,direct,rand,2048,2,4701814784,2.0014,2349.21,1120.2,1791.7,2654.5,0,0,nan,59.8,60.1,pm8550_tz
2,direct,rand,2048,4,4706009088,2.0032,2349.28,1120.2,3560.9,4452.4,0,0,nan,59.9,60.4,pm8550_tz
2,direct,rand,2048,8,4737466368,2.0072,2360.21,1125.4,7080.0,8079.2,0,0,nan,60.1,60.1,pm8550_tz
2,direct,rand,4096,1,4332716032,2.0026,2163.60,515.8,1939.4,2239.2,0,0,nan,60.0,59.9,pm8550_tz
2,direct,rand,4096,2,5037359104,2.0035,2514.27,599.4,3295.9,4212.2,0,0,nan,59.8,60.5,pm8550_tz
2,direct,rand,4096,4,5024776192,2.0047,2506.49,597.6,6650.3,7984.5,0,0,nan,60.2,60.3,pm8550_tz
2,direct,rand,4096,8,4961861632,2.0140,2463.67,587.4,13526.8,17523.3,0,0,nan,60.1,60.3,pm8550_tz
2,direct,seq,64,1,2053570560,2.0002,1026.70,15666.2,57.0,178.6,0,0,nan,60.1,58.8,pm8550_tz
2,direct,seq,64,2,1805385728,2.0003,902.57,13772.1,142.2,191.4,0,0,nan,58.8,58.2,pm8550_tz
2,direct,seq,64,4,3117416448,2.0004,1558.41,23779.4,163.9,262.2,0,0,nan,58.0,58.7,pm8550_tz
2,direct,seq,64,8,4178771968,2.0011,2088.24,31864.1,241.7,426.8,0,0,nan,58.4,59.5,pm8550_tz
2,direct,seq,128,1,3115712512,2.0002,1557.67,11884.1,78.1,215.2,0,0,nan,59.4,58.9,pm8550_tz
2,direct,seq,128,2,2406744064,2.0004,1203.13,9179.2,216.5,311.2,0,0,nan,58.9,58.5,pm8550_tz
2,direct,seq,128,4,4092592128,2.0004,2045.85,15608.6,249.8,396.2,0,0,nan,58.3,59.3,pm8550_tz
2,direct,seq,128,8,5455347712,2.0007,2726.78,20803.7,374.9,636.0,0,0,nan,59.3,60.5,pm8550_tz
2,direct,seq,256,1,4007657472,2.0002,2003.66,7643.4,119.4,298.2,0,0,nan,60.3,59.9,pm8550_tz
2,direct,seq,256,2,3807903744,2.0003,1903.64,7261.8,271.8,403.5,0,0,nan,59.8,60.0,pm8550_tz
2,direct,seq,256,4,5411962880,2.0005,2705.34,10320.1,377.1,645.2,0,0,nan,59.8,60.8,pm8550_tz
2,direct,seq,256,8,5478023168,2.0009,2737.72,10443.6,753.6,1144.9,0,0,nan,60.5,60.9,pm8550_tz
2,direct,seq,512,1,4809293824,2.0004,2404.21,4585.7,196.8,467.3,0,0,nan,61.0,60.7,pm8550_tz
2,direct,seq,512,2,4507303936,2.0005,2253.07,4297.4,443.6,682.6,0,0,nan,60.3,60.8,pm8550_tz
2,direct,seq,512,4,5436866560,2.0009,2717.17,5182.6,754.2,1131.0,0,0,nan,60.5,61.0,pm8550_tz
2,direct,seq,512,8,5506072576,2.0016,2750.83,5246.8,1509.6,2005.9,0,0,nan,60.9,61.3,pm8550_tz
2,direct,seq,1024,1,4983881728,2.0004,2491.47,2376.1,381.9,820.8,0,0,nan,61.2,60.7,pm8550_tz
2,direct,seq,1024,2,4985978880,2.0007,2492.18,2376.7,840.4,1304.8,0,0,nan,60.4,60.9,pm8550_tz
2,direct,seq,1024,4,5792333824,2.0017,2893.66,2759.6,1430.6,1944.6,0,0,nan,60.7,61.3,pm8550_tz
2,direct,seq,1024,8,5824839680,2.0031,2907.90,2773.2,2864.0,3376.7,0,0,nan,61.0,61.5,pm8550_tz
2,direct,seq,2048,1,5861539840,2.0008,2929.64,1397.0,644.3,1364.6,0,0,nan,61.4,61.3,pm8550_tz
2,direct,seq,2048,2,5551161344,2.0013,2773.74,1322.6,1501.1,2111.9,0,0,nan,60.9,61.4,pm8550_tz
2,direct,seq,2048,4,5200936960,2.0031,2596.49,1238.1,3099.5,4457.9,0,0,nan,61.2,61.3,pm8550_tz
2,direct,seq,2048,8,4848615424,2.0070,2415.87,1152.0,6886.0,8048.3,0,0,nan,61.0,60.9,pm8550_tz
2,direct,seq,4096,1,6098518016,2.0013,3047.22,726.5,1171.5,2261.2,0,0,nan,60.8,61.2,pm8550_tz
2,direct,seq,4096,2,5557452800,2.0033,2774.13,661.4,2984.3,3749.8,0,0,nan,60.9,61.4,pm8550_tz
2,direct,seq,4096,4,5737807872,2.0064,2859.71,681.8,5829.3,6992.6,0,0,nan,61.2,61.2,pm8550_tz
2,direct,seq,4096,8,5079302144,2.0117,2524.91,602.0,13259.1,14900.3,0,0,nan,61.1,61.0,pm8550_tz
2,buffered,rand,4,1,82673664,2.0002,41.33,10091.2,92.7,154.3,0,0,nan,60.9,58.4,pm8550_tz
2,buffered,rand,4,2,171008000,2.0002,85.49,20872.5,88.4,161.6,0,0,nan,58.3,57.2,pm8550_tz
2,buffered,rand,4,4,335765504,2.0004,167.85,40979.8,90.9,179.8,0,0,nan,57.2,59.0,qmx-1-0
2,buffered,rand,4,8,547012608,2.0005,273.43,66755.8,111.7,245.5,0,0,nan,58.7,59.4,qmx-1-1
2,buffered,rand,8,1,152666112,2.0002,76.33,9317.2,103.3,154.4,0,0,nan,57.5,56.2,pm8550_tz
2,buffered,rand,8,2,313032704,2.0003,156.50,19103.5,99.2,171.2,0,0,nan,56.2,56.7,qmx-1-0
2,buffered,rand,8,4,541556736,2.0005,270.71,33046.1,105.8,249.6,0,0,nan,56.1,57.5,qmx-1-1
2,buffered,rand,8,8,815316992,2.0005,407.55,49749.8,144.4,378.3,0,0,nan,56.2,59.0,qmx-1-0
2,buffered,rand,16,1,275382272,2.0003,137.67,8402.9,115.3,165.5,0,0,nan,56.8,56.0,pm8550_tz
2,buffered,rand,16,2,535576576,2.0003,267.75,16342.4,113.2,199.1,0,0,nan,55.9,57.5,qmx-1-0
2,buffered,rand,16,4,951599104,2.0004,475.71,29035.2,122.7,265.6,0,0,nan,56.5,58.3,qmx-1-0
2,buffered,rand,16,8,1348190208,2.0006,673.88,41130.7,179.0,427.2,0,0,nan,56.2,59.8,qmx-1-0
2,buffered,rand,32,1,450592768,2.0003,225.27,6874.6,141.9,195.7,0,0,nan,57.9,56.0,pm8550_tz
2,buffered,rand,32,2,895942656,2.0003,447.90,13668.9,139.3,223.9,0,0,nan,56.0,57.1,qmx-1-0
2,buffered,rand,32,4,1555333120,2.0004,777.52,23728.0,156.4,324.1,0,0,nan,56.3,58.3,qmx-1-0
2,buffered,rand,32,8,2042986496,2.0007,1021.15,31163.1,246.0,492.7,0,0,nan,56.4,59.8,qmx-1-0
2,buffered,rand,64,1,680263680,2.0003,340.09,5189.3,187.4,268.3,0,0,nan,57.9,56.2,pm8550_tz
2,buffered,rand,64,2,1396310016,2.0003,698.07,10651.6,182.6,258.7,0,0,nan,56.2,56.4,pm8550_tz
2,buffered,rand,64,4,2225209344,2.0005,1112.33,16972.8,222.0,435.9,0,0,nan,56.0,58.7,qmx-1-0
2,buffered,rand,64,8,2814509056,2.0008,1406.69,21464.4,354.7,730.4,0,0,nan,57.1,59.8,qmx-1-1
2,buffered,rand,128,1,908722176,2.0002,454.31,3466.1,284.6,361.2,0,0,nan,56.9,56.3,pm8550_tz
2,buffered,rand,128,2,1826095104,2.0003,912.89,6964.8,279.7,395.7,0,0,nan,56.0,56.7,pm8550_tz
2,buffered,rand,128,4,3008233472,2.0005,1503.75,11472.7,334.1,585.9,0,0,nan,56.4,57.9,qmx-1-0
2,buffered,rand,128,8,3574071296,2.0023,1784.99,13618.4,555.4,1234.5,0,0,nan,56.7,60.6,qmx-1-0
2,buffered,rand,256,1,1318060032,2.0007,658.82,2513.2,390.8,622.9,0,0,nan,58.3,57.0,pm8550_tz
2,buffered,rand,256,2,2777153536,2.0005,1388.26,5295.8,368.8,502.7,0,0,nan,56.7,57.6,pm8550_tz
2,buffered,rand,256,4,4521459712,2.0008,2259.79,8620.4,444.0,757.2,0,0,nan,56.9,59.0,qmx-1-0
2,buffered,rand,256,8,5265162240,2.0009,2631.37,10037.9,765.4,1372.3,0,0,nan,57.6,60.2,qmx-1-0
2,buffered,rand,512,1,1601175552,2.0003,800.46,1526.8,648.5,1014.6,0,0,nan,57.9,57.7,pm8550_tz
2,buffered,rand,512,2,3391619072,2.0005,1695.38,3233.7,601.2,846.4,0,0,nan,57.2,58.2,pm8550_tz
2,buffered,rand,512,4,4862246912,2.0011,2429.85,4634.6,807.9,1834.0,0,0,nan,57.2,60.2,cpullc-1-0
2,buffered,rand,512,8,5164236800,2.0019,2579.64,4920.3,1588.4,2303.5,0,0,nan,57.7,60.2,qmx-1-0
2,buffered,rand,1024,1,1766850560,2.0012,882.89,842.0,1173.9,1807.5,0,0,nan,58.2,57.8,pm8550_tz
2,buffered,rand,1024,2,3589275648,2.0012,1793.61,1710.5,1157.8,1521.9,0,0,nan,57.4,58.7,pm8550_tz
2,buffered,rand,1024,4,5250220032,2.0030,2621.13,2499.7,1538.1,3339.1,0,0,nan,57.6,61.0,qmx-1-0
2,buffered,rand,1024,8,5550112768,2.0034,2770.32,2642.0,2989.2,4442.8,0,0,nan,58.2,61.4,qmx-1-0
2,buffered,rand,2048,1,1784676352,2.0012,891.81,425.2,2344.7,3140.0,0,0,nan,58.6,58.5,pm8550_tz
2,buffered,rand,2048,2,3636461568,2.0026,1815.91,865.9,2291.0,2857.5,0,0,nan,57.9,59.1,pm8550_tz
2,buffered,rand,2048,4,5372903424,2.0031,2682.31,1279.0,3066.9,4853.1,0,0,nan,58.3,60.6,cpullc-1-0
2,buffered,rand,2048,8,5656018944,2.0058,2819.80,1344.6,5810.2,9760.2,0,0,nan,58.5,62.1,qmx-1-0
2,buffered,rand,4096,1,1811939328,2.0040,904.14,215.6,4725.4,5614.7,0,0,nan,59.4,58.4,pm8550_tz
2,buffered,rand,4096,2,3548381184,2.0038,1770.86,422.2,4709.3,6364.6,0,0,nan,58.0,59.3,pm8550_tz
2,buffered,rand,4096,4,5486149632,2.0049,2736.36,652.4,6089.6,7347.7,0,0,nan,58.0,60.2,pm8550_tz
2,buffered,rand,4096,8,5704253440,2.0093,2838.94,676.9,11516.6,19272.6,0,0,nan,58.5,60.6,qmx-1-0
2,buffered,seq,64,1,3205627904,2.0002,1602.62,24454.0,14.8,25.4,0,0,nan,58.7,59.0,qmx-1-0
2,buffered,seq,64,2,4769906688,2.0249,2355.62,35943.9,18.4,83.3,0,0,nan,57.5,61.7,qmx-1-0
2,buffered,seq,64,4,5373231104,2.0014,2684.67,40964.8,18.5,86.2,0,0,nan,58.8,62.1,qmx-1-0
2,buffered,seq,64,8,5774245888,2.0540,2811.18,42895.3,22.5,150.6,0,0,nan,59.6,63.7,qmx-1-0
2,buffered,seq,128,1,2859073536,2.0003,1429.32,10904.9,29.3,94.5,0,0,nan,59.4,60.6,qmx-1-0
2,buffered,seq,128,2,4531290112,2.0003,2265.27,17282.6,34.4,109.2,0,0,nan,57.6,61.4,qmx-1-0
2,buffered,seq,128,4,5312741376,2.0037,2651.44,20228.9,32.8,3799.0,0,0,nan,58.7,62.9,qmx-1-0
2,buffered,seq,128,8,5961154560,2.0346,2929.88,22353.2,45.0,2525.3,0,0,nan,59.8,64.1,qmx-1-0
2,buffered,seq,256,1,3352559616,2.0087,1669.02,6366.8,56.2,112.7,0,0,nan,59.8,59.2,ddr
2,buffered,seq,256,2,4830265344,2.0292,2380.35,9080.3,69.0,165.4,0,0,nan,57.9,62.9,qmx-1-0
2,buffered,seq,256,4,5226102784,2.0006,2612.27,9965.0,81.5,4110.4,0,0,nan,58.7,64.1,qmx-1-0
2,buffered,seq,256,8,5948047360,2.0117,2956.74,11279.1,87.0,6895.8,0,0,nan,59.4,64.8,cpullc-1-0
2,buffered,seq,512,1,3215458304,2.0100,1599.76,3051.3,114.2,254.1,0,0,nan,60.2,59.0,qmx-1-1
2,buffered,seq,512,2,4607442944,2.0032,2300.01,4386.9,153.9,378.8,0,0,nan,58.1,63.3,qmx-1-0
2,buffered,seq,512,4,4512546816,2.0033,2252.51,4296.3,133.2,15044.6,0,0,nan,66.4,69.1,qmx-1-0
2,buffered,seq,512,8,4613734400,2.0157,2288.86,4365.6,155.8,43072.4,0,0,nan,70.2,72.9,cpu-0-2-1
2,buffered,seq,1024,1,2949644288,2.0225,1458.40,1390.8,250.6,25538.1,0,0,nan,67.9,69.4,cpu-0-2-1
2,buffered,seq,1024,2,3046113280,2.0128,1513.36,1443.2,258.4,31288.6,0,0,nan,89.9,73.7,cpullc-1-0
2,buffered,seq,1024,4,3303014400,2.0467,1613.81,1539.0,301.9,62116.0,0,0,nan,70.2,73.7,qmx-1-0
2,buffered,seq,1024,8,3912237056,2.0154,1941.14,1851.2,397.5,56383.8,0,0,nan,69.9,69.9,cpullc-0-1
2,buffered,seq,2048,1,2692743168,2.0172,1334.88,636.5,513.6,29080.3,0,0,nan,68.6,67.2,cpullc-0-0
2,buffered,seq,2048,2,3309305856,2.0040,1651.37,787.4,694.3,35259.7,0,0,nan,64.6,67.5,qmx-1-0
2,buffered,seq,2048,4,4087349248,2.0165,2026.94,966.5,804.3,51269.2,0,0,nan,64.1,67.5,qmx-1-1
2,buffered,seq,2048,8,3818913792,2.0610,1852.95,883.6,908.8,134911.4,0,0,nan,64.5,66.8,qmx-1-0
2,buffered,seq,4096,1,2143289344,2.0228,1059.55,252.6,1616.6,41794.9,0,0,nan,64.5,62.3,ddr
2,buffered,seq,4096,2,3271557120,2.0031,1633.22,389.4,1691.2,50374.6,0,0,nan,61.1,62.0,cpu-0-2-1
2,buffered,seq,4096,4,4034920448,2.0169,2000.51,477.0,2242.5,60827.2,0,0,nan,60.8,62.5,cpullc-0-1
2,buffered,seq,4096,8,3741319168,2.0553,1820.36,434.0,4095.6,194544.0,0,0,nan,60.3,62.5,cpullc-0-1
3,direct,rand,4,1,67399680,2.0002,33.70,8226.5,109.5,312.9,0,0,nan,61.1,59.6,ddr
3,direct,rand,4,2,127340544,2.0003,63.66,15542.0,97.9,754.2,0,0,nan,59.6,59.9,ddr
3,direct,rand,4,4,200871936,2.0004,100.42,24515.6,101.2,1413.0,0,0,nan,59.9,60.5,cpu-0-2-1
3,direct,rand,4,8,419221504,2.0005,209.55,51160.7,108.0,1111.1,0,0,nan,60.3,61.0,qmx-1-1
3,direct,rand,8,1,130187264,2.0003,65.09,7945.0,113.8,318.8,0,0,nan,59.9,58.8,ddr
3,direct,rand,8,2,235896832,2.0008,117.90,14392.0,107.0,766.9,0,0,nan,58.8,59.6,ddr
3,direct,rand,8,4,375742464,2.0007,187.80,22925.3,114.4,1355.1,0,0,nan,59.2,61.2,cpu-0-2-1
3,direct,rand,8,8,552124416,2.0008,275.95,33685.9,154.1,1718.5,0,0,nan,61.4,61.0,qmx-1-3
3,direct,rand,16,1,241631232,2.0002,120.80,7373.2,124.5,308.2,0,0,nan,61.0,58.8,ddr
3,direct,rand,16,2,451149824,2.0002,225.55,13766.6,115.4,647.4,0,0,nan,58.7,59.6,ddr
3,direct,rand,16,4,765689856,2.0003,382.79,23363.8,123.1,1079.1,0,0,nan,59.2,59.8,qmx-1-1
3,direct,rand,16,8,1194147840,2.0006,596.90,36431.6,166.5,1429.3,0,0,nan,59.8,60.3,ddr
3,direct,rand,32,1,421199872,2.0003,210.56,6425.9,144.6,340.2,0,0,nan,60.2,58.6,pm8550_tz
3,direct,rand,32,2,911376384,2.0003,455.61,13904.2,132.2,288.0,0,0,nan,58.6,58.9,pm8550_tz
3,direct,rand,32,4,1359314944,2.0005,679.49,20736.4,149.9,1084.3,0,0,nan,58.8,59.2,ddr
3,direct,rand,32,8,1977057280,2.0013,987.87,30147.3,204.1,1717.5,0,0,nan,59.2,60.1,pm8550_tz
3,direct,rand,64,1,698220544,2.0005,349.03,5325.7,168.1,527.0,0,0,nan,59.7,58.9,pm8550_tz
3,direct,rand,64,2,1534066688,2.0005,766.83,11700.9,160.5,318.9,0,0,nan,58.9,59.2,pm8550_tz
3,direct,rand,64,4,2094989312,2.0004,1047.29,15980.4,195.6,1563.9,0,0,nan,59.2,59.6,pm8550_tz
3,direct,rand,64,8,3242590208,2.0008,1620.64,24729.0,258.2,1812.5,0,0,nan,59.4,60.6,pm8550_tz
3,direct,rand,128,1,863240192,2.0029,430.99,3288.2,238.1,1458.4,0,0,nan,60.6,60.6,cpullc-0-1
3,direct,rand,128,2,1501822976,2.0002,750.85,5728.5,244.3,2106.7,0,0,nan,60.6,60.8,cpu-0-3-1
3,direct,rand,128,4,3500146688,2.0005,1749.65,13348.7,280.3,573.7,0,0,nan,60.5,62.4,cpu-0-2-1
3,direct,rand,128,8,4436262912,2.0008,2217.24,16916.2,440.2,973.4,0,0,nan,62.4,61.7,qmx-1-0
3,direct,rand,256,1,1952972800,2.0004,976.31,3724.3,258.9,381.8,0,0,nan,61.4,60.4,pm8550_tz
3,direct,rand,256,2,3682336768,2.0003,1840.89,7022.4,274.0,450.2,0,0,nan,60.3,60.8,pm8550_tz
3,direct,rand,256,4,5214306304,2.0005,2606.48,9943.0,382.9,704.6,0,0,nan,60.7,61.7,pm8550_tz
3,direct,rand,256,8,5295308800,2.0009,2646.40,10095.2,766.2,1253.4,0,0,nan,61.4,62.0,pm8550_tz
3,direct,rand,512,1,2694840320,2.0005,1347.09,2569.4,372.1,542.9,0,0,nan,62.0,60.9,pm8550_tz
3,direct,rand,512,2,4595384320,2.0004,2297.23,4381.6,439.7,689.1,0,0,nan,60.7,61.3,pm8550_tz
3,direct,rand,512,4,5307367424,2.0007,2652.74,5059.7,766.7,1169.8,0,0,nan,61.1,61.7,pm8550_tz
3,direct,rand,512,8,5381816320,2.0016,2688.71,5128.3,1525.1,2142.8,0,0,nan,61.6,62.0,pm8550_tz
3,direct,rand,1024,1,3024093184,2.0005,1511.66,1441.6,691.6,875.0,0,0,nan,61.8,60.9,pm8550_tz
3,direct,rand,1024,2,5061476352,2.0007,2529.80,2412.6,810.7,1229.0,0,0,nan,60.6,61.5,pm8550_tz
3,direct,rand,1024,4,5638193152,2.0015,2817.04,2686.5,1468.9,2062.0,0,0,nan,61.3,61.7,pm8550_tz
3,direct,rand,1024,8,5620367360,2.0028,2806.19,2676.2,2958.4,3656.3,0,0,nan,61.7,62.1,pm8550_tz
3,direct,rand,2048,1,3611295744,2.0010,1804.71,860.6,1161.1,1431.1,0,0,nan,61.9,61.3,pm8550_tz
3,direct,rand,2048,2,5016387584,2.0019,2505.84,1194.9,1656.1,2372.6,0,0,nan,61.1,61.4,pm8550_tz
3,direct,rand,2048,4,4976541696,2.0031,2484.41,1184.7,3355.4,4378.5,0,0,nan,61.3,61.6,pm8550_tz
3,direct,rand,2048,8,4976541696,2.0067,2480.01,1182.6,6701.4,7930.8,0,0,nan,61.3,61.4,pm8550_tz
3,direct,rand,4096,1,4232052736,2.0023,2113.55,503.9,1985.9,2397.2,0,0,nan,61.2,60.9,pm8550_tz
3,direct,rand,4096,2,5398069248,2.0022,2696.02,642.8,3077.6,3868.2,0,0,nan,60.7,61.3,pm8550_tz
3,direct,rand,4096,4,5809111040,2.0050,2897.38,690.8,5761.4,6987.3,0,0,nan,61.2,61.6,pm8550_tz
3,direct,rand,4096,8,5108662272,2.0141,2536.44,604.7,13139.8,15169.3,0,0,nan,61.5,61.4,pm8550_tz
3,direct,seq,64,1,2164129792,2.0002,1081.97,16509.5,57.8,143.0,0,0,nan,61.3,59.8,pm8550_tz
3,direct,seq,64,2,1782120448,2.0002,890.96,13595.0,144.8,191.2,0,0,nan,59.7,59.1,pm8550_tz
3,direct,seq,64,4,2929459200,2.0004,1464.47,22346.0,175.8,264.6,0,0,nan,59.0,59.4,pm8550_tz
3,direct,seq,64,8,4181196800,2.0006,2090.00,31890.9,241.0,425.0,0,0,nan,59.2,60.2,pm8550_tz
3,direct,seq,128,1,3113222144,2.0002,1556.44,11874.7,78.5,218.5,0,0,nan,60.1,59.6,pm8550_tz
3,direct,seq,128,2,2294546432,2.0003,1147.12,8751.8,220.0,310.6,0,0,nan,59.5,59.1,pm8550_tz
3,direct,seq,128,4,3999268864,2.0034,1996.23,15230.1,252.9,419.0,0,0,nan,58.9,59.8,pm8550_tz
3,direct,seq,128,8,5458624512,2.0006,2728.46,20816.5,375.6,626.5,0,0,nan,59.7,60.9,pm8550_tz
3,direct,seq,256,1,3868196864,2.0005,1933.66,7376.3,124.5,291.4,0,0,nan,60.9,60.3,pm8550_tz
3,direct,seq,256,2,3798466560,2.0003,1898.90,7243.7,271.8,399.2,0,0,nan,60.3,60.6,pm8550_tz
3,direct,seq,256,4,5420089344,2.0005,2709.35,10335.3,377.6,636.4,0,0,nan,60.5,61.2,pm8550_tz
3,direct,seq,256,8,5491130368,2.0014,2743.61,10466.0,753.6,1132.0,0,0,nan,61.0,61.6,pm8550_tz
3,direct,seq,512,1,4568645632,2.0005,2283.74,4355.9,207.7,473.6,0,0,nan,61.3,60.9,pm8550_tz
3,direct,seq,512,2,4455399424,2.0006,2227.04,4247.7,451.8,680.7,0,0,nan,60.8,61.0,pm8550_tz
3,direct,seq,512,4,5432672256,2.0009,2715.09,5178.6,754.8,1122.4,0,0,nan,60.8,61.4,pm8550_tz
3,direct,seq,512,8,5508694016,2.0017,2751.96,5248.9,1506.7,2054.2,0,0,nan,61.3,61.8,pm8550_tz
3,direct,seq,1024,1,4918870016,2.0005,2458.87,2345.0,389.5,822.1,0,0,nan,61.6,61.1,pm8550_tz
3,direct,seq,1024,2,4972347392,2.0008,2485.18,2370.1,833.1,1329.0,0,0,nan,60.9,61.3,pm8550_tz
3,direct,seq,1024,4,5813305344,2.0013,2904.83,2770.3,1422.0,1963.0,0,0,nan,61.2,61.8,pm8550_tz
3,direct,seq,1024,8,5272240128,2.0029,2632.30,2510.4,3167.1,3819.2,0,0,nan,61.6,61.8,pm8550_tz
3,direct,seq,2048,1,5773459456,2.0006,2885.85,1376.1,645.6,1375.1,0,0,nan,61.7,61.8,pm8550_tz
3,direct,seq,2048,2,5408555008,2.0014,2702.37,1288.6,1514.9,2259.7,0,0,nan,61.5,61.8,pm8550_tz
3,direct,seq,2048,4,5169479680,2.0033,2580.50,1230.5,3181.8,4092.1,0,0,nan,61.6,61.8,pm8550_tz
3,direct,seq,2048,8,5131730944,2.0059,2558.35,1219.9,6493.7,7594.9,0,0,nan,61.5,61.4,pm8550_tz
3,direct,seq,4096,1,6098518016,2.0008,3048.03,726.7,1192.5,2187.7,0,0,nan,61.5,61.7,pm8550_tz
3,direct,seq,4096,2,5968494592,2.0030,2979.75,710.4,2789.8,3588.9,0,0,nan,61.4,61.7,pm8550_tz
3,direct,seq,4096,4,5586812928,2.0061,2784.90,664.0,5975.0,7192.3,0,0,nan,61.7,61.8,pm8550_tz
3,direct,seq,4096,8,5632950272,2.0120,2799.65,667.5,11900.3,13651.0,0,0,nan,61.7,61.5,pm8550_tz
3,buffered,rand,4,1,82526208,2.0003,41.26,10072.7,94.7,147.0,0,0,nan,61.5,58.7,pm8550_tz
3,buffered,rand,4,2,165261312,2.0002,82.62,20171.1,91.0,166.7,0,0,nan,58.7,57.5,pm8550_tz
3,buffered,rand,4,4,321925120,2.0003,160.93,39290.7,93.4,191.5,0,0,nan,57.4,58.7,qmx-1-0
3,buffered,rand,4,8,438390784,2.0008,219.11,53494.4,144.3,268.2,0,0,nan,57.5,59.4,qmx-1-0
3,buffered,rand,8,1,150495232,2.0002,75.24,9184.4,104.0,155.1,0,0,nan,58.7,56.5,pm8550_tz
3,buffered,rand,8,2,290963456,2.0002,145.47,17757.0,101.4,208.0,0,0,nan,56.6,57.1,qmx-1-1
3,buffered,rand,8,4,559185920,2.0004,279.54,34123.9,104.7,219.6,0,0,nan,56.5,58.3,qmx-1-1
3,buffered,rand,8,8,783818752,2.0013,391.66,47810.1,143.6,414.1,0,0,nan,57.9,59.8,qmx-1-0
3,buffered,rand,16,1,267878400,2.0002,133.92,8174.1,118.3,168.9,0,0,nan,58.7,56.5,pm8550_tz
3,buffered,rand,16,2,551174144,2.0002,275.56,16818.6,112.6,196.6,0,0,nan,56.4,57.5,qmx-1-0
3,buffered,rand,16,4,974176256,2.0004,487.00,29724.1,121.9,252.6,0,0,nan,57.1,58.7,qmx-1-0
3,buffered,rand,16,8,1360379904,2.0006,679.99,41503.4,178.7,429.2,0,0,nan,58.3,59.8,qmx-1-1
3,buffered,rand,32,1,439222272,2.0002,219.59,6701.2,145.3,199.2,0,0,nan,58.7,56.6,pm8550_tz
3,buffered,rand,32,2,911048704,2.0002,455.47,13899.8,136.7,233.7,0,0,nan,56.5,57.5,qmx-1-0
3,buffered,rand,32,4,1551826944,2.0004,775.75,23673.9,155.9,329.5,0,0,nan,57.1,59.4,qmx-1-0
3,buffered,rand,32,8,2038104064,2.0006,1018.75,31089.9,242.7,515.9,0,0,nan,58.3,60.6,qmx-1-0
3,buffered,rand,64,1,673251328,2.0003,336.57,5135.6,190.6,258.1,0,0,nan,59.0,56.6,pm8550_tz
3,buffered,rand,64,2,1385758720,2.0003,692.78,10570.9,182.9,274.9,0,0,nan,56.6,57.1,qmx-1-0
3,buffered,rand,64,4,2173698048,2.0004,1086.61,16580.3,214.6,533.8,0,0,nan,56.7,59.4,qmx-1-0
3,buffered,rand,64,8,2890727424,2.0007,1444.82,22046.2,337.0,764.3,0,0,nan,58.7,61.0,qmx-1-0
3,buffered,rand,128,1,900726784,2.0002,450.31,3435.6,286.5,379.1,0,0,nan,59.0,57.1,pm8550_tz
3,buffered,rand,128,2,1800011776,2.0003,899.86,6865.4,282.9,408.2,0,0,nan,56.9,57.2,pm8550_tz
3,buffered,rand,128,4,2840461312,2.0012,1419.35,10828.8,346.0,734.6,0,0,nan,56.9,59.4,qmx-1-0
3,buffered,rand,128,8,3500933120,2.0009,1749.71,13349.2,544.9,1518.8,0,0,nan,58.3,61.7,qmx-1-0
3,buffered,rand,256,1,1295515648,2.0003,647.66,2470.6,396.1,576.4,0,0,nan,59.4,57.4,pm8550_tz
3,buffered,rand,256,2,2652110848,2.0004,1325.81,5057.6,387.1,567.5,0,0,nan,57.2,58.0,pm8550_tz
3,buffered,rand,256,4,4322230272,2.0006,2160.45,8241.4,468.4,759.3,0,0,nan,57.2,59.8,qmx-1-0
3,buffered,rand,256,8,4719378432,2.0029,2356.33,8988.7,765.8,4112.7,0,0,nan,57.8,61.4,qmx-1-0
3,buffered,rand,512,1,1566572544,2.0007,783.01,1493.5,663.6,866.6,0,0,nan,59.0,58.0,pm8550_tz
3,buffered,rand,512,2,3178233856,2.0008,1588.50,3029.8,643.5,944.7,0,0,nan,57.5,58.6,pm8550_tz
3,buffered,rand,512,4,4360503296,2.0029,2177.05,4152.4,813.4,4848.8,0,0,nan,57.7,59.8,qmx-1-0
3,buffered,rand,512,8,4635754496,2.0018,2315.85,4417.1,1559.9,7956.7,0,0,nan,57.9,61.7,qmx-1-0
3,buffered,rand,1024,1,1680867328,2.0009,840.05,801.1,1247.3,1681.1,0,0,nan,59.4,58.0,pm8550_tz
3,buffered,rand,1024,2,3278897152,2.0040,1636.18,1560.4,1233.1,2250.1,0,0,nan,57.6,58.9,pm8550_tz
3,buffered,rand,1024,4,4598005760,2.0018,2296.92,2190.5,1581.2,6962.3,0,0,nan,57.8,60.6,qmx-1-0
3,buffered,rand,1024,8,4857004032,2.0051,2422.31,2310.1,2956.2,15016.2,0,0,nan,58.3,63.7,qmx-1-0
3,buffered,rand,2048,1,1700790272,2.0018,849.61,405.1,2482.7,3083.1,0,0,nan,59.8,58.3,pm8550_tz
3,buffered,rand,2048,2,3454009344,2.0026,1724.80,822.4,2413.5,3052.4,0,0,nan,57.9,59.0,pm8550_tz
3,buffered,rand,2048,4,4777312256,2.0035,2384.50,1137.0,3151.8,9993.5,0,0,nan,57.9,60.6,qmx-1-0
3,buffered,rand,2048,8,5152702464,2.0107,2562.68,1222.0,5834.4,19975.4,0,0,nan,58.3,62.9,qmx-1-0
3,buffered,rand,4096,1,1774190592,2.0011,886.59,211.4,4688.9,6711.7,0,0,nan,59.2,58.5,pm8550_tz
3,buffered,rand,4096,2,3435134976,2.0034,1714.63,408.8,4877.4,5927.1,0,0,nan,57.9,59.0,pm8550_tz
3,buffered,rand,4096,4,4823449600,2.0060,2404.51,573.3,6255.6,17758.8,0,0,nan,58.1,61.7,qmx-1-0
3,buffered,rand,4096,8,5163188224,2.0150,2562.42,610.9,11594.1,34955.3,0,0,nan,58.7,63.3,qmx-1-0
3,buffered,seq,64,1,2949971968,2.0184,1461.52,22301.0,14.3,38.4,0,0,nan,59.4,59.4,qmx-1-1
3,buffered,seq,64,2,4168024064,2.0004,2083.57,31792.8,18.6,79.8,0,0,nan,59.0,62.1,qmx-1-0
3,buffered,seq,64,4,4604952576,2.0199,2279.81,34787.2,17.9,104.2,0,0,nan,59.0,61.7,qmx-1-0
3,buffered,seq,64,8,5301731328,2.0071,2641.44,40305.2,22.4,141.4,0,0,nan,59.4,64.1,qmx-1-0
3,buffered,seq,128,1,2641494016,2.0004,1320.49,10074.5,32.0,95.2,0,0,nan,59.8,60.2,qmx-1-0
3,buffered,seq,128,2,4403363840,2.0330,2165.92,16524.6,35.1,113.9,0,0,nan,59.2,61.7,qmx-1-0
3,buffered,seq,128,4,5006032896,2.0073,2493.97,19027.5,38.3,3534.5,0,0,nan,59.8,62.9,qmx-1-0
3,buffered,seq,128,8,5574754304,2.0219,2757.13,21035.2,43.3,4256.4,0,0,nan,60.2,64.5,qmx-1-0
3,buffered,seq,256,1,2815688704,2.0130,1398.75,5335.8,58.1,149.9,0,0,nan,60.2,60.2,qmx-1-0
3,buffered,seq,256,2,4473487360,2.0013,2235.32,8527.1,72.7,174.8,0,0,nan,59.6,62.5,qmx-1-0
3,buffered,seq,256,4,5002756096,2.0083,2491.08,9502.7,74.2,4176.0,0,0,nan,60.2,63.3,qmx-1-0
3,buffered,seq,256,8,5265948672,2.0743,2538.64,9684.2,83.6,15283.9,0,0,nan,61.4,64.5,qmx-1-0
3,buffered,seq,512,1,2879913984,2.0031,1437.72,2742.2,119.2,246.2,0,0,nan,60.6,61.4,qmx-1-1
3,buffered,seq,512,2,4698669056,2.0089,2338.95,4461.2,147.7,4287.3,0,0,nan,60.2,62.9,qmx-1-0
3,buffered,seq,512,4,5036834816,2.0014,2516.63,4800.1,157.8,9670.2,0,0,nan,60.2,64.1,qmx-1-0
3,buffered,seq,512,8,5833228288,2.0087,2903.96,5538.9,184.4,17485.2,0,0,nan,60.2,64.5,cpullc-1-0
3,buffered,seq,1024,1,2989490176,2.0004,1494.43,1425.2,231.0,26182.9,0,0,nan,61.0,61.7,qmx-1-0
3,buffered,seq,1024,2,4896849920,2.0036,2444.04,2330.8,305.6,30089.1,0,0,nan,60.2,64.8,qmx-1-0
3,buffered,seq,1024,4,5007998976,2.0042,2498.76,2383.0,316.0,61672.2,0,0,nan,61.0,64.5,cpullc-1-0
3,buffered,seq,1024,8,5916065792,2.0101,2943.17,2806.8,391.9,104544.0,0,0,nan,61.4,65.2,qmx-1-0
3,buffered,seq,2048,1,2879389696,2.0139,1429.77,681.8,513.1,30216.4,0,0,nan,61.0,61.0,qmx-1-1
3,buffered,seq,2048,2,4695523328,2.0120,2333.81,1112.8,629.2,36386.4,0,0,nan,60.6,64.8,qmx-1-0
3,buffered,seq,2048,4,5161091072,2.0295,2543.02,1212.6,647.8,70436.1,0,0,nan,60.6,65.2,qmx-1-0
3,buffered,seq,2048,8,5775556608,2.0371,2835.14,1351.9,857.0,150487.0,0,0,nan,61.7,65.2,cpullc-1-0
3,buffered,seq,4096,1,2814377984,2.0063,1402.78,334.4,1055.8,34590.6,0,0,nan,62.1,62.1,qmx-1-0
3,buffered,seq,4096,2,4307550208,2.0278,2124.26,506.5,1320.1,48823.9,0,0,nan,61.0,63.3,qmx-1-0
3,buffered,seq,4096,4,5138022400,2.0331,2527.13,602.5,1374.0,78995.0,0,0,nan,60.7,64.8,qmx-1-0
3,buffered,seq,4096,8,5557452800,2.0385,2726.19,650.0,1614.8,160157.5,0,0,nan,62.1,66.0,qmx-1-0
done; direct I/O supported. Results in ufs_15r.csv
EXIT=0
