2026-09-19T00:34:01+05:30 start; waiting for the phone lock
2026-09-19T00:38:02+05:30 pinprobe: 
2026-09-19T00:40:40+05:30 stopped: adb lost at ~00:38 (device offline during the pinprobe push; 5555 refused afterwards); pinprobe did not run
2026-09-19T00:41:16+05:30 start; waiting for adb (lost at ~00:38)
2026-09-19T01:25:26+05:30 adb back: uptime=[13064.06 36311.17] boot=[1  ]
2026-09-19T01:25:26+05:30 waiting for the phone lock
2026-09-19T01:25:48+05:30 pinprobe: BW kgsl_GBps=62.93 malloc_GBps=61.74 ratio=1.019 (medians of 5; runs kgsl: 58.96 62.93 64.07 63.32 4.25 malloc: 62.18 63.21 61.74 58.40 54.44) REREAD kgsl_majflt=0 kgsl_s=0.033 malloc_majflt=196608 malloc_s=0.919 VERDICT BUILD (a: bw ratio 1.019 >= 0.95 -> 1; b: control malloc majflt 196608 > 1000 -> 1, kgsl 0 < 1% -> 1) sink=0 
2026-09-19T01:26:48+05:30 gx window: gx run_phone_m6 01:26:04
2026-09-19T01:28:49+05:30 gx window closed after 2 min (lock now: '')
2026-09-19T01:31:55+05:30 pulled /data/local/tmp/moe-stream/bmoe_kgsl_smoke_20260919_0128/
2026-09-19T01:31:55+05:30 kgsl smoke ok=1 :: generation: 64 tokens, 0.183 s/token (5.477 tok/s) generation: 64 tokens, 0.156 s/token (6.409 tok/s) bmoe: slot-arena: slots 5408 reused 24497 blocks 169 (kgsl), kgsl 4605 MiB bmoe: slot-arena: slots 5408 reused 24497 blocks 169 (kgsl), kgsl 4605 MiB 
2026-09-19T01:31:55+05:30 kgsl A/B start
2026-09-19T01:32:54+05:30 [night3] start: waiting for the kgsl A/B
2026-09-19T01:36:16+05:30 [night3] start (0022 engine): waiting for the kgsl A/B
2026-09-19T02:08:28+05:30 [night3] kgsl A/B ended without DONE (/data/local/tmp/moe-stream/bmoe_kgsl_ab_20260919_0131/)
2026-09-19T02:08:29+05:30 [night3] kgsl A/B pulled: /run/media/santhankumar/New Volume/identifying-variation/moe-phone/results/2026-09-19/bmoe_kgsl/bmoe_kgsl_ab_20260919_0131
2026-09-19T02:23:32+05:30 [night3] gx window: no gx run within 15 min
2026-09-19T02:23:33+05:30 [night3] gtier variant 1 (GTIER_VARIANT file: present)
2026-09-19T02:28:09+05:30 [night3] pulled /data/local/tmp/moe-stream/bmoe_gtier_smoke_20260919_0223/
2026-09-19T02:28:09+05:30 [night3] gtier smoke ok=0 dev= risk= :: generation: 64 tokens, 0.220 s/token (4.546 tok/s) 
2026-09-19T02:28:14+05:30 [night3] phone restored
2026-09-19T02:29:25+05:30 [night3] [tier] start (script fixed: --gpu-spin-wait 1)
